Component: ARM Compiler 5.06 update 1 (build 61) Tool: armlink [4d35a8]

==============================================================================

Section Cross References

    flashb.o(i.bFlashAutoSelect) refers to flashb.o(i.bFlashWrite) for bFlashWrite
    flashb.o(i.bFlashAutoSelect) refers to flashb.o(i.bFlashRead) for bFlashRead
    flashb.o(i.bFlashAutoSelect) refers to flashb.o(.constdata) for BlockOffset
    flashb.o(i.bFlashBlockErase) refers to flashb.o(i.bFlashAutoSelect) for bFlashAutoSelect
    flashb.o(i.bFlashBlockErase) refers to flashb.o(i.bFlashWrite) for bFlashWrite
    flashb.o(i.bFlashBlockErase) refers to flashb.o(i.bFlashRead) for bFlashRead
    flashb.o(i.bFlashBlockErase) refers to flashb.o(i.bFlashDataToggle) for bFlashDataToggle
    flashb.o(i.bFlashBlockErase) refers to flashb.o(i.bFlashReadReset) for bFlashReadReset
    flashb.o(i.bFlashBlockErase) refers to flashb.o(.constdata) for BlockOffset
    flashb.o(i.bFlashChipErase) refers to flashb.o(i.bFlashAutoSelect) for bFlashAutoSelect
    flashb.o(i.bFlashChipErase) refers to flashb.o(i.bFlashWrite) for bFlashWrite
    flashb.o(i.bFlashChipErase) refers to flashb.o(i.bFlashDataToggle) for bFlashDataToggle
    flashb.o(i.bFlashChipErase) refers to flashb.o(i.bFlashReadReset) for bFlashReadReset
    flashb.o(i.bFlashDataToggle) refers to flashb.o(i.bFlashRead) for bFlashRead
    flashb.o(i.bFlashMBlockErase) refers to flashb.o(i.bFlashAutoSelect) for bFlashAutoSelect
    flashb.o(i.bFlashMBlockErase) refers to flashb.o(i.bFlashWrite) for bFlashWrite
    flashb.o(i.bFlashMBlockErase) refers to flashb.o(i.bFlashRead) for bFlashRead
    flashb.o(i.bFlashMBlockErase) refers to flashb.o(i.bFlashDataToggle) for bFlashDataToggle
    flashb.o(i.bFlashMBlockErase) refers to flashb.o(i.bFlashReadReset) for bFlashReadReset
    flashb.o(i.bFlashMBlockErase) refers to flashb.o(.constdata) for BlockOffset
    flashb.o(i.bFlashProgram) refers to flashb.o(i.bFlashAutoSelect) for bFlashAutoSelect
    flashb.o(i.bFlashProgram) refers to flashb.o(i.wFlashProgramAWord) for wFlashProgramAWord
    flashb.o(i.bFlashProgram) refers to flashb.o(.constdata) for BlockOffset
    flashb.o(i.bFlashReadReset) refers to flashb.o(i.bFlashWrite) for bFlashWrite
    flashb.o(i.bFlashReadReset) refers to flashb.o(i.bFlashPause) for bFlashPause
    flashb.o(i.wFlashProgramAWord) refers to flashb.o(i.bFlashWrite) for bFlashWrite
    flashb.o(i.wFlashProgramAWord) refers to flashb.o(i.wFlashWrite) for wFlashWrite
    flashb.o(i.wFlashProgramAWord) refers to flashb.o(i.bFlashDataToggle) for bFlashDataToggle
    flashb.o(i.wFlashProgramAWord) refers to flashb.o(i.bFlashReadReset) for bFlashReadReset
    fsmc_sram.o(i.FSMC_IOInit) refers to stm32f10x_rcc.o(i.RCC_APB2PeriphClockCmd) for RCC_APB2PeriphClockCmd
    fsmc_sram.o(i.FSMC_IOInit) refers to stm32f10x_gpio.o(i.GPIO_Init) for GPIO_Init
    fsmc_sram.o(i.FSMC_Init) refers to stm32f10x_rcc.o(i.RCC_AHBPeriphClockCmd) for RCC_AHBPeriphClockCmd
    fsmc_sram.o(i.FSMC_Init) refers to fsmc_sram.o(i.FSMC_IOInit) for FSMC_IOInit
    fsmc_sram.o(i.FSMC_Init) refers to stm32f10x_fsmc.o(i.FSMC_NORSRAMInit) for FSMC_NORSRAMInit
    fsmc_sram.o(i.FSMC_Init) refers to stm32f10x_fsmc.o(i.FSMC_NORSRAMCmd) for FSMC_NORSRAMCmd
    fsmc_sram.o(i.SRAM_ReadBuffer) refers to memcpya.o(.text) for __aeabi_memcpy
    fsmc_sram.o(i.SRAM_WriteBuffer) refers to memcpya.o(.text) for __aeabi_memcpy
    interface.o(i.Beep) refers to keyboard.o(.data) for beep_len
    interface.o(i.Bell) refers to interface.o(i.Beep) for Beep
    interface.o(i.Bios) refers to print_main.o(i.RSPrint) for RSPrint
    interface.o(i.Bios) refers to strlen.o(.text) for strlen
    interface.o(i.Bios) refers to usart.o(i.USART_printf) for USART_printf
    interface.o(i.Bios) refers to memory.o(.bss) for ApplVar
    interface.o(i.Bios_1) refers to print_main.o(i.Get_Printer_status) for Get_Printer_status
    interface.o(i.Bios_1) refers to print_main.o(i.RSPrint) for RSPrint
    interface.o(i.Bios_1) refers to led_customer.o(i.LED_On) for LED_On
    interface.o(i.Bios_1) refers to led_customer.o(i.PutsO_Saved) for PutsO_Saved
    interface.o(i.Bios_1) refers to led_customer.o(i.LED_Off) for LED_Off
    interface.o(i.Bios_1) refers to keyboard.o(i.EnableBeep) for EnableBeep
    interface.o(i.Bios_1) refers to interface.o(i.Beep) for Beep
    interface.o(i.Bios_1) refers to rtc.o(i.rtc_gettime) for rtc_gettime
    interface.o(i.Bios_1) refers to rtc.o(i.rtc_settime) for rtc_settime
    interface.o(i.Bios_1) refers to keyboard.o(i.CheckKeyboard) for CheckKeyboard
    interface.o(i.Bios_1) refers to usart.o(i.USART_printf) for USART_printf
    interface.o(i.Bios_1) refers to print_def.o(.data) for Printer_Status
    interface.o(i.Bios_1) refers to memory.o(.bss) for ApplVar
    interface.o(i.Bios_1) refers to interface.o(.data) for rtc_date
[...]
    0x08011f18   0x000003cc   Code   RO         3907    i.GPRSDownloadEcrPLUData  gprs.o
    0x080122e4   0x0000002c   Code   RO         3908    i.GPRSHand          gprs.o
    0x08012310   0x00000064   Code   RO         3909    i.GPRSReadAString   gprs.o
    0x08012374   0x00000090   Code   RO         3911    i.GPRSRegisterTCPIP  gprs.o
    0x08012404   0x00000064   Code   RO         3912    i.GPRSReset         gprs.o
    0x08012468   0x00000084   Code   RO         3913    i.GPRSSIM_Exist     gprs.o
    0x080124ec   0x00000026   Code   RO         3914    i.GPRSSendAString   gprs.o
    0x08012512   0x00000010   Code   RO         3915    i.GPRSSendByte      gprs.o
    0x08012522   0x00000002   PAD
    0x08012524   0x000000f4   Code   RO         3916    i.GPRSSendECRData   gprs.o
    0x08012618   0x000002e0   Code   RO         3918    i.GPRSSendECR_LOG   gprs.o
    0x080128f8   0x00000054   Code   RO         3919    i.GPRSSendECR_LOG_All  gprs.o
    0x0801294c   0x0000003c   Code   RO         3920    i.GPRSSendHEX       gprs.o
    0x08012988   0x00000020   Code   RO         3922    i.GPRSSend_ATE0     gprs.o
    0x080129a8   0x00000040   Code   RO         3924    i.GPRSSkipReceived  gprs.o
    0x080129e8   0x0000019c   Code   RO         3925    i.GPRSStartGprs     gprs.o
    0x08012b84   0x000000a0   Code   RO         3926    i.GPRSWaitForOK     gprs.o
    0x08012c24   0x0000018c   Code   RO         3927    i.GPRSWaitForReady  gprs.o
    0x08012db0   0x0000001c   Code   RO         3928    i.GPRS_DownloadALL  gprs.o
    0x08012dcc   0x00000024   Code   RO         3929    i.GPRS_DownloadCLERK  gprs.o
    0x08012df0   0x00000024   Code   RO         3930    i.GPRS_DownloadDEPT  gprs.o
    0x08012e14   0x0000001c   Code   RO         3931    i.GPRS_DownloadHEAD  gprs.o
    0x08012e30   0x00000024   Code   RO         3932    i.GPRS_DownloadPLU  gprs.o
    0x08012e54   0x0000001c   Code   RO         3933    i.GPRS_DownloadPTRAIL  gprs.o
    0x08012e70   0x000000ac   Code   RO         3934    i.GPRS_DrawSignal   gprs.o
    0x08012f1c   0x00000eb4   Code   RO         3935    i.GPRS_ProcessRecord  gprs.o
    0x08013dd0   0x00000028   Code   RO         3936    i.GPRS_Restart      gprs.o
    0x08013df8   0x000000f0   Code   RO         3937    i.GPRS_SetSendMode  gprs.o
    0x08013ee8   0x00000008   Code   RO         4800    i.GetActiveItemStr  menu.o
    0x08013ef0   0x00000154   Code   RO         5503    i.GetBCDValue       program.o
    0x08014044   0x00000070   Code   RO         5442    i.GetByte           progopt.o
    0x080140b4   0x00000034   Code   RO         5504    i.GetByteValue      program.o
    0x080140e8   0x00000028   Code   RO         2232    i.GetClerkOffSet    clerk.o
    0x08014110   0x00000028   Code   RO         2364    i.GetCorrecOffSet   correc.o
    0x08014138   0x00000028   Code   RO         2406    i.GetCurrOffSet     currency.o
    0x08014160   0x000000c8   Code   RO         2407    i.GetCurrency       currency.o
    0x08014228   0x000000ac   Code   RO         2649    i.GetDaysFrom1900   extmodules.o
    0x080142d4   0x00000028   Code   RO         2447    i.GetDeptOffSet     depart.o
    0x080142fc   0x000000a0   Code   RO         5443    i.GetDevicePort     progopt.o
    0x0801439c   0x00000028   Code   RO         2500    i.GetDiscOffSet     discount.o
    0x080143c4   0x00000028   Code   RO         2553    i.GetDrawerOffSet   drawer.o
    0x080143ec   0x00000020   Code   RO        10454    i.GetEPRxAddr       usb_regs.o
    0x0801440c   0x00000024   Code   RO        10455    i.GetEPRxCount      usb_regs.o
    0x08014430   0x00000020   Code   RO        10457    i.GetEPTxAddr       usb_regs.o
    0x08014450   0x00000044   Code   RO         4686    i.GetEntry          main.o
    0x08014494   0x00000028   Code   RO         3265    i.GetFirmkeyID      firmkey.o
    0x080144bc   0x00000028   Code   RO         4165    i.GetGroupOffSet    group.o
    0x080144e4   0x0000014c   Code   RO         5505    i.GetHEXValue       program.o
    0x08014630   0x00000044   Code   RO         5444    i.GetHexBytes       progopt.o
    0x08014674   0x00000020   Code   RO         4380    i.GetICBlockOffSet  iccardblock.o
    0x08014694   0x000000d8   Code   RO         5506    i.GetIP             program.o
    0x0801476c   0x00000064   Code   RO         4801    i.GetInputByListItems  menu.o
    0x080147d0   0x00000114   Code   RO         3266    i.GetInputForMenu   firmkey.o
    0x080148e4   0x00000058   Code   RO         5125    i.GetLinkNumber     plu.o
    0x0801493c   0x00000028   Code   RO         4928    i.GetModiOffSet     modifier.o
    0x08014964   0x000001a4   Code   RO         4929    i.GetModifier       modifier.o
    0x08014b08   0x00000070   Code   RO         2141    i.GetNumric         chninput.o
    0x08014b78   0x00000028   Code   RO         4958    i.GetOFFPriceOffSet  offprice.o
    0x08014ba0   0x0000084c   Code   RO         5445    i.GetOpt            progopt.o
    0x080153ec   0x00000028   Code   RO         4997    i.GetPbFOffSet      pb.o
    0x08015414   0x0000017c   Code   RO         4998    i.GetPbNumber       pb.o
    0x08015590   0x00000034   Code   RO         4999    i.GetPbtOffSet      pb.o
    0x080155c4   0x00000038   Code   RO         5126    i.GetPluNumber      plu.o
    0x080155fc   0x00000028   Code   RO         5127    i.GetPluOffSet      plu.o
    0x08015624   0x000000f0   Code   RO         2448    i.GetPluPrint       depart.o
    0x08015714   0x00000028   Code   RO         5235    i.GetPoRaOffSet     pora.o
    0x0801573c   0x00000084   Code   RO         5446    i.GetPortRate       progopt.o
    0x080157c0   0x000000f0   Code   RO         3350    i.GetReceiptNumber  fiscal.o
    0x080158b0   0x0000051c   Code   RO         4769    i.GetRecordSize     memory.o
    0x08015dcc   0x00000474   Code   RO         5951    i.GetReport         report.o
    0x08016240   0x0000003c   Code   RO         1992    i.GetStrFr          chndisp.o
    0x0801627c   0x00000130   Code   RO         2651    i.GetStrFrKBD       extmodules.o
    0x080163ac   0x00000180   Code   RO         5507    i.GetString         program.o
    0x0801652c   0x000001c8   Code   RO         2142    i.GetStringCHN      chninput.o
    0x080166f4   0x0000017c   Code   RO         5952    i.GetSystemReport   report.o
    0x08016870   0x000001f0   Code   RO         6392    i.GetTaskFromPool   print_main.o
    0x08016a60   0x00000028   Code   RO         6223    i.GetTaxOffSet      tax.o
    0x08016a88   0x00000028   Code   RO         6279    i.GetTenderOffSet   tender.o
    0x08016ab0   0x00000074   Code   RO         2652    i.GetTimeDate       extmodules.o
    0x08016b24   0x000000e0   Code   RO         6315    i.GetTimeZones      timer.o
    0x08016c04   0x00000038   Code   RO         2653    i.GetWeekDay        extmodules.o
    0x08016c3c   0x00000068   Code   RO         3764    i.GetWordEntry      general.o
    0x08016ca4   0x00000094   Code   RO         5508    i.GetWordValue      program.o
    0x08016d38   0x00000098   Code   RO         6393    i.Get_Printer_status  print_main.o
    0x08016dd0   0x00000034   Code   RO        10148    i.Get_SerialNum     hw_config.o
    0x08016e04   0x00000060   Code   RO          607    i.Getch             keyboard.o
    0x08016e64   0x0000003c   Code   RO         1994    i.GotoXY            chndisp.o
    0x08016ea0   0x0000006c   Code   RO         1431    i.GregorianDay      rtc.o
    0x08016f0c   0x0000004c   Code   RO         2654    i.HEXtoASC          extmodules.o
    0x08016f58   0x00000070   Code   RO         2655    i.HEXtoASCX0        extmodules.o
    0x08016fc8   0x000000cc   Code   RO          283    i.HW_GPIOInit       interface.o
    0x08017094   0x00000004   Code   RO          932    i.HardFault_Handler  stm32f10x_it.o
    0x08017098   0x000002c4   Code   RO         4196    i.HardTest          hardtest.o
    0x0801735c   0x0000004e   Code   RO         2656    i.HexToLong64       extmodules.o
    0x080173aa   0x0000005e   Code   RO         5509    i.IPToNum           program.o
    0x08017408   0x00000070   Code   RO        10822    i.In0_Process       usb_core.o
    0x08017478   0x00000012   Code   RO         4802    i.IncRecIndex       menu.o
    0x0801748a   0x00000002   Code   RO         4423    i.InitAgree         initappl.o
    0x0801748c   0x00000aec   Code   RO         4424    i.InitApplication   initappl.o
    0x08017f78   0x00000070   Code   RO         4425    i.InitClerk         initappl.o
    0x08017fe8   0x00000058   Code   RO         4426    i.InitCorrec        initappl.o
    0x08018040   0x0000005c   Code   RO         4427    i.InitCurr          initappl.o
    0x0801809c   0x00000104   Code   RO         4428    i.InitDept          initappl.o
    0x080181a0   0x0000005c   Code   RO         4429    i.InitDisc          initappl.o
    0x080181fc   0x00000058   Code   RO         4430    i.InitDrawer        initappl.o
    0x08018254   0x00000020   Code   RO         4311    i.InitECRVIP        iccard.o
    0x08018274   0x00000030   Code   RO         4431    i.InitGraph         initappl.o
    0x080182a4   0x00000084   Code   RO         4432    i.InitGroup         initappl.o
    0x08018328   0x00000050   Code   RO         4433    i.InitKeyMacro      initappl.o
    0x08018378   0x00000074   Code   RO         4434    i.InitModifier      initappl.o
    0x080183ec   0x00000044   Code   RO          684    i.InitMonitor       monitor.o
    0x08018430   0x0000005c   Code   RO         4435    i.InitOFFPrice      initappl.o
    0x0801848c   0x00000118   Code   RO         4436    i.InitPbF           initappl.o
    0x080185a4   0x0000012c   Code   RO         4437    i.InitPlu           initappl.o
    0x080186d0   0x00000058   Code   RO         4438    i.InitPoRa          initappl.o
    0x08018728   0x0000004c   Code   RO         4439    i.InitPort          initappl.o
    0x08018774   0x00000002   Code   RO         4440    i.InitSalPer        initappl.o
    0x08018776   0x00000002   PAD
    0x08018778   0x000000a0   Code   RO         5510    i.InitSysFlag       program.o
    0x08018818   0x00000058   Code   RO         4441    i.InitTax           initappl.o
    0x08018870   0x00000058   Code   RO         4442    i.InitTender        initappl.o
    0x080188c8   0x0000005c   Code   RO         3451    i.Init_Flow         flowbill.o
    0x08018924   0x00000144   Code   RO         4443    i.Initial_DateTime  initappl.o
    0x08018a68   0x000000a0   Code   RO         2144    i.InputEXASCII      chninput.o
    0x08018b08   0x000001ac   Code   RO         2658    i.InputWord         extmodules.o
    0x08018cb4   0x000000bc   Code   RO         2659    i.InputYesNo        extmodules.o
    0x08018d70   0x0000003e   Code   RO        10149    i.IntToUnicode      hw_config.o
    0x08018dae   0x00000002   PAD
    0x08018db0   0x0000008c   Code   RO         5447    i.InvertBit         progopt.o
    0x08018e3c   0x000001c8   Code   RO         4615    i.IssueKp           kp.o
    0x08019004   0x0000000c   Code   RO         2660    i.JFeed             extmodules.o
    0x08019010   0x0000006c   Code   RO         4687    i.KbHit             main.o
    0x0801907c   0x0000000c   Code   RO          608    i.KeyBoardDeInit    keyboard.o
    0x08019088   0x00000010   Code   RO          609    i.KeyBoardInit      keyboard.o
    0x08019098   0x00000328   Code   RO         4688    i.KeyInput          main.o
    0x080193c0   0x0000006c   Code   RO         4616    i.KpEnd             kp.o
    0x0801942c   0x00000194   Code   RO         4617    i.KpHeader          kp.o
    0x080195c0   0x0000000e   Code   RO         1495    i.LED_Delay         led_customer.o
    0x080195ce   0x00000002   PAD
    0x080195d0   0x00000064   Code   RO         1496    i.LED_Init          led_customer.o
    0x08019634   0x00000024   Code   RO         1497    i.LED_Off           led_customer.o
    0x08019658   0x0000000c   Code   RO         1498    i.LED_On            led_customer.o
    0x08019664   0x00000064   Code   RO         1499    i.LED_Refresh       led_customer.o
    0x080196c8   0x00000040   Code   RO         1500    i.LED_SendBit       led_customer.o
    0x08019708   0x00000070   Code   RO         1501    i.LED_SendData      led_customer.o
    0x08019778   0x00000024   Code   RO        10150    i.Leave_LowPowerMode  hw_config.o
    0x0801979c   0x000000b4   Code   RO         2661    i.LeftShiftBCD      extmodules.o
    0x08019850   0x0000078c   Code   RO         2145    i.LineEditor        chninput.o
    0x08019fdc   0x0000001c   Code   RO         4381    i.ListICBlock       iccardblock.o
    0x08019ff8   0x000009f0   Code   RO         4803    i.ListItems         menu.o
    0x0801a9e8   0x00000334   Code   RO         3452    i.LoadReceipLog     flowbill.o
    0x0801ad1c   0x0000015c   Code   RO         5128    i.LookPlu           plu.o
    0x0801ae78   0x00000204   Code   RO         2662    i.MGFunctions       extmodules.o
    0x0801b07c   0x000000a0   Code   RO         5883    i.MakeTime          report2.o
    0x0801b11c   0x00000004   Code   RO          933    i.MemManage_Handler  stm32f10x_it.o
    0x0801b120   0x0000024c   Code   RO         4804    i.MenuMain          menu.o
    0x0801b36c   0x00000030   Code   RO         6395    i.Move_Motor        print_main.o
    0x0801b39c   0x00000288   Code   RO         2663    i.Multiply          extmodules.o
    0x0801b624   0x00000002   Code   RO          934    i.NMI_Handler       stm32f10x_it.o
    0x0801b626   0x00000002   Code   RO        10823    i.NOP_Process       usb_core.o
    0x0801b628   0x00000070   Code   RO         7135    i.NVIC_Init         misc.o
    0x0801b698   0x00000014   Code   RO         7136    i.NVIC_PriorityGroupConfig  misc.o
    0x0801b6ac   0x00000028   Code   RO         1194    i.NVIC_SDConfiguration  sdio_sd.o
    0x0801b6d4   0x000002e8   Code   RO         5511    i.NewProgSysFlag    program.o
    0x0801b9bc   0x00000038   Code   RO         3369    i.NewReceipt        fixed.o
    0x0801b9f4   0x0000033c   Code   RO         6316    i.NewTimeDate       timer.o
    0x0801bd30   0x00000138   Code   RO        10824    i.NoData_Setup0     usb_core.o
    0x0801be68   0x00000084   Code   RO         5512    i.NumToIP           program.o
    0x0801beec   0x00000014   Code   RO         2554    i.OpenDrawer        drawer.o
    0x0801bf00   0x00000030   Code   RO         1995    i.OpenMess          chndisp.o
    0x0801bf30   0x00000050   Code   RO        10825    i.Out0_Process      usb_core.o
    0x0801bf80   0x00000026   Code   RO         4689    i.OutPrint          main.o
    0x0801bfa6   0x00000002   PAD
    0x0801bfa8   0x0000003c   Code   RO         4690    i.OutPrintEx        main.o
    0x0801bfe4   0x00000028   Code   RO        10991    i.PMAToUserBufferCopy  usb_mem.o
    0x0801c00c   0x000000a4   Code   RO         6396    i.PRNDataPort_Init  print_main.o
    0x0801c0b0   0x00000002   Code   RO         6397    i.PRNFeedPort_Init  print_main.o
    0x0801c0b2   0x00000002   PAD
    0x0801c0b4   0x00000054   Code   RO         6398    i.PRNPePwPort_Init  print_main.o
    0x0801c108   0x000000e0   Code   RO         6399    i.PRNTIMER_Init     print_main.o
    0x0801c1e8   0x00000074   Code   RO         6400    i.PRNTempPort_Init  print_main.o
    0x0801c25c   0x0000000c   Code   RO         8640    i.PWR_BackupAccessCmd  stm32f10x_pwr.o
    0x0801c268   0x0000038c   Code   RO         5236    i.PaidOutRa         pora.o
    0x0801c5f4   0x000002e4   Code   RO         5084    i.PbBuffer          pbbuffer.o
    0x0801c8d8   0x000013e4   Code   RO         5000    i.PbFunction        pb.o
    0x0801dcbc   0x0000026c   Code   RO         5001    i.PbTotal           pb.o
    0x0801df28   0x00000002   Code   RO          935    i.PendSV_Handler    stm32f10x_it.o
    0x0801df2a   0x00000022   Code   RO         5953    i.PeriodSkip        report.o
    0x0801df4c   0x000000f0   Code   RO         5954    i.Plu_XReport       report.o
    0x0801e03c   0x000001a8   Code   RO         4312    i.PointsByECRVIP    iccard.o
    0x0801e1e4   0x00000028   Code   RO         2665    i.PosOfFuncKey      extmodules.o
    0x0801e20c   0x00000048   Code   RO        10826    i.Post0_Process     usb_core.o
    0x0801e254   0x00000040   Code   RO        10103    i.PowerOn           usb_pwr.o
    0x0801e294   0x00000080   Code   RO         5305    i.PrePrintHead      print.o
    0x0801e314   0x00000734   Code   RO         5306    i.PrintAllons       print.o
    0x0801ea48   0x00000014   Code   RO         5307    i.PrintAmt          print.o
    0x0801ea5c   0x00000268   Code   RO         4618    i.PrintArticle      kp.o
    0x0801ecc4   0x000004c8   Code   RO         4197    i.PrintConfInf      hardtest.o
    0x0801f18c   0x000000e4   Code   RO         5955    i.PrintCorrec       report.o
    0x0801f270   0x00000040   Code   RO         5956    i.PrintCorrecReport  report.o
    0x0801f2b0   0x00000040   Code   RO         5957    i.PrintCurrReport   report.o
    0x0801f2f0   0x00000088   Code   RO         5958    i.PrintCurrency     report.o
    0x0801f378   0x000000ac   Code   RO         5959    i.PrintDept         report.o
    0x0801f424   0x00000040   Code   RO         5960    i.PrintDeptReport   report.o
    0x0801f464   0x00000390   Code   RO         5129    i.PrintDept_PLU     plu.o
    0x0801f7f4   0x00000044   Code   RO         5961    i.PrintDisc         report.o
    0x0801f838   0x00000040   Code   RO         5962    i.PrintDiscReport   report.o
    0x0801f878   0x00000040   Code   RO         5963    i.PrintDrawReport   report.o
    0x0801f8b8   0x0000004c   Code   RO         5964    i.PrintDrawer       report.o
    0x0801f904   0x000002b0   Code   RO         4313    i.PrintECRVIP       iccard.o
    0x0801fbb4   0x000000cc   Code   RO         3453    i.PrintFlowQtyAmt   flowbill.o
    0x0801fc80   0x00000070   Code   RO         2667    i.PrintGraphics     extmodules.o
    0x0801fcf0   0x00000088   Code   RO         5965    i.PrintGroup        report.o
    0x0801fd78   0x00000040   Code   RO         5966    i.PrintGroupReport  report.o
    0x0801fdb8   0x000000ec   Code   RO         5308    i.PrintHead1        print.o
    0x0801fea4   0x00000002   Code   RO         4314    i.PrintICMessage    iccard.o
    0x0801fea6   0x00000002   PAD
    0x0801fea8   0x000000a0   Code   RO         2668    i.PrintKeyboard     extmodules.o
    0x0801ff48   0x00000168   Code   RO         4619    i.PrintKp           kp.o
    0x080200b0   0x00000024   Code   RO         5309    i.PrintLine         print.o
    0x080200d4   0x0000003c   Code   RO         4198    i.PrintLine2        hardtest.o
    0x08020110   0x000000b0   Code   RO         4805    i.PrintMGMenu       menu.o
    0x080201c0   0x00000024   Code   RO         3766    i.PrintMessage      general.o
    0x080201e4   0x00000068   Code   RO         2449    i.PrintModifiers    depart.o
    0x0802024c   0x00000054   Code   RO         5002    i.PrintNewBal       pb.o
    0x080202a0   0x00000094   Code   RO         3370    i.PrintNumber       fixed.o
    0x08020334   0x00000358   Code   RO         5967    i.PrintOpenPb       report.o
    0x0802068c   0x00000080   Code   RO         5968    i.PrintPb           report.o
    0x0802070c   0x00000078   Code   RO         5969    i.PrintPbF          report.o
    0x08020784   0x00000048   Code   RO         5970    i.PrintPbFReport    report.o
    0x080207cc   0x000001c0   Code   RO         5003    i.PrintPbHeader     pb.o
    0x0802098c   0x00000288   Code   RO         5085    i.PrintPbItem       pbbuffer.o
    0x08020c14   0x000000f8   Code   RO         4620    i.PrintPbKp         kp.o
    0x08020d0c   0x000000d8   Code   RO         3768    i.PrintPbTrailer    general.o
    0x08020de4   0x0000004c   Code   RO         5971    i.PrintPbtReport    report.o
    0x08020e30   0x000000ac   Code   RO         5972    i.PrintPlu          report.o
    0x08020edc   0x00000054   Code   RO         5973    i.PrintPluReport    report.o
    0x08020f30   0x0000008c   Code   RO         5974    i.PrintPoRa         report.o
    0x08020fbc   0x00000040   Code   RO         5975    i.PrintPoRaReport   report.o
    0x08020ffc   0x00000134   Code   RO         5976    i.PrintPointReport  report.o
    0x08021130   0x0000012c   Code   RO         5884    i.PrintPointType    report2.o
    0x0802125c   0x00000014   Code   RO         5310    i.PrintQty          print.o
    0x08021270   0x00000688   Code   RO         5311    i.PrintQtyAmt       print.o
    0x080218f8   0x000000fc   Code   RO         5312    i.PrintRJ           print.o
    0x080219f4   0x00000044   Code   RO         5977    i.PrintRange        report.o
    0x08021a38   0x000004d4   Code   RO         5313    i.PrintRegiInfo     print.o
    0x08021f0c   0x000007b8   Code   RO         5978    i.PrintReport       report.o
    0x080226c4   0x0000010c   Code   RO         5885    i.PrintReportHeader  report2.o
    0x080227d0   0x0000009c   Code   RO         5979    i.PrintReportType   report.o
    0x0802286c   0x0000006c   Code   RO         3769    i.PrintSaleQty      general.o
    0x080228d8   0x0000015c   Code   RO         3267    i.PrintSetupMenu    firmkey.o
    0x08022a34   0x00000174   Code   RO         5314    i.PrintSlip         print.o
    0x08022ba8   0x00000128   Code   RO         5315    i.PrintSlipPage     print.o
    0x08022cd0   0x00000012   Code   RO         5316    i.PrintStr          print.o
    0x08022ce2   0x00000002   PAD
    0x08022ce4   0x000000a8   Code   RO         2669    i.PrintStr_Center   extmodules.o
    0x08022d8c   0x00000138   Code   RO         5980    i.PrintTax          report.o
    0x08022ec4   0x00000040   Code   RO         5981    i.PrintTaxReport    report.o
    0x08022f04   0x00000040   Code   RO         5982    i.PrintTendReport   report.o
    0x08022f44   0x0000004c   Code   RO         5983    i.PrintTender       report.o
    0x08022f90   0x00000910   Code   RO         3770    i.PrintTotal        general.o
    0x080238a0   0x00000118   Code   RO         4199    i.PrintVersion      hardtest.o
    0x080239b8   0x00000290   Code   RO         4806    i.PrintXZMenu       menu.o
    0x08023c48   0x000000f8   Code   RO         6401    i.Print_Download_Image  print_main.o
    0x08023d40   0x00000074   Code   RO         6403    i.Print_Initial     print_main.o
    0x08023db4   0x00000010   Code   RO         6404    i.PrnTemperature    print_main.o
    0x08023dc4   0x000001d0   Code   RO         6405    i.Prn_CalcHotTime   print_main.o
    0x08023f94   0x00000044   Code   RO         6406    i.Prn_task00_Stop   print_main.o
    0x08023fd8   0x000000bc   Code   RO         6407    i.Prn_task01_Start  print_main.o
    0x08024094   0x000000f0   Code   RO         6408    i.Prn_task02_PrintChar  print_main.o
    0x08024184   0x0000007c   Code   RO         6409    i.Prn_task03_PrintGraphic  print_main.o
    0x08024200   0x000000f8   Code   RO         6410    i.Prn_task04_FeedPaper  print_main.o
    0x080242f8   0x00000058   Code   RO         6411    i.Prn_task05_FeedHalf  print_main.o
    0x08024350   0x00000d4c   Code   RO         1908    i.ProBuf            buffer.o
    0x0802509c   0x00000158   Code   RO         1909    i.ProBuf2           buffer.o
    0x080251f4   0x00000558   Code   RO         1910    i.ProcessBuffer     buffer.o
    0x0802574c   0x00001040   Code   RO         2450    i.ProcessDept       depart.o
    0x0802678c   0x000002e8   Code   RO         1911    i.ProcessDeptRecord  buffer.o
    0x08026a74   0x000000cc   Code   RO         3371    i.ProcessFuncLook   fixed.o
    0x08026b40   0x000001f0   Code   RO         4691    i.ProcessFunctions  main.o
    0x08026d30   0x00000468   Code   RO         4692    i.ProcessKey        main.o
    0x08027198   0x0000012c   Code   RO         3372    i.ProcessKeyMacro   fixed.o
    0x080272c4   0x00000274   Code   RO         5130    i.ProcessOnePlu     plu.o
    0x08027538   0x00000558   Code   RO         5086    i.ProcessPbBuffer   pbbuffer.o
    0x08027a90   0x000001ec   Code   RO         5131    i.ProcessPlu        plu.o
    0x08027c7c   0x000018a4   Code   RO         2265    i.ProcessRecord     computer.o
    0x08029520   0x000000c8   Code   RO         5886    i.ProcessXFunc      report2.o
    0x080295e8   0x000000f8   Code   RO         5887    i.ProcessZFunc      report2.o
    0x080296e0   0x000000f8   Code   RO         5514    i.ProgBalance       program.o
    0x080297d8   0x0000007c   Code   RO         5515    i.ProgBarcodeReader  program.o
    0x08029854   0x00000134   Code   RO         5516    i.ProgClerk         program.o
    0x08029988   0x000000c8   Code   RO         5517    i.ProgCorrec        program.o
    0x08029a50   0x00000154   Code   RO         5518    i.ProgCurr          program.o
    0x08029ba4   0x000002c4   Code   RO         5519    i.ProgDEPTFields    program.o
    0x08029e68   0x00000234   Code   RO         5520    i.ProgDate          program.o
    0x0802a09c   0x0000020c   Code   RO         5521    i.ProgDept          program.o
    0x0802a2a8   0x0000011c   Code   RO         5522    i.ProgDevice        program.o
    0x0802a3c4   0x0000022c   Code   RO         5523    i.ProgDisc          program.o
    0x0802a5f0   0x000000c8   Code   RO         5524    i.ProgDraw          program.o
    0x0802a6b8   0x00000280   Code   RO         4315    i.ProgECRVIPPoints  iccard.o
    0x0802a938   0x000000e0   Code   RO         5525    i.ProgExtPrinter    program.o
    0x0802aa18   0x000000ec   Code   RO         5526    i.ProgGroup         program.o
    0x0802ab04   0x00000204   Code   RO         5527    i.ProgHeader        program.o
    0x0802ad08   0x00000058   Code   RO         5528    i.ProgHost          program.o
    0x0802ad60   0x0000027c   Code   RO         5529    i.ProgIC            program.o
    0x0802afdc   0x00000240   Code   RO         5531    i.ProgIP            program.o
    0x0802b21c   0x00000190   Code   RO         5532    i.ProgKPrn          program.o
    0x0802b3ac   0x0000015c   Code   RO         5533    i.ProgKeyMacro      program.o
    0x0802b508   0x000000d0   Code   RO         5534    i.ProgModi          program.o
    0x0802b5d8   0x0000010c   Code   RO         5536    i.ProgNewVIP        program.o
    0x0802b6e4   0x0000020c   Code   RO         5537    i.ProgOFF           program.o
    0x0802b8f0   0x0000035c   Code   RO         5538    i.ProgPLUFields     program.o
    0x0802bc4c   0x0000012c   Code   RO         5539    i.ProgPbF           program.o
    0x0802bd78   0x00000130   Code   RO         5540    i.ProgPbInfo        program.o
    0x0802bea8   0x000001f8   Code   RO         5541    i.ProgPlu           program.o
    0x0802c0a0   0x00000110   Code   RO         5542    i.ProgPoRa          program.o
    0x0802c1b0   0x00000148   Code   RO         5543    i.ProgPointType     program.o
    0x0802c2f8   0x00000160   Code   RO         5544    i.ProgPrnGraph      program.o
    0x0802c458   0x000001c4   Code   RO         5545    i.ProgPromotion     program.o
    0x0802c61c   0x0000013c   Code   RO         5546    i.ProgReport        program.o
    0x0802c758   0x00000002   Code   RO         5547    i.ProgSalPer        program.o
    0x0802c75a   0x00000002   PAD
    0x0802c75c   0x000001cc   Code   RO         5548    i.ProgSlip          program.o
    0x0802c928   0x000000c8   Code   RO         5549    i.ProgSlipHead      program.o
    0x0802c9f0   0x000002f0   Code   RO         5550    i.ProgSysFlag       program.o
    0x0802cce0   0x000000a0   Code   RO         5551    i.ProgSysMes        program.o
    0x0802cd80   0x00000114   Code   RO         5552    i.ProgTax           program.o
    0x0802ce94   0x0000012c   Code   RO         5553    i.ProgTend          program.o
    0x0802cfc0   0x00000110   Code   RO         5554    i.ProgTime          program.o
    0x0802d0d0   0x00000208   Code   RO         5555    i.ProgTrailer       program.o
    0x0802d2d8   0x000000c8   Code   RO         5556    i.ProgZone          program.o
    0x0802d3a0   0x000001c8   Code   RO         5429    i.ProgramDump       progdump.o
    0x0802d568   0x0000005c   Code   RO         3771    i.PromotionBeep     general.o
    0x0802d5c4   0x00000150   Code   RO         3772    i.PromtionCheck     general.o
    0x0802d714   0x000000d4   Code   RO         1502    i.PutsO             led_customer.o
    0x0802d7e8   0x00000014   Code   RO         1503    i.PutsO_Saved       led_customer.o
    0x0802d7fc   0x00000018   Code   RO         8700    i.RCC_ADCCLKConfig  stm32f10x_rcc.o
    0x0802d814   0x00000020   Code   RO         8701    i.RCC_AHBPeriphClockCmd  stm32f10x_rcc.o
    0x0802d834   0x00000020   Code   RO         8702    i.RCC_APB1PeriphClockCmd  stm32f10x_rcc.o
    0x0802d854   0x00000020   Code   RO         8704    i.RCC_APB2PeriphClockCmd  stm32f10x_rcc.o
    0x0802d874   0x00000014   Code   RO         8708    i.RCC_ClearFlag     stm32f10x_rcc.o
    0x0802d888   0x000000d4   Code   RO         8712    i.RCC_GetClocksFreq  stm32f10x_rcc.o
    0x0802d95c   0x0000003c   Code   RO         8713    i.RCC_GetFlagStatus  stm32f10x_rcc.o
    0x0802d998   0x00000034   Code   RO         8720    i.RCC_LSEConfig     stm32f10x_rcc.o
    0x0802d9cc   0x0000000c   Code   RO         8727    i.RCC_RTCCLKCmd     stm32f10x_rcc.o
    0x0802d9d8   0x00000010   Code   RO         8728    i.RCC_RTCCLKConfig  stm32f10x_rcc.o
    0x0802d9e8   0x0000000c   Code   RO         8730    i.RCC_USBCLKConfig  stm32f10x_rcc.o
    0x0802d9f4   0x0000001e   Code   RO         2671    i.RFeed             extmodules.o
    0x0802da12   0x00000002   PAD
    0x0802da14   0x00000444   Code   RO         6412    i.RSPrint           print_main.o
    0x0802de58   0x00000014   Code   RO         8902    i.RTC_EnterConfigMode  stm32f10x_rtc.o
    0x0802de6c   0x00000014   Code   RO         8903    i.RTC_ExitConfigMode  stm32f10x_rtc.o
    0x0802de80   0x0000002c   Code   RO         8904    i.RTC_GetCounter    stm32f10x_rtc.o
    0x0802deac   0x00000020   Code   RO         8908    i.RTC_ITConfig      stm32f10x_rtc.o
    0x0802decc   0x0000001c   Code   RO         8910    i.RTC_SetCounter    stm32f10x_rtc.o
    0x0802dee8   0x00000020   Code   RO         8911    i.RTC_SetPrescaler  stm32f10x_rtc.o
    0x0802df08   0x00000014   Code   RO         8912    i.RTC_WaitForLastTask  stm32f10x_rtc.o
    0x0802df1c   0x00000024   Code   RO         8913    i.RTC_WaitForSynchro  stm32f10x_rtc.o
    0x0802df40   0x00000060   Code   RO         4200    i.RWRand            hardtest.o
    0x0802dfa0   0x0000008c   Code   RO         2233    i.ReadClerk         clerk.o
    0x0802e02c   0x00000034   Code   RO         2672    i.ReadComm          extmodules.o
    0x0802e060   0x0000002c   Code   RO         2365    i.ReadCorrec        correc.o
    0x0802e08c   0x0000001c   Code   RO         2408    i.ReadCurr          currency.o
    0x0802e0a8   0x00000084   Code   RO         2451    i.ReadDept          depart.o
    0x0802e12c   0x0000002c   Code   RO         2502    i.ReadDisc          discount.o
    0x0802e158   0x0000001c   Code   RO         2555    i.ReadDrawer        drawer.o
    0x0802e174   0x00000074   Code   RO         4316    i.ReadECRVIPVar     iccard.o
    0x0802e1e8   0x00000140   Code   RO         2673    i.ReadFlagsList     extmodules.o
    0x0802e328   0x00000044   Code   RO         3454    i.ReadFrLogRam      flowbill.o
    0x0802e36c   0x0000003c   Code   RO         4807    i.ReadFromMsg       menu.o
    0x0802e3a8   0x00000030   Code   RO         2674    i.ReadFuncLook      extmodules.o
    0x0802e3d8   0x00000050   Code   RO         2675    i.ReadGraphic       extmodules.o
    0x0802e428   0x0000002c   Code   RO         4166    i.ReadGroup         group.o
    0x0802e454   0x0000004c   Code   RO         2676    i.ReadHeader        extmodules.o
    0x0802e4a0   0x00000014   Code   RO         4384    i.ReadICBlock       iccardblock.o
    0x0802e4b4   0x0000012c   Code   RO         4808    i.ReadItemCaption   menu.o
    0x0802e5e0   0x00000030   Code   RO         4621    i.ReadKP            kp.o
    0x0802e610   0x00000024   Code   RO         2677    i.ReadKeyDesList    extmodules.o
    0x0802e634   0x00000024   Code   RO         2678    i.ReadKeyMacro      extmodules.o
    0x0802e658   0x00000028   Code   RO         4930    i.ReadModi          modifier.o
    0x0802e680   0x00000028   Code   RO         2679    i.ReadNumric        extmodules.o
    0x0802e6a8   0x000000b0   Code   RO         4961    i.ReadOFFPrice      offprice.o
    0x0802e758   0x00000014   Code   RO         5004    i.ReadPBTable       pb.o
    0x0802e76c   0x0000001c   Code   RO         5005    i.ReadPbF           pb.o
    0x0802e788   0x000002f4   Code   RO         5132    i.ReadPlu           plu.o
    0x0802ea7c   0x0000009c   Code   RO         5133    i.ReadPluDept       plu.o
    0x0802eb18   0x00000028   Code   RO         5134    i.ReadPluStock      plu.o
    0x0802eb40   0x0000001c   Code   RO         5237    i.ReadPoRa          pora.o
    0x0802eb5c   0x00000034   Code   RO         5272    i.ReadPort          port.o
    0x0802eb90   0x00000024   Code   RO          284    i.ReadRam           interface.o
    0x0802ebb4   0x0000000c   Code   RO         4809    i.ReadRecIndex      menu.o
    0x0802ebc0   0x000000f8   Code   RO         2267    i.ReadRecord        computer.o
    0x0802ecb8   0x00000020   Code   RO         2680    i.ReadRepUnit       extmodules.o
    0x0802ecd8   0x00000002   Code   RO         6177    i.ReadSalPer        salper.o
    0x0802ecda   0x00000002   PAD
    0x0802ecdc   0x00000020   Code   RO         2681    i.ReadSlipHeader    extmodules.o
    0x0802ecfc   0x00000040   Code   RO         6224    i.ReadTax           tax.o
    0x0802ed3c   0x00000028   Code   RO         6280    i.ReadTender        tender.o
    0x0802ed64   0x0000013c   Code   RO         3773    i.ReadTotal         general.o
    0x0802eea0   0x0000004c   Code   RO         2682    i.ReadTrail         extmodules.o
    0x0802eeec   0x00000010   Code   RO        10236    i.ReadUSB           usb_endp.o
    0x0802eefc   0x000000cc   Code   RO         2268    i.ReadUSBRecord     computer.o
    0x0802efc8   0x00000020   Code   RO         2683    i.ReadXZReport      extmodules.o
    0x0802efe8   0x00000058   Code   RO         2684    i.ReadZone          extmodules.o
    0x0802f040   0x000000bc   Code   RO         3455    i.Read_Flow         flowbill.o
    0x0802f0fc   0x00000040   Code   RO         4317    i.RecallECRVIP      iccard.o
    0x0802f13c   0x00000114   Code   RO         3456    i.RecallFlowHead    flowbill.o
    0x0802f250   0x0000008c   Code   RO         1996    i.RecallScreen      chndisp.o
    0x0802f2dc   0x00000094   Code   RO         4444    i.Recall_ApplRam    initappl.o
    0x0802f370   0x00000098   Code   RO         4445    i.Recall_Config     initappl.o
    0x0802f408   0x00000444   Code   RO         5317    i.ReceiptIssue      print.o
    0x0802f84c   0x000000c0   Code   RO         3774    i.RegiEnd           general.o
    0x0802f90c   0x00000204   Code   RO         3775    i.RegiInit          general.o
    0x0802fb10   0x00000230   Code   RO         3776    i.RegiStart         general.o
    0x0802fd40   0x00000030   Code   RO         5318    i.ReleaseSlip       print.o
    0x0802fd70   0x00000278   Code   RO         5888    i.ReportEnd         report2.o
    0x0802ffe8   0x00000014   Code   RO         3457    i.ResetECRFlow      flowbill.o
    0x0802fffc   0x00000044   Code   RO         5984    i.ResetReport       report.o
    0x08030040   0x000000a0   Code   RO         4446    i.ResetStartAddress  initappl.o
    0x080300e0   0x00000002   Code   RO         6413    i.Reset_printer     print_main.o
    0x080300e2   0x00000002   PAD
    0x080300e4   0x0000005c   Code   RO         6414    i.Restart_Motor     print_main.o
    0x08030140   0x000003f0   Code   RO         4447    i.Restore_Sales_Data  initappl.o
    0x08030530   0x000000d0   Code   RO        10104    i.Resume            usb_pwr.o
    0x08030600   0x00000024   Code   RO        10105    i.Resume_Init       usb_pwr.o
    0x08030624   0x00000130   Code   RO         2685    i.RoundBcd          extmodules.o
    0x08030754   0x00000016   Code   RO         6225    i.RoundTaxable      tax.o
    0x0803076a   0x00000002   PAD
    0x0803076c   0x00000160   Code   RO         1195    i.SDEnWideBus       sdio_sd.o
    0x080308cc   0x0000000c   Code   RO         8991    i.SDIO_ClearFlag    stm32f10x_sdio.o
    0x080308d8   0x0000000c   Code   RO         8992    i.SDIO_ClearITPendingBit  stm32f10x_sdio.o
    0x080308e4   0x0000000c   Code   RO         8993    i.SDIO_ClockCmd     stm32f10x_sdio.o
    0x080308f0   0x00000030   Code   RO         8997    i.SDIO_DataConfig   stm32f10x_sdio.o
    0x08030920   0x00000024   Code   RO         8999    i.SDIO_DeInit       stm32f10x_sdio.o
    0x08030944   0x0000000c   Code   RO         9000    i.SDIO_GetCommandResponse  stm32f10x_sdio.o
    0x08030950   0x00000018   Code   RO         9003    i.SDIO_GetFlagStatus  stm32f10x_sdio.o
    0x08030968   0x00000010   Code   RO         9005    i.SDIO_GetPowerState  stm32f10x_sdio.o
    0x08030978   0x00000018   Code   RO         9006    i.SDIO_GetResponse  stm32f10x_sdio.o
    0x08030990   0x00000008   Code   RO          936    i.SDIO_IRQHandler   stm32f10x_it.o
    0x08030998   0x00000020   Code   RO         9007    i.SDIO_ITConfig     stm32f10x_sdio.o
    0x080309b8   0x00000030   Code   RO         9008    i.SDIO_Init         stm32f10x_sdio.o
    0x080309e8   0x0000000c   Code   RO         9009    i.SDIO_ReadData     stm32f10x_sdio.o
    0x080309f4   0x0000002c   Code   RO         9011    i.SDIO_SendCommand  stm32f10x_sdio.o
    0x08030a20   0x0000000c   Code   RO         9013    i.SDIO_SetPowerState  stm32f10x_sdio.o
    0x08030a2c   0x000000b4   Code   RO         1198    i.SD_EnableWideBusOperation  sdio_sd.o
    0x08030ae0   0x00000324   Code   RO         1200    i.SD_GetCardInfo    sdio_sd.o
    0x08030e04   0x00000090   Code   RO         1206    i.SD_Init           sdio_sd.o
    0x08030e94   0x00000168   Code   RO         1207    i.SD_InitializeCards  sdio_sd.o
    0x08030ffc   0x00000074   Code   RO         1211    i.SD_LowLevel_Init  sdio_sd.o
    0x08031070   0x000001b8   Code   RO         1213    i.SD_PowerON        sdio_sd.o
    0x08031228   0x00000058   Code   RO         1214    i.SD_ProcessIRQSrc  sdio_sd.o
    0x08031280   0x00000040   Code   RO         1217    i.SD_SelectDeselect  sdio_sd.o
    0x080312c0   0x00000018   Code   RO         9181    i.SPI_Cmd           stm32f10x_spi.o
    0x080312d8   0x00000018   Code   RO         6415    i.SPI_For_Printer   print_main.o
    0x080312f0   0x00000012   Code   RO         9189    i.SPI_I2S_GetFlagStatus  stm32f10x_spi.o
    0x08031302   0x00000004   Code   RO         9193    i.SPI_I2S_SendData  stm32f10x_spi.o
    0x08031306   0x0000003c   Code   RO         9194    i.SPI_Init          stm32f10x_spi.o
    0x08031342   0x0000005a   Code   RO          221    i.SRAM_Move         fsmc_sram.o
    0x0803139c   0x00000026   Code   RO          222    i.SRAM_ReadBuffer   fsmc_sram.o
    0x080313c2   0x00000026   Code   RO          223    i.SRAM_WriteBuffer  fsmc_sram.o
    0x080313e8   0x00000054   Code   RO         1569    i.ST7565R_IO_Init   lcd_st7565r.o
    0x0803143c   0x00000012   Code   RO         1570    i.ST7565R_NOP       lcd_st7565r.o
    0x0803144e   0x00000002   PAD
    0x08031450   0x00000058   Code   RO         1571    i.ST7565R_SendData  lcd_st7565r.o
    0x080314a8   0x00000024   Code   RO         1572    i.ST7565R_WR_CMD    lcd_st7565r.o
    0x080314cc   0x00000024   Code   RO         1573    i.ST7565R_WR_DATA   lcd_st7565r.o
    0x080314f0   0x000000dc   Code   RO          285    i.STM32_Initial     interface.o
    0x080315cc   0x00000020   Code   RO         3458    i.SUB_SCANFP        flowbill.o
    0x080315ec   0x00000002   Code   RO          937    i.SVC_Handler       stm32f10x_it.o
    0x080315ee   0x00000002   PAD
    0x080315f0   0x0000002c   Code   RO        10237    i.SaveToUSBQuery    usb_endp.o
    0x0803161c   0x0000008c   Code   RO         4448    i.Save_ApplRam      initappl.o
    0x080316a8   0x0000009c   Code   RO         4449    i.Save_Config       initappl.o
    0x08031744   0x000000b0   Code   RO         4450    i.Save_ConfigApplVar  initappl.o
    0x080317f4   0x0000001c   Code   RO         1997    i.ScreenFeed        chndisp.o
    0x08031810   0x00000048   Code   RO         1998    i.ScrollScreen      chndisp.o
    0x08031858   0x000001cc   Code   RO         2234    i.SelectClerk       clerk.o
    0x08031a24   0x00000070   Code   RO         5557    i.SelectGraphic     program.o
    0x08031a94   0x000000bc   Code   RO         2686    i.SelectKeyCode     extmodules.o
    0x08031b50   0x00000002   Code   RO         6178    i.SelectSalPer      salper.o
    0x08031b52   0x00000014   Code   RO         2687    i.SendComm          extmodules.o
    0x08031b66   0x00000002   PAD
    0x08031b68   0x00000038   Code   RO         2270    i.SendComp          computer.o
    0x08031ba0   0x000000f8   Code   RO         4622    i.SendExtPrinter    kp.o
    0x08031c98   0x000000f0   Code   RO         2271    i.SendRecord        computer.o
    0x08031d88   0x00000028   Code   RO         2272    i.SendString        computer.o
    0x08031db0   0x00000010   Code   RO        10238    i.SendUSB           usb_endp.o
    0x08031dc0   0x000000ee   Code   RO         2273    i.SendUSBRecord     computer.o
    0x08031eae   0x00000010   Code   RO        10239    i.SendUSBString     usb_endp.o
    0x08031ebe   0x00000002   PAD
    0x08031ec0   0x00000020   Code   RO         6416    i.Send_Byte         print_main.o
    0x08031ee0   0x00000052   Code   RO         2688    i.SetBCDPoint       extmodules.o
    0x08031f32   0x00000002   PAD
    0x08031f34   0x00000010   Code   RO        10465    i.SetBTABLE         usb_regs.o
    0x08031f44   0x00000044   Code   RO         2689    i.SetComm           extmodules.o
    0x08031f88   0x00000050   Code   RO        10827    i.SetDeviceAddress  usb_core.o
    0x08031fd8   0x00000024   Code   RO        10479    i.SetEPRxAddr       usb_regs.o
    0x08031ffc   0x0000004c   Code   RO        10480    i.SetEPRxCount      usb_regs.o
    0x08032048   0x00000040   Code   RO        10481    i.SetEPRxStatus     usb_regs.o
    0x08032088   0x00000034   Code   RO        10482    i.SetEPRxValid      usb_regs.o
    0x080320bc   0x00000020   Code   RO        10483    i.SetEPTxAddr       usb_regs.o
    0x080320dc   0x0000001c   Code   RO        10484    i.SetEPTxCount      usb_regs.o
    0x080320f8   0x00000040   Code   RO        10485    i.SetEPTxStatus     usb_regs.o
    0x08032138   0x00000034   Code   RO        10486    i.SetEPTxValid      usb_regs.o
    0x0803216c   0x00000024   Code   RO        10487    i.SetEPType         usb_regs.o
    0x08032190   0x0000007c   Code   RO         2146    i.SetEditPosition   chninput.o
    0x0803220c   0x00000098   Code   RO         6418    i.SetFontOffset_char  print_main.o
    0x080322a4   0x0000027c   Code   RO         2690    i.SetKeyboard       extmodules.o
    0x08032520   0x0000020c   Code   RO         2691    i.SetPassword       extmodules.o
    0x0803272c   0x00000074   Code   RO         1912    i.SetPrintLayOut    buffer.o
    0x080327a0   0x0000002c   Code   RO          286    i.SetRTS            interface.o
    0x080327cc   0x0000000a   Code   RO         4810    i.SetRecIndex       menu.o
    0x080327d6   0x00000008   Code   RO         7083    i.SetSysClock       system_stm32f10x.o
    0x080327de   0x00000002   PAD
    0x080327e0   0x000000e0   Code   RO         7084    i.SetSysClockTo72   system_stm32f10x.o
    0x080328c0   0x00000084   Code   RO         2692    i.SetTimeDate       extmodules.o
    0x08032944   0x000000fc   Code   RO         5889    i.SetUpReport       report2.o
    0x08032a40   0x00000020   Code   RO         6419    i.Set_HotPIN        print_main.o
    0x08032a60   0x0000004c   Code   RO         6420    i.Set_Hot_Data      print_main.o
    0x08032aac   0x00000024   Code   RO         6421    i.Set_Hot_Group     print_main.o
    0x08032ad0   0x00000012   Code   RO         6422    i.Set_Motor_Speed   print_main.o
    0x08032ae2   0x00000002   PAD
    0x08032ae4   0x00000028   Code   RO        10151    i.Set_System        hw_config.o
    0x08032b0c   0x00000012   Code   RO        10152    i.Set_USBClock      hw_config.o
    0x08032b1e   0x00000002   PAD
    0x08032b20   0x000000b8   Code   RO        10828    i.Setup0_Process    usb_core.o
    0x08032bd8   0x00000028   Code   RO         5319    i.SlipMargin        print.o
    0x08032c00   0x0000016c   Code   RO        10829    i.Standard_ClearFeature  usb_core.o
    0x08032d6c   0x0000002c   Code   RO        10830    i.Standard_GetConfiguration  usb_core.o
    0x08032d98   0x00000024   Code   RO        10831    i.Standard_GetDescriptorData  usb_core.o
    0x08032dbc   0x0000002c   Code   RO        10832    i.Standard_GetInterface  usb_core.o
    0x08032de8   0x00000100   Code   RO        10833    i.Standard_GetStatus  usb_core.o
    0x08032ee8   0x00000048   Code   RO        10834    i.Standard_SetConfiguration  usb_core.o
    0x08032f30   0x00000028   Code   RO        10835    i.Standard_SetDeviceFeature  usb_core.o
    0x08032f58   0x000000d0   Code   RO        10836    i.Standard_SetEndPointFeature  usb_core.o
    0x08033028   0x0000006c   Code   RO        10837    i.Standard_SetInterface  usb_core.o
    0x08033094   0x00000080   Code   RO         6423    i.Start_Hot         print_main.o
    0x08033114   0x0000008c   Code   RO         6424    i.Start_Motor       print_main.o
    0x080331a0   0x000000b4   Code   RO         6425    i.Start_When_Ready  print_main.o
    0x08033254   0x00000020   Code   RO         6426    i.Stop_Motor        print_main.o
    0x08033274   0x00000610   Code   RO         1913    i.StoreInBuffer     buffer.o
    0x08033884   0x000007d0   Code   RO         1914    i.StoreInBuffer2    buffer.o
    0x08034054   0x00000100   Code   RO         5087    i.StorePbBuffer     pbbuffer.o
    0x08034154   0x00000264   Code   RO         5006    i.StorePbInvoice    pb.o
    0x080343b8   0x0000008a   Code   RO         2693    i.StrToBCDValue     extmodules.o
    0x08034442   0x00000002   PAD
    0x08034444   0x00000080   Code   RO         2694    i.SubBCDValue12     extmodules.o
    0x080344c4   0x00000184   Code   RO         2695    i.Subtract          extmodules.o
    0x08034648   0x000000b0   Code   RO        10106    i.Suspend           usb_pwr.o
    0x080346f8   0x000000a4   Code   RO         3268    i.SuspendECR        firmkey.o
    0x0803479c   0x000002c0   Code   RO         3373    i.SuspendReceipt    fixed.o
    0x08034a5c   0x000000c0   Code   RO         1999    i.SuspendScreen     chndisp.o
    0x08034b1c   0x0000005c   Code   RO         6427    i.Suspend_Motor     print_main.o
    0x08034b78   0x00000088   Code   RO          938    i.SysTick_Handler   stm32f10x_it.o
    0x08034c00   0x00000060   Code   RO         7086    i.SystemInit        system_stm32f10x.o
    0x08034c60   0x00000030   Code   RO         6429    i.TESTPAPER         print_main.o
    0x08034c90   0x000001b8   Code   RO         6430    i.TIM2_IRQHandler   print_main.o
    0x08034e48   0x00000094   Code   RO         6431    i.TIM3_IRQHandler   print_main.o
    0x08034edc   0x0000007c   Code   RO          287    i.TIM5_Init         interface.o
    0x08034f58   0x000000b0   Code   RO         1505    i.TIM6_IRQHandler   led_customer.o
    0x08035008   0x00000080   Code   RO          288    i.TIM6_Init         interface.o
    0x08035088   0x0000009c   Code   RO          610    i.TIM7_IRQHandler   keyboard.o
    0x08035124   0x00000078   Code   RO          289    i.TIM7_Init         interface.o
    0x0803519c   0x00000018   Code   RO         9324    i.TIM_ARRPreloadConfig  stm32f10x_tim.o
    0x080351b4   0x00000006   Code   RO         9330    i.TIM_ClearFlag     stm32f10x_tim.o
    0x080351ba   0x00000006   Code   RO         9331    i.TIM_ClearITPendingBit  stm32f10x_tim.o
    0x080351c0   0x00000018   Code   RO         9336    i.TIM_Cmd           stm32f10x_tim.o
    0x080351d8   0x00000022   Code   RO         9357    i.TIM_GetITStatus   stm32f10x_tim.o
    0x080351fa   0x00000012   Code   RO         9361    i.TIM_ITConfig      stm32f10x_tim.o
    0x0803520c   0x00000098   Code   RO         9365    i.TIM_OC1Init       stm32f10x_tim.o
    0x080352a4   0x00000014   Code   RO         9383    i.TIM_OCStructInit  stm32f10x_tim.o
    0x080352b8   0x00000006   Code   RO         9385    i.TIM_PrescalerConfig  stm32f10x_tim.o
    0x080352be   0x00000012   Code   RO         9392    i.TIM_SelectOnePulseMode  stm32f10x_tim.o
    0x080352d0   0x000000a4   Code   RO         9407    i.TIM_TimeBaseInit  stm32f10x_tim.o
    0x08035374   0x00000dec   Code   RO         6281    i.Tender            tender.o
    0x08036160   0x00000058   Code   RO         4201    i.TestBEEP          hardtest.o
    0x080361b8   0x000000dc   Code   RO         4693    i.TestChangePointMust  main.o
    0x08036294   0x00000034   Code   RO         2696    i.TestCom123        extmodules.o
    0x080362c8   0x00000044   Code   RO         4202    i.TestCustomer      hardtest.o
    0x0803630c   0x00000090   Code   RO         4203    i.TestDateTime      hardtest.o
    0x0803639c   0x0000003c   Code   RO         4204    i.TestDisplay       hardtest.o
    0x080363d8   0x00000006   Code   RO         2000    i.TestHZRight       chndisp.o
    0x080363de   0x00000002   PAD
    0x080363e0   0x0000005c   Code   RO         4206    i.TestKeyboard      hardtest.o
    0x0803643c   0x00000050   Code   RO          290    i.TestLMM           interface.o
    0x0803648c   0x00000008   Code   RO         4207    i.TestOpenDrawer    hardtest.o
    0x08036494   0x0000004c   Code   RO         6432    i.TestPrintGoingOn  print_main.o
    0x080364e0   0x000001d8   Code   RO         4208    i.TestPrinter       hardtest.o
    0x080366b8   0x00000002   Code   RO         4209    i.TestPrnPower      hardtest.o
    0x080366ba   0x00000006   Code   RO          291    i.TestRam           interface.o
    0x080366c0   0x000002e4   Code   RO         4210    i.TestRomRam        hardtest.o
    0x080369a4   0x0000009c   Code   RO         2698    i.TestRtc           extmodules.o
    0x08036a40   0x00000110   Code   RO         3939    i.TestSendMess      gprs.o
    0x08036b50   0x000000f0   Code   RO         4211    i.TestSerial123     hardtest.o
    0x08036c40   0x00000348   Code   RO         2366    i.TransactionVoid   correc.o
    0x08036f88   0x000000bc   Code   RO         1100    i.UARTGet           usart.o
    0x08037044   0x00000284   Code   RO         1101    i.UARTInit          usart.o
    0x080372c8   0x00000078   Code   RO         1102    i.UARTSend          usart.o
    0x08037340   0x00000210   Code   RO         2274    i.UART_Computer     computer.o
    0x08037550   0x00000018   Code   RO         1104    i.UART_GetChar      usart.o
    0x08037568   0x0000000e   Code   RO         1106    i.UART_PutChar      usart.o
    0x08037576   0x00000016   Code   RO         1107    i.UART_PutString    usart.o
    0x0803758c   0x00000062   Code   RO         2699    i.ULong64toASC      extmodules.o
    0x080375ee   0x00000044   Code   RO         2700    i.ULongToBCDValue   extmodules.o
    0x08037632   0x00000036   Code   RO         2701    i.ULongtoASC        extmodules.o
    0x08037668   0x00000050   Code   RO         2702    i.ULongtoASCL       extmodules.o
    0x080376b8   0x000000d0   Code   RO          939    i.USART1_IRQHandler  stm32f10x_it.o
    0x08037788   0x000000f0   Code   RO          940    i.USART2_IRQHandler  stm32f10x_it.o
    0x08037878   0x000000f0   Code   RO          941    i.USART3_IRQHandler  stm32f10x_it.o
    0x08037968   0x00000018   Code   RO         9872    i.USART_Cmd         stm32f10x_usart.o
    0x08037980   0x0000001a   Code   RO         9875    i.USART_GetFlagStatus  stm32f10x_usart.o
    0x0803799a   0x00000054   Code   RO         9876    i.USART_GetITStatus  stm32f10x_usart.o
    0x080379ee   0x0000004a   Code   RO         9878    i.USART_ITConfig    stm32f10x_usart.o
    0x08037a38   0x000000d8   Code   RO         9879    i.USART_Init        stm32f10x_usart.o
    0x08037b10   0x00000016   Code   RO         9885    i.USART_OverSampling8Cmd  stm32f10x_usart.o
    0x08037b26   0x0000000a   Code   RO         9886    i.USART_ReceiveData  stm32f10x_usart.o
    0x08037b30   0x00000008   Code   RO         9889    i.USART_SendData    stm32f10x_usart.o
    0x08037b38   0x00000028   Code   RO         1108    i.USART_printf      usart.o
    0x08037b60   0x0000005c   Code   RO        10240    i.USBGet            usb_endp.o
    0x08037bbc   0x0000000c   Code   RO          942    i.USBWakeUp_IRQHandler  stm32f10x_it.o
    0x08037bc8   0x00000028   Code   RO         1784    i.USB_COMM_Ready    usb_app.o
    0x08037bf0   0x00000002   Code   RO        10153    i.USB_Cable_Config  hw_config.o
    0x08037bf2   0x00000002   PAD
    0x08037bf4   0x0000003c   Code   RO        10938    i.USB_Init          usb_init.o
    0x08037c30   0x0000003c   Code   RO        10154    i.USB_Interrupts_Config  hw_config.o
    0x08037c6c   0x000001cc   Code   RO        10316    i.USB_Istr          usb_istr.o
    0x08037e38   0x00000008   Code   RO          943    i.USB_LP_CAN1_RX0_IRQHandler  stm32f10x_it.o
    0x08037e40   0x00000024   Code   RO        10795    i.USB_SIL_Init      usb_sil.o
    0x08037e64   0x00000014   Code   RO         1786    i.USB_Start         usb_app.o
    0x08037e78   0x000006f4   Code   RO         1764    i.UpdateBIOS        ecr_iap.o
    0x0803856c   0x00000300   Code   RO         5088    i.UpdatePbRecord    pbbuffer.o
    0x0803886c   0x00000004   Code   RO          944    i.UsageFault_Handler  stm32f10x_it.o
    0x08038870   0x00000038   Code   RO        10992    i.UserToPMABufferCopy  usb_mem.o
    0x080388a8   0x00000038   Code   RO         4812    i.VirtualInputStr   menu.o
    0x080388e0   0x00000034   Code   RO         4813    i.VirtualInputWord  menu.o
    0x08038914   0x00000064   Code   RO        10334    i.Virtual_Com_Port_Data_Setup  usb_prop.o
    0x08038978   0x00000014   Code   RO        10335    i.Virtual_Com_Port_GetConfigDescriptor  usb_prop.o
    0x0803898c   0x00000014   Code   RO        10336    i.Virtual_Com_Port_GetDeviceDescriptor  usb_prop.o
    0x080389a0   0x0000001c   Code   RO        10337    i.Virtual_Com_Port_GetLineCoding  usb_prop.o
    0x080389bc   0x00000028   Code   RO        10338    i.Virtual_Com_Port_GetStringDescriptor  usb_prop.o
    0x080389e4   0x00000016   Code   RO        10339    i.Virtual_Com_Port_Get_Interface_Setting  usb_prop.o
    0x080389fa   0x00000002   PAD
    0x080389fc   0x00000028   Code   RO        10340    i.Virtual_Com_Port_NoData_Setup  usb_prop.o
    0x08038a24   0x000000e8   Code   RO        10341    i.Virtual_Com_Port_Reset  usb_prop.o
    0x08038b0c   0x00000018   Code   RO        10342    i.Virtual_Com_Port_SetConfiguration  usb_prop.o
    0x08038b24   0x0000000c   Code   RO        10343    i.Virtual_Com_Port_SetDeviceAddress  usb_prop.o
    0x08038b30   0x0000001c   Code   RO        10344    i.Virtual_Com_Port_SetLineCoding  usb_prop.o
    0x08038b4c   0x00000014   Code   RO        10345    i.Virtual_Com_Port_Status_In  usb_prop.o
    0x08038b60   0x00000002   Code   RO        10346    i.Virtual_Com_Port_Status_Out  usb_prop.o
    0x08038b62   0x00000002   PAD
    0x08038b64   0x00000028   Code   RO        10347    i.Virtual_Com_Port_init  usb_prop.o
    0x08038b8c   0x00000036   Code   RO         2703    i.WORDtoASC         extmodules.o
    0x08038bc2   0x00000068   Code   RO         2704    i.WORDtoASCL        extmodules.o
    0x08038c2a   0x0000002c   Code   RO         2705    i.WORDtoASCZero     extmodules.o
    0x08038c56   0x0000006a   Code   RO         2706    i.WORDtoBCD         extmodules.o
    0x08038cc0   0x00000158   Code   RO         2707    i.WaitForYesNo      extmodules.o
    0x08038e18   0x00000018   Code   RO         2708    i.WaitOnLine        extmodules.o
    0x08038e30   0x00000078   Code   RO         6433    i.Wait_Paper        print_main.o
    0x08038ea8   0x0000002c   Code   RO         2709    i.WidthofWORD       extmodules.o
    0x08038ed4   0x00000048   Code   RO         2235    i.WriteClerk        clerk.o
    0x08038f1c   0x00000034   Code   RO         2367    i.WriteCorrec       correc.o
    0x08038f50   0x00000034   Code   RO         2409    i.WriteCurr         currency.o
    0x08038f84   0x00000090   Code   RO         2452    i.WriteDept         depart.o
    0x08039014   0x00000034   Code   RO         2503    i.WriteDisc         discount.o
    0x08039048   0x00000034   Code   RO         2556    i.WriteDrawer       drawer.o
    0x0803907c   0x0000005c   Code   RO         4318    i.WriteECRVIPVar    iccard.o
    0x080390d8   0x00000048   Code   RO         4451    i.WriteGrandTotal   initappl.o
    0x08039120   0x00000034   Code   RO         4167    i.WriteGroup        group.o
    0x08039154   0x0000002c   Code   RO         4385    i.WriteICBlock      iccardblock.o
    0x08039180   0x00000034   Code   RO         4931    i.WriteModi         modifier.o
    0x080391b4   0x000000b0   Code   RO         4962    i.WriteOFFPrice     offprice.o
    0x08039264   0x00000034   Code   RO         5007    i.WritePbF          pb.o
    0x08039298   0x000000d8   Code   RO         5135    i.WritePlu          plu.o
    0x08039370   0x00000040   Code   RO         5136    i.WritePluInventory  plu.o
    0x080393b0   0x000000f8   Code   RO         5137    i.WritePlu_At       plu.o
    0x080394a8   0x00000030   Code   RO         5238    i.WritePoRa         pora.o
    0x080394d8   0x0000003c   Code   RO         5273    i.WritePort         port.o
    0x08039514   0x00000024   Code   RO          292    i.WriteRam          interface.o
    0x08039538   0x00000070   Code   RO         4452    i.WriteReport       initappl.o
    0x080395a8   0x00000002   Code   RO         6179    i.WriteSalPer       salper.o
    0x080395aa   0x00000002   PAD
    0x080395ac   0x00000048   Code   RO         6226    i.WriteTax          tax.o
    0x080395f4   0x00000030   Code   RO         6282    i.WriteTender       tender.o
    0x08039624   0x000000d0   Code   RO         3460    i.WriteToLogRam     flowbill.o
    0x080396f4   0x0000012c   Code   RO         3777    i.WriteTotal        general.o
    0x08039820   0x00000028   Code   RO        11727    i.__0sprintf$8      mc_w.l(printf8.o)
    0x08039848   0x00000024   Code   RO        11757    i.__0vsprintf       mc_w.l(printfa.o)
    0x0803986c   0x00000008   Code   RO        11804    i.__aeabi_errno_addr  mc_w.l(errno.o)
    0x08039874   0x0000000e   Code   RO        11866    i.__scatterload_copy  mc_w.l(handlers.o)
    0x08039882   0x00000002   Code   RO        11867    i.__scatterload_null  mc_w.l(handlers.o)
    0x08039884   0x0000000e   Code   RO        11868    i.__scatterload_zeroinit  mc_w.l(handlers.o)
    0x08039892   0x00000002   PAD
    0x08039894   0x00000164   Code   RO        11758    i._fp_digits        mc_w.l(printfa.o)
    0x080399f8   0x00000410   Code   RO        11732    i._printf_core      mc_w.l(printf8.o)
    0x08039e08   0x000006dc   Code   RO        11759    i._printf_core      mc_w.l(printfa.o)
    0x0803a4e4   0x00000024   Code   RO        11733    i._printf_post_padding  mc_w.l(printf8.o)
    0x0803a508   0x00000024   Code   RO        11760    i._printf_post_padding  mc_w.l(printfa.o)
    0x0803a52c   0x0000002e   Code   RO        11734    i._printf_pre_padding  mc_w.l(printf8.o)
    0x0803a55a   0x0000002e   Code   RO        11761    i._printf_pre_padding  mc_w.l(printfa.o)
    0x0803a588   0x0000000a   Code   RO        11736    i._sputc            mc_w.l(printf8.o)
    0x0803a592   0x0000000a   Code   RO        11763    i._sputc            mc_w.l(printfa.o)
    0x0803a59c   0x00000078   Code   RO           15    i.bFlashAutoSelect  flashb.o
    0x0803a614   0x00000050   Code   RO           20    i.bFlashDataToggle  flashb.o
    0x0803a664   0x000000c4   Code   RO           21    i.bFlashMBlockErase  flashb.o
    0x0803a728   0x00000018   Code   RO           22    i.bFlashPause       flashb.o
    0x0803a740   0x00000100   Code   RO           23    i.bFlashProgram     flashb.o
    0x0803a840   0x0000000a   Code   RO           24    i.bFlashRead        flashb.o
    0x0803a84a   0x0000003c   Code   RO           25    i.bFlashReadBuffer  flashb.o
    0x0803a886   0x00000012   Code   RO           26    i.bFlashReadReset   flashb.o
    0x0803a898   0x00000008   Code   RO           27    i.bFlashWrite       flashb.o
    0x0803a8a0   0x00000268   Code   RO          611    i.keydown           keyboard.o
    0x0803ab08   0x00000084   Code   RO          612    i.keyscan           keyboard.o
    0x0803ab8c   0x0000005c   Code   RO         1574    i.mBalnkScreen      lcd_st7565r.o
    0x0803abe8   0x00000098   Code   RO         1575    i.mClearScreen      lcd_st7565r.o
    0x0803ac80   0x000000d4   Code   RO         1576    i.mDispCharXY       lcd_st7565r.o
    0x0803ad54   0x000000b0   Code   RO         1577    i.mDispCursor       lcd_st7565r.o
    0x0803ae04   0x00000002   Code   RO         1578    i.mDispLogo         lcd_st7565r.o
    0x0803ae06   0x00000030   Code   RO         1579    i.mDispStringXY     lcd_st7565r.o
    0x0803ae36   0x00000002   PAD
    0x0803ae38   0x0000013c   Code   RO         1581    i.mDrawABox         lcd_st7565r.o
    0x0803af74   0x000000dc   Code   RO         1582    i.mDrawChar         lcd_st7565r.o
    0x0803b050   0x000000d8   Code   RO         1583    i.mDrawGPRS         lcd_st7565r.o
    0x0803b128   0x00000094   Code   RO         1584    i.mDrawGPRSSignal   lcd_st7565r.o
    0x0803b1bc   0x00000108   Code   RO         1585    i.mDrawPower        lcd_st7565r.o
    0x0803b2c4   0x00000040   Code   RO         1586    i.mEnCursor         lcd_st7565r.o
    0x0803b304   0x0000006c   Code   RO         1587    i.mInitialLCD       lcd_st7565r.o
    0x0803b370   0x00000020   Code   RO         1588    i.mLightLCDOff      lcd_st7565r.o
    0x0803b390   0x00000020   Code   RO         1589    i.mLightLCDOn       lcd_st7565r.o
    0x0803b3b0   0x00000054   Code   RO         1591    i.mRefreshLine      lcd_st7565r.o
    0x0803b404   0x0000001a   Code   RO         1592    i.mSetContrast      lcd_st7565r.o
    0x0803b41e   0x00000002   PAD
    0x0803b420   0x0000003c   Code   RO         1593    i.mSetState         lcd_st7565r.o
    0x0803b45c   0x00000130   Code   RO         4694    i.main              main.o
    0x0803b58c   0x0000007c   Code   RO         1434    i.mktimev           rtc.o
    0x0803b608   0x00000018   Code   RO          293    i.msDelay           interface.o
    0x0803b620   0x0000002c   Code   RO         6435    i.partial_cut       print_main.o
    0x0803b64c   0x00000030   Code   RO          761    i.pwrADCCtrl        pwr_ctrl.o
    0x0803b67c   0x0000008c   Code   RO          763    i.pwrGetStatus      pwr_ctrl.o
    0x0803b708   0x00000078   Code   RO          764    i.pwrIO_Init        pwr_ctrl.o
    0x0803b780   0x00000012   Code   RO          765    i.pwr_Init          pwr_ctrl.o
    0x0803b792   0x00000054   Code   RO         1435    i.rtc_Config        rtc.o
    0x0803b7e6   0x00000014   Code   RO         1436    i.rtc_gettime       rtc.o
    0x0803b7fa   0x00000044   Code   RO         1437    i.rtc_init          rtc.o
    0x0803b83e   0x00000020   Code   RO         1438    i.rtc_settime       rtc.o
    0x0803b85e   0x00000002   PAD
    0x0803b860   0x00000064   Code   RO         6437    i.sel_print_mode    print_main.o
    0x0803b8c4   0x0000010c   Code   RO         6438    i.sel_raster_bit_image  print_main.o
    0x0803b9d0   0x00000028   Code   RO         1597    i.st7565SetXY       lcd_st7565r.o
    0x0803b9f8   0x0000005c   Code   RO         5448    i.strToBin          progopt.o
    0x0803ba54   0x000000c8   Code   RO         1439    i.to_tm             rtc.o
    0x0803bb1c   0x0000002c   Code   RO         6439    i.total_cut         print_main.o
    0x0803bb48   0x00000016   Code   RO         6440    i.turn_underline_mode  print_main.o
    0x0803bb5e   0x00000002   PAD
    0x0803bb60   0x00000034   Code   RO         6441    i.tx_printer_status  print_main.o
    0x0803bb94   0x00000070   Code   RO         6442    i.tx_status         print_main.o
    0x0803bc04   0x00000048   Code   RO          294    i.usDelay           interface.o
    0x0803bc4c   0x00000060   Code   RO           28    i.wFlashProgramAWord  flashb.o
    0x0803bcac   0x00000008   Code   RO           31    i.wFlashWrite       flashb.o
    0x0803bcb4   0x00000dd0   Data   RO            1    .constdata          asciifonts.o
    0x0803ca84   0x0000008c   Data   RO           32    .constdata          flashb.o
    0x0803cb10   0x00000030   Data   RO         1440    .constdata          rtc.o
    0x0803cb40   0x0000005b   Data   RO         1506    .constdata          led_customer.o
    0x0803cb9b   0x00000408   Data   RO         1599    .constdata          lcd_st7565r.o
    0x0803cfa3   0x00000001   PAD
    0x0803cfa4   0x00000009   Data   RO         1915    .constdata          buffer.o
    0x0803cfad   0x00000001   PAD
    0x0803cfae   0x00001ee4   Data   RO         1967    .constdata          chinaapp.o
    0x0803ee92   0x000011e6   Data   RO         2217    .constdata          chnmess.o
    0x08040078   0x0000000a   Data   RO         2276    .constdata          computer.o
    0x08040082   0x00000002   PAD
    0x08040084   0x00000009   Data   RO         2453    .constdata          depart.o
    0x0804008d   0x00000003   PAD
    0x08040090   0x00000338   Data   RO         2711    .constdata          extmodules.o
    0x080403c8   0x00000038   Data   RO         3269    .constdata          firmkey.o
    0x08040400   0x000000ae   Data   RO         3462    .constdata          flowbill.o
    0x080404ae   0x000000c5   Data   RO         3940    .constdata          gprs.o
    0x08040573   0x000000b4   Data   RO         4623    .constdata          kp.o
    0x08040627   0x00000001   PAD
    0x08040628   0x00000034   Data   RO         4775    .constdata          memory.o
    0x0804065c   0x00000458   Data   RO         4815    .constdata          menu.o
    0x08040ab4   0x000000f8   Data   RO         5320    .constdata          print.o
    0x08040bac   0x00000007   Data   RO         5449    .constdata          progopt.o
    0x08040bb3   0x00000008   Data   RO         5559    .constdata          program.o
    0x08040bbb   0x0000002c   Data   RO         5890    .constdata          report2.o
    0x08040be7   0x00000001   PAD
    0x08040be8   0x00000c18   Data   RO         6353    .constdata          print_def.o
    0x08041800   0x00002a50   Data   RO         6444    .constdata          print_main.o
    0x08044250   0x00000c19   Data   RO         6846    .constdata          photo_abbigl.o
    0x08044e69   0x00000003   PAD
    0x08044e6c   0x00000675   Data   RO         6855    .constdata          photo_appetito.o
    0x080454e1   0x00000003   PAD
    0x080454e4   0x000007f5   Data   RO         6873    .constdata          photo_caffe.o
    0x08045cd9   0x00000003   PAD
    0x08045cdc   0x00000bce   Data   RO         6882    .constdata          photo_carneval.o
    0x080468aa   0x00000002   PAD
    0x080468ac   0x000007f5   Data   RO         6891    .constdata          photo_cornetto.o
    0x080470a1   0x00000003   PAD
    0x080470a4   0x000009ee   Data   RO         6900    .constdata          photo_cucina.o
    0x08047a92   0x00000002   PAD
    0x08047a94   0x00000675   Data   RO         6909    .constdata          photo_donna.o
    0x08048109   0x00000003   PAD
    0x0804810c   0x00000c75   Data   RO         6918    .constdata          photo_eutron.o
    0x08048d81   0x00000003   PAD
    0x08048d84   0x00000675   Data   RO         6927    .constdata          photo_fiori.o
    0x080493f9   0x00000003   PAD
    0x080493fc   0x0000062e   Data   RO         6936    .constdata          photo_gelato.o
    0x08049a2a   0x00000002   PAD
    0x08049a2c   0x00000bce   Data   RO         6945    .constdata          photo_jolly.o
    0x0804a5fa   0x00000002   PAD
    0x0804a5fc   0x00000bce   Data   RO         6966    .constdata          photo_mamma.o
    0x0804b1ca   0x00000002   PAD
    0x0804b1cc   0x000009ee   Data   RO         6975    .constdata          photo_natale.o
    0x0804bbba   0x00000002   PAD
    0x0804bbbc   0x00000149   Data   RO         6984    .constdata          photo_panama.o
    0x0804bd05   0x00000003   PAD
    0x0804bd08   0x00000975   Data   RO         6993    .constdata          photo_pane.o
    0x0804c67d   0x00000003   PAD
    0x0804c680   0x00000675   Data   RO         7002    .constdata          photo_papa.o
    0x0804ccf5   0x00000003   PAD
    0x0804ccf8   0x00000be7   Data   RO         7011    .constdata          photo_pasqua.o
    0x0804d8df   0x00000001   PAD
    0x0804d8e0   0x00000975   Data   RO         7020    .constdata          photo_pesce.o
    0x0804e255   0x00000003   PAD
    0x0804e258   0x000009ee   Data   RO         7029    .constdata          photo_risparmi.o
    0x0804ec46   0x00000002   PAD
    0x0804ec48   0x00000975   Data   RO         7038    .constdata          photo_salumi.o
    0x0804f5bd   0x00000003   PAD
    0x0804f5c0   0x00000675   Data   RO         7047    .constdata          photo_selfdef.o
    0x0804fc35   0x00000003   PAD
    0x0804fc38   0x00000675   Data   RO         7056    .constdata          photo_sport.o
    0x080502ad   0x00000003   PAD
    0x080502b0   0x000009ee   Data   RO         7065    .constdata          photo_vacanze.o
    0x08050c9e   0x00000002   PAD
    0x08050ca0   0x00000975   Data   RO         7074    .constdata          photo_valentin.o
    0x08051615   0x000000b1   Data   RO        10218    .constdata          usb_desc.o
    0x080516c6   0x00000081   Data   RO        11830    .constdata          mc_w.l(ctype_o.o)
    0x08051747   0x00000001   PAD
    0x08051748   0x00000004   Data   RO        11831    .constdata          mc_w.l(ctype_o.o)
    0x0805174c   0x00000275   Data   RO         1968    .conststring        chinaapp.o
    0x080519c1   0x00000003   PAD
    0x080519c4   0x00001bb8   Data   RO         2218    .conststring        chnmess.o
    0x0805357c   0x0000020d   Data   RO         2712    .conststring        extmodules.o
    0x08053789   0x00000003   PAD
    0x0805378c   0x00000020   Data   RO        11864    Region$$Table       anon$$obj.o


    Execution Region RW_IRAM1 (Base: 0x20000000, Size: 0x0000fe70, Max: 0x00010000, ABSOLUTE, COMPRESSED[0x0000027c])

    Base Addr    Size         Type   Attr      Idx    E Section Name        Object

    0x20000000   0x00000014   Data   RW          295    .data               interface.o
    0x20000014   0x0000005e   Data   RW          614    .data               keyboard.o
    0x20000072   0x00000002   PAD
    0x20000074   0x0000000c   Data   RW          693    .data               monitor.o
    0x20000080   0x0000005c   Data   RW          766    .data               pwr_ctrl.o
    0x200000dc   0x00000012   Data   RW          945    .data               stm32f10x_it.o
    0x200000ee   0x00000002   PAD
    0x200000f0   0x0000000b   Data   RW         1110    .data               usart.o
    0x200000fb   0x00000001   PAD
    0x200000fc   0x0000001c   Data   RW         1227    .data               sdio_sd.o
    0x20000118   0x00000030   Data   RW         1441    .data               rtc.o
    0x20000148   0x00000024   Data   RW         1507    .data               led_customer.o
    0x2000016c   0x00000007   Data   RW         1600    .data               lcd_st7565r.o
    0x20000173   0x00000001   PAD
    0x20000174   0x00000008   Data   RW         1788    .data               usb_app.o
    0x2000017c   0x00000007   Data   RW         1857    .data               balance.o
    0x20000183   0x00000001   PAD
    0x20000184   0x00000004   Data   RW         1883    .data               barcode.o
    0x20000188   0x00000058   Data   RW         1969    .data               chinaapp.o
    0x200001e0   0x00000003   Data   RW         2002    .data               chndisp.o
    0x200001e3   0x00000001   PAD
    0x200001e4   0x00000009   Data   RW         2148    .data               chninput.o
    0x200001ed   0x00000003   PAD
    0x200001f0   0x00000008   Data   RW         2277    .data               computer.o
    0x200001f8   0x00000001   Data   RW         2454    .data               depart.o
    0x200001f9   0x00000003   PAD
    0x200001fc   0x0000006c   Data   RW         2713    .data               extmodules.o
    0x20000268   0x00000004   Data   RW         3270    .data               firmkey.o
    0x2000026c   0x00000004   Data   RW         3374    .data               fixed.o
    0x20000270   0x00000004   Data   RW         3463    .data               flowbill.o
    0x20000274   0x00000001   Data   RW         3778    .data               general.o
    0x20000275   0x00000003   PAD
    0x20000278   0x00000020   Data   RW         3941    .data               gprs.o
    0x20000298   0x00000002   Data   RW         4453    .data               initappl.o
    0x2000029a   0x00000002   PAD
    0x2000029c   0x0000002c   Data   RW         4776    .data               memory.o
    0x200002c8   0x0000000c   Data   RW         4816    .data               menu.o
    0x200002d4   0x00000008   Data   RW         5560    .data               program.o
    0x200002dc   0x00000009   Data   RW         6317    .data               timer.o
    0x200002e5   0x00000003   PAD
    0x200002e8   0x00000110   Data   RW         6354    .data               print_def.o
    0x200003f8   0x00000001   Data   RW         6445    .data               print_main.o
    0x200003f9   0x00000003   PAD
    0x200003fc   0x00000014   Data   RW         7087    .data               system_stm32f10x.o
    0x20000410   0x00000014   Data   RW         8732    .data               stm32f10x_rcc.o
    0x20000424   0x0000000c   Data   RW        10108    .data               usb_pwr.o
    0x20000430   0x00000010   Data   RW        10156    .data               hw_config.o
    0x20000440   0x0000001a   Data   RW        10219    .data               usb_desc.o
    0x2000045a   0x00000002   PAD
    0x2000045c   0x00000004   Data   RW        10243    .data               usb_endp.o
    0x20000460   0x00000044   Data   RW        10317    .data               usb_istr.o
    0x200004a4   0x00000094   Data   RW        10348    .data               usb_prop.o
    0x20000538   0x00000003   Data   RW        10838    .data               usb_core.o
    0x2000053b   0x00000001   PAD
    0x2000053c   0x00000014   Data   RW        10940    .data               usb_init.o
    0x20000550   0x00000004   Data   RW        10963    .data               usb_int.o
    0x20000554   0x00000004   Data   RW        11807    .data               mc_w.l(errno.o)
    0x20000558   0x0000000a   Zero   RW          613    .bss                keyboard.o
    0x20000562   0x00000002   PAD
    0x20000564   0x00001958   Zero   RW         1109    .bss                usart.o
    0x20001ebc   0x00000004   PAD
    0x20001ec0   0x000000cc   Zero   RW         1226    .bss                sdio_sd.o
    0x20001f8c   0x00000400   Zero   RW         1598    .bss                lcd_st7565r.o
    0x2000238c   0x0000001e   Zero   RW         1856    .bss                balance.o
    0x200023aa   0x000000fe   Zero   RW         1882    .bss                barcode.o
    0x200024a8   0x000000b8   Zero   RW         2001    .bss                chndisp.o
    0x20002560   0x00000015   Zero   RW         2147    .bss                chninput.o
    0x20002575   0x00000400   Zero   RW         2275    .bss                computer.o
    0x20002975   0x00000022   Zero   RW         2710    .bss                extmodules.o
    0x20002997   0x00000021   Zero   RW         3461    .bss                flowbill.o
    0x200029b8   0x00007945   Zero   RW         4774    .bss                memory.o
    0x2000a2fd   0x0000005b   Zero   RW         4814    .bss                menu.o
    0x2000a358   0x0000003d   Zero   RW         5558    .bss                program.o
    0x2000a395   0x00000003   PAD
    0x2000a398   0x0000222c   Zero   RW         6352    .bss                print_def.o
    0x2000c5c4   0x00000020   Zero   RW        10107    .bss                usb_pwr.o
    0x2000c5e4   0x00000040   Zero   RW        10155    .bss                hw_config.o
    0x2000c624   0x00000830   Zero   RW        10242    .bss                usb_endp.o
    0x2000ce54   0x0000001c   Zero   RW        10939    .bss                usb_init.o
    0x2000ce70   0x00003000   Zero   RW         7128    STACK               startup_stm32f10x_hd.o



  Load Region LR$$.ARM.__AT_0x60004000 (Base: 0x60004000, Size: 0x00000000, Max: 0x00002000, ABSOLUTE)

    Execution Region ER$$.ARM.__AT_0x60004000 (Base: 0x60004000, Size: 0x00002000, Max: 0x00002000, ABSOLUTE, UNINIT)

    Base Addr    Size         Type   Attr      Idx    E Section Name        Object

    0x60004000   0x00002000   Zero   RW         4770    .ARM.__AT_0x60004000  memory.o



  Load Region LR$$.ARM.__AT_0x60006000 (Base: 0x60006000, Size: 0x00000000, Max: 0x00002000, ABSOLUTE)

    Execution Region ER$$.ARM.__AT_0x60006000 (Base: 0x60006000, Size: 0x00002000, Max: 0x00002000, ABSOLUTE, UNINIT)

    Base Addr    Size         Type   Attr      Idx    E Section Name        Object

    0x60006000   0x00002000   Zero   RW         4771    .ARM.__AT_0x60006000  memory.o



  Load Region LR$$.ARM.__AT_0x60008000 (Base: 0x60008000, Size: 0x00000000, Max: 0x00008000, ABSOLUTE)

    Execution Region ER$$.ARM.__AT_0x60008000 (Base: 0x60008000, Size: 0x00008000, Max: 0x00008000, ABSOLUTE, UNINIT)

    Base Addr    Size         Type   Attr      Idx    E Section Name        Object

    0x60008000   0x00008000   Zero   RW         4772    .ARM.__AT_0x60008000  memory.o



  Load Region LR$$.ARM.__AT_0x64000000 (Base: 0x64000000, Size: 0x00000000, Max: 0x00004c54, ABSOLUTE)

    Execution Region ER$$.ARM.__AT_0x64000000 (Base: 0x64000000, Size: 0x00004c54, Max: 0x00004c54, ABSOLUTE, UNINIT)

    Base Addr    Size         Type   Attr      Idx    E Section Name        Object

    0x64000000   0x00004c54   Zero   RW         4773    .ARM.__AT_0x64000000  memory.o



  Load Region LR$$.ARM.__AT_0x6403F000 (Base: 0x6403f000, Size: 0x00000000, Max: 0x0000008c, ABSOLUTE)

    Execution Region ER$$.ARM.__AT_0x6403F000 (Base: 0x6403f000, Size: 0x0000008c, Max: 0x0000008c, ABSOLUTE, UNINIT)

    Base Addr    Size         Type   Attr      Idx    E Section Name        Object

    0x6403f000   0x0000008a   Zero   RW         6443    .ARM.__AT_0x6403F000  print_main.o


==============================================================================

Image component sizes


      Code (inc. data)   RO Data    RW Data    ZI Data      Debug   Object Name

         0          0       3536          0          0       5061   asciifonts.o
       844         62          0          7         30       2348   balance.o
      1072         68          0          4        254       2202   barcode.o
     10648        456          9          0          0      11843   buffer.o
         0          0       8537         88          0       1432   chinaapp.o
      1816        110          0          3        184      13031   chndisp.o
      3596        188          0          9         21       7144   chninput.o
         0          0      11678          0          0       5224   chnmess.o
       712         72          0          0          0       2152   clerk.o
      8276        442         10          8       1024      13185   computer.o
         0          0          0          0          0         32   core_cm3.o
      2100        134          0          0          0       3677   correc.o
       632         86          0          0          0       3175   currency.o
      4940        270          9          1          0       5659   depart.o
      7272        332          0          0          0       7241   discount.o
       772        106          0          0          0       3230   drawer.o
      1780         40          0          0          0      17116   ecr_iap.o
     13566        862       1349        108         34      60604   extmodules.o
      9400        884         56          4          0      12228   firmkey.o
       396         44          0          0          0       1218   fiscal.o
      5040        316          0          4          0       6616   fixed.o
       876         16        140          0          0     312589   flashb.o
     11158        950        174          4         33      32213   flowbill.o
       712         46          0          0          0       5169   format.o
       442         18          0          0          0       3439   fsmc_sram.o
      7636        630          0          1          0      14285   general.o
      9398        686        197         32          0      28213   gprs.o
       340         50          0          0          0       1762   group.o
      5654        646          0          0          0      11432   hardtest.o
       386         36          0         16         64       6939   hw_config.o
      3422        356          0          0          0       7237   iccard.o
       124         30          0          0          0       1730   iccardblock.o
      7388        844          0          2          0      18486   initappl.o
      2434        252          0         20          0      85015   interface.o
      1384        148          0         94         10       6703   keyboard.o
      2732        210        180          0          0       7582   kp.o
      2554        218       1032          7       1024      15332   lcd_st7565r.o
       846        104         91         36          0       6499   led_customer.o
      3530        250          0          0          0       7422   main.o
      1308         36         52         44      99737       3446   memory.o
      4686        292       1112         12         91      14495   menu.o
       132         22          0          0          0       1651   misc.o
       552         86          0          0          0       1865   modifier.o
        68         22          0         12          0       1823   monitor.o
       392         36          0          0          0       1395   offprice.o
      7856        426          0          0          0      10267   pb.o
      3780        188          0          0          0       5488   pbbuffer.o
         0          0       3097          0          0        582   photo_abbigl.o
         0          0       1653          0          0        590   photo_appetito.o
         0          0       2037          0          0        572   photo_caffe.o
         0          0       3022          0          0        590   photo_carneval.o
         0          0       2037          0          0        590   photo_cornetto.o
         0          0       2542          0          0        582   photo_cucina.o
         0          0       1653          0          0        572   photo_donna.o
         0          0       3189          0          0        582   photo_eutron.o
         0          0       1653          0          0        572   photo_fiori.o
         0          0       1582          0          0        582   photo_gelato.o
         0          0       3022          0          0        572   photo_jolly.o
         0          0       3022          0          0        572   photo_mamma.o
         0          0       2542          0          0        582   photo_natale.o
         0          0        329          0          0        582   photo_panama.o
         0          0       2421          0          0        562   photo_pane.o
         0          0       1653          0          0        562   photo_papa.o
         0          0       3047          0          0        582   photo_pasqua.o
         0          0       2421          0          0        572   photo_pesce.o
         0          0       2542          0          0        590   photo_risparmi.o
         0          0       2421          0          0        582   photo_salumi.o
         0          0       1653          0          0        584   photo_selfdef.o
         0          0       1653          0          0        572   photo_sport.o
         0          0       2542          0          0        584   photo_vacanze.o
         0          0       2421          0          0        590   photo_valentin.o
         0          0          0          0          0       1616   photo_vuoto.o
      5552        370          0          0          0      11076   plu.o
      1124         68          0          0          0       2626   pora.o
       200         38          0          0          0       1385   port.o
      8146        568        248          0          0      15968   print.o
         0          0       3096        272       8748      10496   print_def.o
      9278       1072      10832          1        138      47522   print_main.o
       456         48          0          0          0        750   progdump.o
      2880        274          7          0          0       6443   progopt.o
     18324       1970          8          8         61      37289   program.o
       522         48          0         92          0       3367   pwr_ctrl.o
      8698        742          0          0          0      22805   report.o
      2608        284         44          0          0       6171   report2.o
       636         20         48         48          0       4419   rtc.o
         6          0          0          0          0       1170   salper.o
      3880        216          0         28        204      21121   sdio_sd.o
       156          4          0          0          0        971   search.o
        36          8        304          0      12288        808   startup_stm32f10x_hd.o
       330         10          0          0          0       5408   stm32f10x_adc.o
        56         10          0          0          0       2335   stm32f10x_bkp.o
       416          8          0          0          0       3566   stm32f10x_dma.o
       200         18          0          0          0       2260   stm32f10x_exti.o
       282          6          0          0          0       1933   stm32f10x_fsmc.o
       490         10          0          0          0       4127   stm32f10x_gpio.o
       980         80          0         18          0      11972   stm32f10x_it.o
        12          6          0          0          0        542   stm32f10x_pwr.o
       504         76          0         20          0       9107   stm32f10x_rcc.o
       232         42          0          0          0       4430   stm32f10x_rtc.o
       344         80          0          0          0       9649   stm32f10x_sdio.o
       106          0          0          0          0       3472   stm32f10x_spi.o
       472         62          0          0          0       7421   stm32f10x_tim.o
       464          6          0          0          0       7038   stm32f10x_usart.o
       328         28          0         20          0       2213   system_stm32f10x.o
      4970        322          0          0          0       6768   tax.o
      3796        226          0          0          0       3943   tender.o
      2004         86          0          9          0       2665   timer.o
      1352         76          0         11       6488       8342   usart.o
        60          8          0          8          0       2201   usb_app.o
      3058        288          0          3          0      14895   usb_core.o
         0          0        177         26          0       1115   usb_desc.o
       308         44          0          4       2096       6659   usb_endp.o
        60         24          0         20         28       4182   usb_init.o
       648         32          0          4          0       1800   usb_int.o
       460         38          0         68          0       1651   usb_istr.o
        96         10          0          0          0       1856   usb_mem.o
       628        102          0        148          0      11621   usb_prop.o
       484         54          0         12         32       3720   usb_pwr.o
       712        100          0          0          0      10159   usb_regs.o
        36          8          0          0          0        507   usb_sil.o

    ----------------------------------------------------------------------
    239144      18660      97186       1364     132600    1164357   Object Totals
         0          0         32          0          0          0   (incl. Generated)
       102          0         74         28         11          0   (incl. Padding)

    ----------------------------------------------------------------------

      Code (inc. data)   RO Data    RW Data    ZI Data      Debug   Library Member Name

        86          0          0          0          0          0   __dczerorl2.o
        28          0          0          0          0         68   _chval.o
       158          0          0          0          0         92   _strtoul.o
        26          0          0          0          0         80   atoi.o
         8          4        133          0          0         68   ctype_o.o
         0          0          0          0          0          0   entry.o
         0          0          0          0          0          0   entry10a.o
         0          0          0          0          0          0   entry11a.o
         8          4          0          0          0          0   entry2.o
         4          0          0          0          0          0   entry5.o
         0          0          0          0          0          0   entry7b.o
         0          0          0          0          0          0   entry8b.o
         8          4          0          0          0          0   entry9a.o
         8          4          0          4          0         68   errno.o
        30          0          0          0          0          0   handlers.o
        36          8          0          0          0         68   init.o
         0          0          0          0          0          0   iusefp.o
        30          0          0          0          0         68   llshl.o
        36          0          0          0          0         68   llsshr.o
        32          0          0          0          0         68   llushr.o
        26          0          0          0          0         80   memcmp.o
        36          0          0          0          0         68   memcpya.o
        36          0          0          0          0        108   memseta.o
      1172         50          0          0          0        420   printf8.o
      2240         86          0          0          0        508   printfa.o
        20          0          0          0          0         68   strchr.o
        28          0          0          0          0         76   strcmp.o
        18          0          0          0          0         68   strcpy.o
        14          0          0          0          0         68   strlen.o
        30          0          0          0          0         80   strncmp.o
        24          0          0          0          0         76   strncpy.o
       112          0          0          0          0         88   strtol.o
        44          0          0          0          0         80   uidiv.o
        98          0          0          0          0         92   uldiv.o
        48          0          0          0          0         68   cdrcmple.o
       334          0          0          0          0        148   dadd.o
       222          0          0          0          0        100   ddiv.o
       186          0          0          0          0        176   depilogue.o
        48          0          0          0          0         68   dfixul.o
       228          0          0          0          0         96   dmul.o

    ----------------------------------------------------------------------
      5468        160        134          4          0       3184   Library Totals
         6          0          1          0          0          0   (incl. Padding)

    ----------------------------------------------------------------------

      Code (inc. data)   RO Data    RW Data    ZI Data      Debug   Library Name

      4396        160        133          4          0       2528   mc_w.l
      1066          0          0          0          0        656   mf_w.l

    ----------------------------------------------------------------------
      5468        160        134          4          0       3184   Library Totals

    ----------------------------------------------------------------------

==============================================================================


      Code (inc. data)   RO Data    RW Data    ZI Data      Debug   

    244612      18820      97320       1368     132600    1115513   Grand Totals
    244612      18820      97320        636     132600    1115513   ELF Image Totals (compressed)
    244612      18820      97320        636          0          0   ROM Totals

==============================================================================

    Total RO  Size (Code + RO Data)               341932 ( 333.92kB)
    Total RW  Size (RW Data + ZI Data)            133968 ( 130.83kB)
    Total ROM Size (Code + RO Data + RW Data)     342568 ( 334.54kB)

==============================================================================

