Component: ARM Compiler 5.06 update 1 (build 61) Tool: armlink [4d35a8]

==============================================================================

Section Cross References

    flashb.o(i.bFlashAutoSelect) refers to flashb.o(i.bFlashWrite) for bFlashWrite
    flashb.o(i.bFlashAutoSelect) refers to flashb.o(i.bFlashRead) for bFlashRead
    flashb.o(i.bFlashAutoSelect) refers to flashb.o(.constdata) for BlockOffset
    flashb.o(i.bFlashBlockErase) refers to flashb.o(i.bFlashAutoSelect) for bFlashAutoSelect
    flashb.o(i.bFlashBlockErase) refers to flashb.o(i.bFlashWrite) for bFlashWrite
    flashb.o(i.bFlashBlockErase) refers to flashb.o(i.bFlashRead) for bFlashRead
    flashb.o(i.bFlashBlockErase) refers to flashb.o(i.bFlashDataToggle) for bFlashDataToggle
    flashb.o(i.bFlashBlockErase) refers to flashb.o(i.bFlashReadReset) for bFlashReadReset
    flashb.o(i.bFlashBlockErase) refers to flashb.o(.constdata) for BlockOffset
    flashb.o(i.bFlashChipErase) refers to flashb.o(i.bFlashAutoSelect) for bFlashAutoSelect
    flashb.o(i.bFlashChipErase) refers to flashb.o(i.bFlashWrite) for bFlashWrite
    flashb.o(i.bFlashChipErase) refers to flashb.o(i.bFlashDataToggle) for bFlashDataToggle
    flashb.o(i.bFlashChipErase) refers to flashb.o(i.bFlashReadReset) for bFlashReadReset
    flashb.o(i.bFlashDataToggle) refers to flashb.o(i.bFlashRead) for bFlashRead
    flashb.o(i.bFlashMBlockErase) refers to flashb.o(i.bFlashAutoSelect) for bFlashAutoSelect
    flashb.o(i.bFlashMBlockErase) refers to flashb.o(i.bFlashWrite) for bFlashWrite
    flashb.o(i.bFlashMBlockErase) refers to flashb.o(i.bFlashRead) for bFlashRead
    flashb.o(i.bFlashMBlockErase) refers to flashb.o(i.bFlashDataToggle) for bFlashDataToggle
    flashb.o(i.bFlashMBlockErase) refers to flashb.o(i.bFlashReadReset) for bFlashReadReset
    flashb.o(i.bFlashMBlockErase) refers to flashb.o(.constdata) for BlockOffset
    flashb.o(i.bFlashProgram) refers to flashb.o(i.bFlashAutoSelect) for bFlashAutoSelect
    flashb.o(i.bFlashProgram) refers to flashb.o(i.wFlashProgramAWord) for wFlashProgramAWord
    flashb.o(i.bFlashProgram) refers to flashb.o(.constdata) for BlockOffset
    flashb.o(i.bFlashReadReset) refers to flashb.o(i.bFlashWrite) for bFlashWrite
    flashb.o(i.bFlashReadReset) refers to flashb.o(i.bFlashPause) for bFlashPause
    flashb.o(i.wFlashProgramAWord) refers to flashb.o(i.bFlashWrite) for bFlashWrite
    flashb.o(i.wFlashProgramAWord) refers to flashb.o(i.wFlashWrite) for wFlashWrite
    flashb.o(i.wFlashProgramAWord) refers to flashb.o(i.bFlashDataToggle) for bFlashDataToggle
    flashb.o(i.wFlashProgramAWord) refers to flashb.o(i.bFlashReadReset) for bFlashReadReset
    fsmc_sram.o(i.FSMC_IOInit) refers to stm32f10x_rcc.o(i.RCC_APB2PeriphClockCmd) for RCC_APB2PeriphClockCmd
    fsmc_sram.o(i.FSMC_IOInit) refers to stm32f10x_gpio.o(i.GPIO_Init) for GPIO_Init
    fsmc_sram.o(i.FSMC_Init) refers to stm32f10x_rcc.o(i.RCC_AHBPeriphClockCmd) for RCC_AHBPeriphClockCmd
    fsmc_sram.o(i.FSMC_Init) refers to fsmc_sram.o(i.FSMC_IOInit) for FSMC_IOInit
    fsmc_sram.o(i.FSMC_Init) refers to stm32f10x_fsmc.o(i.FSMC_NORSRAMInit) for FSMC_NORSRAMInit
    fsmc_sram.o(i.FSMC_Init) refers to stm32f10x_fsmc.o(i.FSMC_NORSRAMCmd) for FSMC_NORSRAMCmd
    fsmc_sram.o(i.SRAM_ReadBuffer) refers to memcpya.o(.text) for __aeabi_memcpy
    fsmc_sram.o(i.SRAM_WriteBuffer) refers to memcpya.o(.text) for __aeabi_memcpy
    interface.o(i.Beep) refers to keyboard.o(.data) for beep_len
    interface.o(i.Bell) refers to interface.o(i.Beep) for Beep
    interface.o(i.Bios) refers to usart.o(i.USART_printf) for USART_printf
    interface.o(i.Bios_1) refers to led_customer.o(i.LED_On) for LED_On
    interface.o(i.Bios_1) refers to led_customer.o(i.PutsO_Saved) for PutsO_Saved
    interface.o(i.Bios_1) refers to led_customer.o(i.LED_Off) for LED_Off
    interface.o(i.Bios_1) refers to keyboard.o(i.EnableBeep) for EnableBeep
    interface.o(i.Bios_1) refers to interface.o(i.Beep) for Beep
    interface.o(i.Bios_1) refers to rtc.o(i.rtc_gettime) for rtc_gettime
    interface.o(i.Bios_1) refers to rtc.o(i.rtc_settime) for rtc_settime
    interface.o(i.Bios_1) refers to keyboard.o(i.CheckKeyboard) for CheckKeyboard
    interface.o(i.Bios_1) refers to usart.o(i.USART_printf) for USART_printf
    interface.o(i.Bios_1) refers to interface.o(.data) for rtc_date
    interface.o(i.Bios_2) refers to usart.o(i.USART_printf) for USART_printf
    interface.o(i.Bios_FM_CheckPresence) refers to spi_m25p80.o(i.FMDetect) for FMDetect
    interface.o(i.Bios_TestMAC) refers to interface.o(i.usDelay) for usDelay
    interface.o(i.ClsXRam) refers to memseta.o(.text) for __aeabi_memclr4
    interface.o(i.ClsXRam) refers to keyboard.o(i.Getch) for Getch
    interface.o(i.ClsXRam) refers to main.o(i.KbHit) for KbHit
    interface.o(i.ClsXRam) refers to interface.o(i.Beep) for Beep
[...]
    0x08002c68   0x0000004c   Code   RO        10516    i.CH395CloseSocket  ch395.o
    0x08002cb4   0x00000020   Code   RO        10522    i.CH395GetCmdStatus  ch395.o
    0x08002cd4   0x00000054   Code   RO        10525    i.CH395GetRecvData  ch395.o
    0x08002d28   0x00000030   Code   RO        10526    i.CH395GetRecvLength  ch395.o
    0x08002d58   0x0000002c   Code   RO        10527    i.CH395GetSocketInt  ch395.o
    0x08002d84   0x0000003c   Code   RO        10529    i.CH395Init         ch395.o
    0x08002dc0   0x00000012   Code   RO        10530    i.CH395KeepLiveCNT  ch395.o
    0x08002dd2   0x00000028   Code   RO        10531    i.CH395KeepLiveIDLE  ch395.o
    0x08002dfa   0x00000028   Code   RO        10532    i.CH395KeepLiveINTVL  ch395.o
    0x08002e22   0x00000002   PAD
    0x08002e24   0x0000004c   Code   RO        10533    i.CH395OpenSocket   ch395.o
    0x08002e70   0x00000048   Code   RO        10535    i.CH395SendData     ch395.o
    0x08002eb8   0x00000040   Code   RO        10537    i.CH395SetSocketDesIP  ch395.o
    0x08002ef8   0x0000002c   Code   RO        10538    i.CH395SetSocketDesPort  ch395.o
    0x08002f24   0x00000028   Code   RO        10540    i.CH395SetSocketProtType  ch395.o
    0x08002f4c   0x0000002c   Code   RO        10543    i.CH395SetSocketSourPort  ch395.o
    0x08002f78   0x000000a0   Code   RO        10547    i.CH395SocketInitOpen  ch395.o
    0x08003018   0x0000004c   Code   RO        10551    i.CH395TCPListen    ch395.o
    0x08003064   0x000000b4   Code   RO        10554    i.CH395_PORT_INIT   ch395.o
    0x08003118   0x0000037c   Code   RO         1896    i.CalculateNetTax   buffer.o
    0x08003494   0x00000574   Code   RO         2529    i.CalculateScPwdDisc  discount.o
    0x08003a08   0x00000a0c   Code   RO         2530    i.CalculateSubDisc  discount.o
    0x08004414   0x00000f20   Code   RO         6175    i.CalculateTax      tax.o
    0x08005334   0x00000194   Code   RO         6176    i.CalculateTax2     tax.o
    0x080054c8   0x00000016   Code   RO         2651    i.CenterForDisplay  extmodules.o
    0x080054de   0x00000002   PAD
    0x080054e0   0x0000012c   Code   RO         2652    i.ChangePoint       extmodules.o
    0x0800560c   0x00000058   Code   RO         2653    i.ChangePoint2      extmodules.o
    0x08005664   0x00000034   Code   RO         3448    i.ChangeQty         flowbill.o
    0x08005698   0x000000b0   Code   RO         4092    i.Charge_CHIP       iccard.o
    0x08005748   0x000000f4   Code   RO         5452    i.CheckBitValue     program.o
    0x0800583c   0x00000014   Code   RO         5902    i.CheckBreak        report.o
    0x08005850   0x000000c4   Code   RO         3789    i.CheckBreakKey     general.o
    0x08005914   0x00000050   Code   RO         4093    i.CheckCardNo       iccard.o
    0x08005964   0x000000b4   Code   RO         5254    i.CheckChar         print.o
    0x08005a18   0x00000012   Code   RO         2655    i.CheckComm         extmodules.o
    0x08005a2a   0x00000002   PAD
    0x08005a2c   0x00000138   Code   RO         3790    i.CheckError        general.o
    0x08005b64   0x00000ccc   Code   RO         3288    i.CheckFirmKey      firmkey.o
    0x08006830   0x000000a8   Code   RO         4652    i.CheckFunctionEntry  main.o
    0x080068d8   0x00000048   Code   RO         4653    i.CheckICCard       main.o
    0x08006920   0x000001f8   Code   RO         1871    i.CheckInStore      barcode.o
    0x08006b18   0x000001f4   Code   RO         2128    i.CheckInput        chninput.o
    0x08006d0c   0x00000030   Code   RO          594    i.CheckKeyboard     keyboard.o
    0x08006d3c   0x000000d0   Code   RO         3449    i.CheckLogBuff      flowbill.o
    0x08006e0c   0x00000074   Code   RO         3791    i.CheckMaxEntry     general.o
    0x08006e80   0x00000318   Code   RO         5076    i.CheckMixMatch     plu.o
    0x08007198   0x00000838   Code   RO         3289    i.CheckMode         firmkey.o
    0x080079d0   0x000000e4   Code   RO         1897    i.CheckModifier     buffer.o
    0x08007ab4   0x000000c4   Code   RO         3399    i.CheckMultiply     fixed.o
    0x08007b78   0x0000001c   Code   RO         2656    i.CheckNotZero      extmodules.o
    0x08007b94   0x00000010   Code   RO         2657    i.CheckOnLine       extmodules.o
    0x08007ba4   0x0000014c   Code   RO         2658    i.CheckPWD          extmodules.o
    0x08007cf0   0x000004dc   Code   RO         3973    i.CheckPluFile      hardtest.o
    0x080081cc   0x000002b8   Code   RO         4569    i.CheckPrinter      kp.o
    0x08008484   0x00000288   Code   RO         5077    i.CheckRandomPlu    plu.o
    0x0800870c   0x0000016c   Code   RO         5255    i.CheckSlip         print.o
    0x08008878   0x0000001a   Code   RO          276    i.CheckSum          interface.o
    0x08008892   0x00000002   PAD
    0x08008894   0x000003bc   Code   RO         6268    i.CheckTime         timer.o
    0x08008c50   0x00000150   Code   RO         5903    i.CheckTotal        report.o
    0x08008da0   0x000002b0   Code   RO         4094    i.ChipCard          iccard.o
    0x08009050   0x00000138   Code   RO         2129    i.ChnInput          chninput.o
    0x08009188   0x00000018   Code   RO          595    i.CleanKeyboard     keyboard.o
    0x080091a0   0x000001ac   Code   RO         5835    i.ClearAllReport    report2.o
    0x0800934c   0x00000014   Code   RO         4378    i.ClearApplMemory   initappl.o
    0x08009360   0x0000008c   Code   RO         3792    i.ClearEntry        general.o
    0x080093ec   0x0000003c   Code   RO         5256    i.ClearFlashChar    print.o
    0x08009428   0x00000020   Code   RO         1969    i.ClearLine         chndisp.o
    0x08009448   0x00000104   Code   RO         3450    i.ClearLogFor       flowbill.o
    0x0800954c   0x000000e4   Code   RO         4950    i.ClearPb           pb.o
    0x08009630   0x00000010   Code   RO         4756    i.ClearVirtualInput  menu.o
    0x08009640   0x00000124   Code   RO         4095    i.Clear_CHIP        iccard.o
    0x08009764   0x00000028   Code   RO         1970    i.ClsArea           chndisp.o
    0x0800978c   0x0000001e   Code   RO         1972    i.ClsState1         chndisp.o
    0x080097aa   0x0000001e   Code   RO         1973    i.ClsState12        chndisp.o
    0x080097c8   0x0000001e   Code   RO         1974    i.ClsState2         chndisp.o
    0x080097e6   0x00000002   PAD
    0x080097e8   0x000000a4   Code   RO          278    i.ClsXRam           interface.o
    0x0800988c   0x0000003c   Code   RO         1142    i.CmdError          sdio_sd.o
    0x080098c8   0x00000054   Code   RO         4570    i.CmdExtPrinter     kp.o
    0x0800991c   0x0000014c   Code   RO         1143    i.CmdResp1Error     sdio_sd.o
    0x08009a68   0x00000060   Code   RO         1144    i.CmdResp2Error     sdio_sd.o
    0x08009ac8   0x00000048   Code   RO         1145    i.CmdResp3Error     sdio_sd.o
    0x08009b10   0x000000b0   Code   RO         1146    i.CmdResp6Error     sdio_sd.o
    0x08009bc0   0x00000064   Code   RO         1147    i.CmdResp7Error     sdio_sd.o
    0x08009c24   0x00000098   Code   RO         5257    i.CmdSlip           print.o
    0x08009cbc   0x00000a48   Code   RO         3451    i.Collect_Data      flowbill.o
    0x0800a704   0x000000ac   Code   RO         3452    i.Collect_Given     flowbill.o
    0x0800a7b0   0x000000cc   Code   RO         2659    i.CompareBCD        extmodules.o
    0x0800a87c   0x0000003e   Code   RO         2660    i.CompareBCDValue   extmodules.o
    0x0800a8ba   0x00000002   PAD
    0x0800a8bc   0x00000048   Code   RO         2252    i.Computer          computer.o
    0x0800a904   0x00000090   Code   RO         2662    i.Correct_BCDValue1  extmodules.o
    0x0800a994   0x00000400   Code   RO         2395    i.Correction        correc.o
    0x0800ad94   0x000000d0   Code   RO         2437    i.Currency          currency.o
    0x0800ae64   0x000000a0   Code   RO         4571    i.CutExtPrinter     kp.o
    0x0800af04   0x00000018   Code   RO         7343    i.DMA_Cmd           stm32f10x_dma.o
    0x0800af1c   0x0000014c   Code   RO         7344    i.DMA_DeInit        stm32f10x_dma.o
    0x0800b068   0x0000003c   Code   RO         7349    i.DMA_Init          stm32f10x_dma.o
    0x0800b0a4   0x0000008c   Code   RO         2664    i.DateTimeToStr     extmodules.o
    0x0800b130   0x00000048   Code   RO         2665    i.DaysAMonth        extmodules.o
    0x0800b178   0x00000058   Code   RO         5224    i.DeCodeProto       port.o
    0x0800b1d0   0x00000084   Code   RO         2666    i.DeDateToStr       extmodules.o
    0x0800b254   0x00000002   Code   RO          932    i.DebugMon_Handler  stm32f10x_it.o
    0x0800b256   0x00000012   Code   RO         4757    i.DecRecIndex       menu.o
    0x0800b268   0x00000072   Code   RO         4096    i.DecodeDateSelf    iccard.o
    0x0800b2da   0x00000002   PAD
    0x0800b2dc   0x00000038   Code   RO         5453    i.DeleteHeader      program.o
    0x0800b314   0x00000038   Code   RO         5454    i.DeleteSlipHead    program.o
    0x0800b34c   0x00000038   Code   RO         5455    i.DeleteTrailer     program.o
    0x0800b384   0x000000d0   Code   RO         2669    i.DeptPluKeysCount  extmodules.o
    0x0800b454   0x00000bd4   Code   RO         2531    i.Discount          discount.o
    0x0800c028   0x000000a8   Code   RO         3739    i.DispAmtStr        format.o
    0x0800c0d0   0x000000c4   Code   RO         1975    i.DispCharXY        chndisp.o
    0x0800c194   0x000000cc   Code   RO         3453    i.DispDateRecNo     flowbill.o
    0x0800c260   0x00000194   Code   RO         3454    i.DispDept          flowbill.o
    0x0800c3f4   0x000000b0   Code   RO         3455    i.DispDirectDisc    flowbill.o
    0x0800c4a4   0x0000006c   Code   RO         2583    i.DispDrawerTotal   drawer.o
    0x0800c510   0x00000002   Code   RO         3456    i.DispEcrNum        flowbill.o
    0x0800c512   0x00000002   PAD
    0x0800c514   0x0000003c   Code   RO         3457    i.DispEnd           flowbill.o
    0x0800c550   0x000001f4   Code   RO         5904    i.DispGrandTotal    report.o
    0x0800c744   0x00000048   Code   RO         4758    i.DispIndex         menu.o
    0x0800c78c   0x00000002   Code   RO         3458    i.DispInsertIC      flowbill.o
    0x0800c78e   0x00000002   PAD
    0x0800c790   0x0000005c   Code   RO         1976    i.DispLFStr         chndisp.o
    0x0800c7ec   0x00000002   Code   RO         3459    i.DispMessage       flowbill.o
    0x0800c7ee   0x00000002   Code   RO         3460    i.DispModeLock      flowbill.o
    0x0800c7f0   0x00000002   Code   RO         3461    i.DispNULL          flowbill.o
    0x0800c7f2   0x00000002   PAD
    0x0800c7f4   0x0000010c   Code   RO         3462    i.DispNew           flowbill.o
    0x0800c900   0x00000078   Code   RO         3463    i.DispNonAdd        flowbill.o
    0x0800c978   0x0000008c   Code   RO         3464    i.DispOperator      flowbill.o
    0x0800ca04   0x00000040   Code   RO         3465    i.DispPbClose       flowbill.o
    0x0800ca44   0x0000007c   Code   RO         3466    i.DispPbOpen        flowbill.o
    0x0800cac0   0x000000b0   Code   RO         3467    i.DispPbTransTo     flowbill.o
    0x0800cb70   0x000000e8   Code   RO         3468    i.DispPercentDisc   flowbill.o
    0x0800cc58   0x000001d4   Code   RO         3469    i.DispPlu           flowbill.o
    0x0800ce2c   0x00000068   Code   RO         3470    i.DispPoRa          flowbill.o
    0x0800ce94   0x0000005c   Code   RO         3740    i.DispQtyStr        format.o
    0x0800cef0   0x00000002   Code   RO         3471    i.DispRPEnd         flowbill.o
    0x0800cef2   0x00000002   PAD
    0x0800cef4   0x000003ec   Code   RO         3472    i.DispRefreshIC     flowbill.o
    0x0800d2e0   0x00000002   Code   RO         3473    i.DispSetPrice      flowbill.o
    0x0800d2e2   0x00000002   PAD
    0x0800d2e4   0x00000108   Code   RO         1978    i.DispStrXY         chndisp.o
    0x0800d3ec   0x0000004a   Code   RO         1979    i.DispStr_Right     chndisp.o
    0x0800d436   0x00000002   PAD
    0x0800d438   0x00000058   Code   RO         2670    i.DispSubTotal      extmodules.o
    0x0800d490   0x000000bc   Code   RO         3474    i.DispSubTotalDirDisc  flowbill.o
    0x0800d54c   0x0000010c   Code   RO         3475    i.DispSubTotalDisc  flowbill.o
    0x0800d658   0x0000003c   Code   RO         3476    i.DispSubTotals     flowbill.o
    0x0800d694   0x00000130   Code   RO         3477    i.DispTAX           flowbill.o
    0x0800d7c4   0x000000b8   Code   RO         3478    i.DispTender        flowbill.o
    0x0800d87c   0x0000006c   Code   RO         3479    i.DispVAT           flowbill.o
    0x0800d8e8   0x0000004c   Code   RO         3480    i.DispVoid          flowbill.o
    0x0800d934   0x0000006c   Code   RO         3481    i.DispZERO          flowbill.o
    0x0800d9a0   0x00000118   Code   RO         1980    i.DisplayChar       chndisp.o
    0x0800dab8   0x0000004c   Code   RO         2671    i.DisplayDecXY      extmodules.o
    0x0800db04   0x00000284   Code   RO         4097    i.DisplayECRVIP     iccard.o
    0x0800dd88   0x00000594   Code   RO         3292    i.DisplayOption     firmkey.o
    0x0800e31c   0x000001d0   Code   RO         3793    i.DisplayPointerTotal  general.o
    0x0800e4ec   0x00000078   Code   RO         3794    i.DisplayPrompt     general.o
    0x0800e564   0x00000002   Code   RO         3293    i.DisplayRecNo      firmkey.o
    0x0800e566   0x00000002   PAD
    0x0800e568   0x00000424   Code   RO         3294    i.DisplaySetup      firmkey.o
    0x0800e98c   0x00000094   Code   RO         3295    i.DisplaySetup1stMenu  firmkey.o
    0x0800ea20   0x00000068   Code   RO         3795    i.DisplayTotal      general.o
    0x0800ea88   0x00000074   Code   RO         5836    i.DisplayXZMenu     report2.o
    0x0800eafc   0x00000228   Code   RO         2675    i.Divide            extmodules.o
    0x0800ed24   0x00000002   Code   RO         2253    i.DowmLoadBINCLIB   computer.o
    0x0800ed26   0x00000002   Code   RO         2254    i.DowmLoadGRB       computer.o
    0x0800ed28   0x00000194   Code   RO         2584    i.Drawer            drawer.o
    0x0800eebc   0x00000018   Code   RO          280    i.DrawerOpen        interface.o
    0x0800eed4   0x000000dc   Code   RO         2676    i.ECRFuncCodeToName  extmodules.o
    0x0800efb0   0x00000218   Code   RO         4098    i.ECRVIPLogin       iccard.o
    0x0800f1c8   0x00000038   Code   RO          933    i.EXTI2_IRQHandler  stm32f10x_it.o
    0x0800f200   0x00000030   Code   RO          934    i.EXTI9_5_IRQHandler  stm32f10x_it.o
    0x0800f230   0x000000d4   Code   RO          596    i.EXTILine_Init     keyboard.o
    0x0800f304   0x0000000c   Code   RO         7414    i.EXTI_ClearITPendingBit  stm32f10x_exti.o
    0x0800f310   0x00000028   Code   RO         7418    i.EXTI_GetITStatus  stm32f10x_exti.o
    0x0800f338   0x00000094   Code   RO         7419    i.EXTI_Init         stm32f10x_exti.o
    0x0800f3cc   0x00000030   Code   RO         4099    i.EcrBCD2icBCD      iccard.o
    0x0800f3fc   0x0000002c   Code   RO         2678    i.EmptyComm         extmodules.o
    0x0800f428   0x0000000c   Code   RO          597    i.EnableBeep        keyboard.o
    0x0800f434   0x0000006e   Code   RO         4100    i.EncodeDateSelf    iccard.o
    0x0800f4a2   0x0000003c   Code   RO         2679    i.EncordDate        extmodules.o
    0x0800f4de   0x00000038   Code   RO        10556    i.Ethernet_Start    ch395.o
    0x0800f516   0x00000002   PAD
    0x0800f518   0x0000012c   Code   RO         5456    i.Exchange2Port     program.o
    0x0800f644   0x00000534   Code   RO         3482    i.ExploreLog        flowbill.o
    0x0800fb78   0x0000006c   Code   RO          218    i.FSMC_IOInit       fsmc_sram.o
    0x0800fbe4   0x000000a8   Code   RO          219    i.FSMC_Init         fsmc_sram.o
    0x0800fc8c   0x00000034   Code   RO         7652    i.FSMC_NORSRAMCmd   stm32f10x_fsmc.o
    0x0800fcc0   0x000000e6   Code   RO         7654    i.FSMC_NORSRAMInit  stm32f10x_fsmc.o
    0x0800fda6   0x00000002   PAD
    0x0800fda8   0x00000050   Code   RO         5258    i.FeedSlip          print.o
    0x0800fdf8   0x000001c8   Code   RO         1148    i.FindSCR           sdio_sd.o
    0x0800ffc0   0x00000d8c   Code   RO         3400    i.Fixed             fixed.o
    0x08010d4c   0x000000ac   Code   RO         3974    i.FormPrtConfInf    hardtest.o
    0x08010df8   0x0000005c   Code   RO         3741    i.FormatAmt         format.o
    0x08010e54   0x00000064   Code   RO         3742    i.FormatAmtStr      format.o
    0x08010eb8   0x00000444   Code   RO         2680    i.FormatBCD         extmodules.o
    0x080112fc   0x00000014   Code   RO         3743    i.FormatQty         format.o
    0x08011310   0x00000064   Code   RO         3744    i.FormatQtyStr      format.o
    0x08011374   0x0000008c   Code   RO         3745    i.FormatStrQtyPriAmt  format.o
    0x08011400   0x00000040   Code   RO         7764    i.GPIO_EXTILineConfig  stm32f10x_gpio.o
    0x08011440   0x00000116   Code   RO         7767    i.GPIO_Init         stm32f10x_gpio.o
    0x08011556   0x00000002   PAD
    0x08011558   0x00000090   Code   RO         7769    i.GPIO_PinRemapConfig  stm32f10x_gpio.o
    0x080115e8   0x00000004   Code   RO         7774    i.GPIO_ResetBits    stm32f10x_gpio.o
    0x080115ec   0x00000004   Code   RO         7775    i.GPIO_SetBits      stm32f10x_gpio.o
    0x080115f0   0x00000008   Code   RO         4759    i.GetActiveItemStr  menu.o
    0x080115f8   0x00000154   Code   RO         5457    i.GetBCDValue       program.o
    0x0801174c   0x00000070   Code   RO         5396    i.GetByte           progopt.o
    0x080117bc   0x00000034   Code   RO         5458    i.GetByteValue      program.o
    0x080117f0   0x00000088   Code   RO          281    i.GetCTS            interface.o
    0x08011878   0x00000028   Code   RO         2222    i.GetClerkOffSet    clerk.o
    0x080118a0   0x00000024   Code   RO         2396    i.GetCorrecOffSet   correc.o
    0x080118c4   0x00000024   Code   RO         2438    i.GetCurrOffSet     currency.o
    0x080118e8   0x000000c8   Code   RO         2439    i.GetCurrency       currency.o
    0x080119b0   0x000000ac   Code   RO         2681    i.GetDaysFrom1900   extmodules.o
    0x08011a5c   0x00000024   Code   RO         2479    i.GetDeptOffSet     depart.o
    0x08011a80   0x0000007c   Code   RO         5397    i.GetDevicePort     progopt.o
    0x08011afc   0x00000024   Code   RO         2532    i.GetDiscOffSet     discount.o
    0x08011b20   0x00000024   Code   RO         2585    i.GetDrawerOffSet   drawer.o
    0x08011b44   0x00000044   Code   RO         4654    i.GetEntry          main.o
    0x08011b88   0x00000028   Code   RO         3297    i.GetFirmkeyID      firmkey.o
    0x08011bb0   0x00000024   Code   RO         3944    i.GetGroupOffSet    group.o
    0x08011bd4   0x0000014c   Code   RO         5459    i.GetHEXValue       program.o
    0x08011d20   0x00000044   Code   RO         5398    i.GetHexBytes       progopt.o
    0x08011d64   0x00000020   Code   RO         4336    i.GetICBlockOffSet  iccardblock.o
    0x08011d84   0x000000d8   Code   RO         5460    i.GetIP             program.o
    0x08011e5c   0x00000064   Code   RO         4760    i.GetInputByListItems  menu.o
    0x08011ec0   0x00000114   Code   RO         3298    i.GetInputForMenu   firmkey.o
    0x08011fd4   0x00000058   Code   RO         5079    i.GetLinkNumber     plu.o
    0x0801202c   0x00000024   Code   RO         4882    i.GetModiOffSet     modifier.o
    0x08012050   0x000001a0   Code   RO         4883    i.GetModifier       modifier.o
    0x080121f0   0x00000070   Code   RO         2131    i.GetNumric         chninput.o
    0x08012260   0x00000024   Code   RO         4912    i.GetOFFPriceOffSet  offprice.o
    0x08012284   0x00000844   Code   RO         5399    i.GetOpt            progopt.o
    0x08012ac8   0x00000024   Code   RO         4951    i.GetPbFOffSet      pb.o
    0x08012aec   0x00000198   Code   RO         4952    i.GetPbNumber       pb.o
    0x08012c84   0x0000002c   Code   RO         4953    i.GetPbtOffSet      pb.o
    0x08012cb0   0x00000034   Code   RO         5080    i.GetPluNumber      plu.o
    0x08012ce4   0x00000024   Code   RO         5081    i.GetPluOffSet      plu.o
    0x08012d08   0x000000f0   Code   RO         2480    i.GetPluPrint       depart.o
    0x08012df8   0x00000024   Code   RO         5189    i.GetPoRaOffSet     pora.o
    0x08012e1c   0x00000084   Code   RO         5400    i.GetPortRate       progopt.o
    0x08012ea0   0x000000f0   Code   RO         3382    i.GetReceiptNumber  fiscal.o
    0x08012f90   0x0000050c   Code   RO         4729    i.GetRecordSize     memory.o
    0x0801349c   0x00000470   Code   RO         5905    i.GetReport         report.o
    0x0801390c   0x00000038   Code   RO         1982    i.GetStrFr          chndisp.o
    0x08013944   0x00000130   Code   RO         2683    i.GetStrFrKBD       extmodules.o
    0x08013a74   0x00000180   Code   RO         5461    i.GetString         program.o
    0x08013bf4   0x000001c4   Code   RO         2132    i.GetStringCHN      chninput.o
    0x08013db8   0x0000017c   Code   RO         5906    i.GetSystemReport   report.o
    0x08013f34   0x00000024   Code   RO         6177    i.GetTaxOffSet      tax.o
    0x08013f58   0x00000024   Code   RO         6233    i.GetTenderOffSet   tender.o
    0x08013f7c   0x00000074   Code   RO         2684    i.GetTimeDate       extmodules.o
    0x08013ff0   0x000000f8   Code   RO         6269    i.GetTimeZones      timer.o
    0x080140e8   0x00000070   Code   RO         4101    i.GetValue          iccard.o
    0x08014158   0x00000038   Code   RO         2685    i.GetWeekDay        extmodules.o
    0x08014190   0x00000068   Code   RO         3796    i.GetWordEntry      general.o
    0x080141f8   0x00000094   Code   RO         5462    i.GetWordValue      program.o
    0x0801428c   0x00000060   Code   RO          598    i.Getch             keyboard.o
    0x080142ec   0x00000010   Code   RO          599    i.GetchLockVal      keyboard.o
    0x080142fc   0x0000003c   Code   RO         1984    i.GotoXY            chndisp.o
    0x08014338   0x0000006c   Code   RO         1387    i.GregorianDay      rtc.o
    0x080143a4   0x0000004c   Code   RO         2686    i.HEXtoASC          extmodules.o
    0x080143f0   0x00000070   Code   RO         2687    i.HEXtoASCX0        extmodules.o
    0x08014460   0x000000dc   Code   RO          282    i.HW_GPIOInit       interface.o
    0x0801453c   0x00000004   Code   RO          935    i.HardFault_Handler  stm32f10x_it.o
    0x08014540   0x000002ac   Code   RO         3975    i.HardTest          hardtest.o
    0x080147ec   0x0000004e   Code   RO         2688    i.HexToLong64       extmodules.o
    0x0801483a   0x00000002   PAD
    0x0801483c   0x00000148   Code   RO         4102    i.ICToMFR           iccard.o
    0x08014984   0x0000005e   Code   RO         5463    i.IPToNum           program.o
    0x080149e2   0x00000012   Code   RO         4761    i.IncRecIndex       menu.o
    0x080149f4   0x00000002   Code   RO         4379    i.InitAgree         initappl.o
    0x080149f6   0x00000002   PAD
    0x080149f8   0x00000a0c   Code   RO         4380    i.InitApplication   initappl.o
    0x08015404   0x00000048   Code   RO        10558    i.InitCH395InfParam  ch395.o
    0x0801544c   0x0000006c   Code   RO         4381    i.InitClerk         initappl.o
    0x080154b8   0x00000054   Code   RO         4382    i.InitCorrec        initappl.o
    0x0801550c   0x00000058   Code   RO         4383    i.InitCurr          initappl.o
    0x08015564   0x0000010c   Code   RO         4384    i.InitDept          initappl.o
    0x08015670   0x00000058   Code   RO         4385    i.InitDisc          initappl.o
    0x080156c8   0x00000054   Code   RO         4386    i.InitDrawer        initappl.o
    0x0801571c   0x00000020   Code   RO         4103    i.InitECRVIP        iccard.o
    0x0801573c   0x00000030   Code   RO         4387    i.InitGraph         initappl.o
    0x0801576c   0x00000080   Code   RO         4388    i.InitGroup         initappl.o
    0x080157ec   0x00000050   Code   RO         4389    i.InitKeyMacro      initappl.o
    0x0801583c   0x00000070   Code   RO         4390    i.InitModifier      initappl.o
    0x080158ac   0x00000044   Code   RO          687    i.InitMonitor       monitor.o
    0x080158f0   0x0000005c   Code   RO         4391    i.InitOFFPrice      initappl.o
    0x0801594c   0x00000118   Code   RO         4392    i.InitPbF           initappl.o
    0x08015a64   0x00000134   Code   RO         4393    i.InitPlu           initappl.o
    0x08015b98   0x00000054   Code   RO         4394    i.InitPoRa          initappl.o
    0x08015bec   0x0000004c   Code   RO         4395    i.InitPort          initappl.o
    0x08015c38   0x00000002   Code   RO         4396    i.InitSalPer        initappl.o
    0x08015c3a   0x00000002   PAD
    0x08015c3c   0x00000048   Code   RO        10559    i.InitSocketParam   ch395.o
    0x08015c84   0x000000a4   Code   RO         5464    i.InitSysFlag       program.o
    0x08015d28   0x00000054   Code   RO         4397    i.InitTax           initappl.o
    0x08015d7c   0x00000058   Code   RO         4398    i.InitTender        initappl.o
    0x08015dd4   0x0000005c   Code   RO         3483    i.Init_Flow         flowbill.o
    0x08015e30   0x00000118   Code   RO         4104    i.Initial_CHIP      iccard.o
    0x08015f48   0x00000144   Code   RO         4399    i.Initial_DateTime  initappl.o
    0x0801608c   0x000000a0   Code   RO         2134    i.InputEXASCII      chninput.o
    0x0801612c   0x000001bc   Code   RO         2690    i.InputWord         extmodules.o
    0x080162e8   0x000000bc   Code   RO         2691    i.InputYesNo        extmodules.o
    0x080163a4   0x00000088   Code   RO         5401    i.InvertBit         progopt.o
    0x0801642c   0x000001c8   Code   RO         4573    i.IssueKp           kp.o
    0x080165f4   0x0000000c   Code   RO         2692    i.JFeed             extmodules.o
    0x08016600   0x0000006c   Code   RO         4655    i.KbHit             main.o
    0x0801666c   0x00000018   Code   RO          600    i.KeyBoardDeInit    keyboard.o
    0x08016684   0x00000038   Code   RO          601    i.KeyBoardInit      keyboard.o
    0x080166bc   0x00000308   Code   RO         4656    i.KeyInput          main.o
    0x080169c4   0x0000006c   Code   RO         4574    i.KpEnd             kp.o
    0x08016a30   0x00000194   Code   RO         4575    i.KpHeader          kp.o
    0x08016bc4   0x0000000e   Code   RO         1451    i.LED_Delay         led_customer.o
    0x08016bd2   0x00000002   PAD
    0x08016bd4   0x00000064   Code   RO         1452    i.LED_Init          led_customer.o
    0x08016c38   0x00000028   Code   RO         1453    i.LED_Off           led_customer.o
    0x08016c60   0x0000000c   Code   RO         1454    i.LED_On            led_customer.o
    0x08016c6c   0x00000068   Code   RO         1455    i.LED_Refresh       led_customer.o
    0x08016cd4   0x00000040   Code   RO         1456    i.LED_SendBit       led_customer.o
    0x08016d14   0x00000070   Code   RO         1457    i.LED_SendData      led_customer.o
    0x08016d84   0x000000b4   Code   RO         2693    i.LeftShiftBCD      extmodules.o
    0x08016e38   0x00000788   Code   RO         2135    i.LineEditor        chninput.o
    0x080175c0   0x0000001c   Code   RO         4337    i.ListICBlock       iccardblock.o
    0x080175dc   0x00000a50   Code   RO         4762    i.ListItems         menu.o
    0x0801802c   0x00000338   Code   RO         3484    i.LoadReceipLog     flowbill.o
    0x08018364   0x0000015c   Code   RO         5082    i.LookPlu           plu.o
    0x080184c0   0x00000230   Code   RO         4105    i.MFRToIC           iccard.o
    0x080186f0   0x00000218   Code   RO         2694    i.MGFunctions       extmodules.o
    0x08018908   0x000000a0   Code   RO         5837    i.MakeTime          report2.o
    0x080189a8   0x00000004   Code   RO          936    i.MemManage_Handler  stm32f10x_it.o
    0x080189ac   0x00000288   Code   RO         2695    i.Multiply          extmodules.o
    0x08018c34   0x00000002   Code   RO          937    i.NMI_Handler       stm32f10x_it.o
    0x08018c36   0x00000002   PAD
    0x08018c38   0x00000070   Code   RO         6616    i.NVIC_Init         misc.o
    0x08018ca8   0x00000014   Code   RO         6617    i.NVIC_PriorityGroupConfig  misc.o
    0x08018cbc   0x00000028   Code   RO         1150    i.NVIC_SDConfiguration  sdio_sd.o
    0x08018ce4   0x000002e4   Code   RO         5465    i.NewProgSysFlag    program.o
    0x08018fc8   0x00000038   Code   RO         3401    i.NewReceipt        fixed.o
    0x08019000   0x0000033c   Code   RO         6270    i.NewTimeDate       timer.o
    0x0801933c   0x00000084   Code   RO         5466    i.NumToIP           program.o
    0x080193c0   0x00000014   Code   RO         2586    i.OpenDrawer        drawer.o
    0x080193d4   0x00000030   Code   RO         1985    i.OpenMess          chndisp.o
    0x08019404   0x00000026   Code   RO         4657    i.OutPrint          main.o
    0x0801942a   0x00000002   PAD
    0x0801942c   0x00000044   Code   RO         4658    i.OutPrintEx        main.o
    0x08019470   0x0000000c   Code   RO         8121    i.PWR_BackupAccessCmd  stm32f10x_pwr.o
    0x0801947c   0x00000388   Code   RO         5190    i.PaidOutRa         pora.o
    0x08019804   0x0000011c   Code   RO         4106    i.PayByChipCard     iccard.o
    0x08019920   0x0000030c   Code   RO         5038    i.PbBuffer          pbbuffer.o
    0x08019c2c   0x000013fc   Code   RO         4954    i.PbFunction        pb.o
    0x0801b028   0x00000294   Code   RO         4955    i.PbTotal           pb.o
    0x0801b2bc   0x00000002   Code   RO          938    i.PendSV_Handler    stm32f10x_it.o
    0x0801b2be   0x00000022   Code   RO         5907    i.PeriodSkip        report.o
    0x0801b2e0   0x000000f0   Code   RO         5908    i.Plu_XReport       report.o
    0x0801b3d0   0x00000160   Code   RO         4107    i.PointsByChipCard  iccard.o
    0x0801b530   0x000001a8   Code   RO         4108    i.PointsByECRVIP    iccard.o
    0x0801b6d8   0x00000028   Code   RO         2697    i.PosOfFuncKey      extmodules.o
    0x0801b700   0x00000080   Code   RO         5259    i.PrePrintHead      print.o
    0x0801b780   0x0000074c   Code   RO         5260    i.PrintAllons       print.o
    0x0801becc   0x00000014   Code   RO         5261    i.PrintAmt          print.o
    0x0801bee0   0x00000268   Code   RO         4576    i.PrintArticle      kp.o
    0x0801c148   0x0000054c   Code   RO         4109    i.PrintChipCard     iccard.o
    0x0801c694   0x000004f8   Code   RO         3976    i.PrintConfInf      hardtest.o
    0x0801cb8c   0x000000e8   Code   RO         5909    i.PrintCorrec       report.o
    0x0801cc74   0x00000040   Code   RO         5910    i.PrintCorrecReport  report.o
    0x0801ccb4   0x00000040   Code   RO         5911    i.PrintCurrReport   report.o
    0x0801ccf4   0x00000090   Code   RO         5912    i.PrintCurrency     report.o
    0x0801cd84   0x000000b0   Code   RO         5913    i.PrintDept         report.o
    0x0801ce34   0x00000040   Code   RO         5914    i.PrintDeptReport   report.o
    0x0801ce74   0x000003d0   Code   RO         5083    i.PrintDept_PLU     plu.o
    0x0801d244   0x00000040   Code   RO         5915    i.PrintDisc         report.o
    0x0801d284   0x00000040   Code   RO         5916    i.PrintDiscReport   report.o
    0x0801d2c4   0x00000040   Code   RO         5917    i.PrintDrawReport   report.o
    0x0801d304   0x0000004c   Code   RO         5918    i.PrintDrawer       report.o
    0x0801d350   0x000002b0   Code   RO         4110    i.PrintECRVIP       iccard.o
    0x0801d600   0x000000cc   Code   RO         3485    i.PrintFlowQtyAmt   flowbill.o
    0x0801d6cc   0x00000002   Code   RO         2699    i.PrintGraphics     extmodules.o
    0x0801d6ce   0x00000002   PAD
    0x0801d6d0   0x00000090   Code   RO         5919    i.PrintGroup        report.o
    0x0801d760   0x00000040   Code   RO         5920    i.PrintGroupReport  report.o
    0x0801d7a0   0x000000ec   Code   RO         5262    i.PrintHead1        print.o
    0x0801d88c   0x000000f0   Code   RO         4338    i.PrintICBlock      iccardblock.o
    0x0801d97c   0x0000004c   Code   RO         4111    i.PrintICMessage    iccard.o
    0x0801d9c8   0x000000a0   Code   RO         2700    i.PrintKeyboard     extmodules.o
    0x0801da68   0x00000168   Code   RO         4577    i.PrintKp           kp.o
    0x0801dbd0   0x00000024   Code   RO         5263    i.PrintLine         print.o
    0x0801dbf4   0x0000003c   Code   RO         3977    i.PrintLine2        hardtest.o
    0x0801dc30   0x000000b0   Code   RO         4764    i.PrintMGMenu       menu.o
    0x0801dce0   0x00000024   Code   RO         3797    i.PrintMessage      general.o
    0x0801dd04   0x00000068   Code   RO         2481    i.PrintModifiers    depart.o
    0x0801dd6c   0x00000054   Code   RO         4956    i.PrintNewBal       pb.o
    0x0801ddc0   0x00000094   Code   RO         3402    i.PrintNumber       fixed.o
    0x0801de54   0x0000038c   Code   RO         5921    i.PrintOpenPb       report.o
    0x0801e1e0   0x00000084   Code   RO         5922    i.PrintPb           report.o
    0x0801e264   0x00000080   Code   RO         5923    i.PrintPbF          report.o
    0x0801e2e4   0x00000048   Code   RO         5924    i.PrintPbFReport    report.o
    0x0801e32c   0x000001c4   Code   RO         4957    i.PrintPbHeader     pb.o
    0x0801e4f0   0x00000290   Code   RO         5039    i.PrintPbItem       pbbuffer.o
    0x0801e780   0x00000100   Code   RO         4578    i.PrintPbKp         kp.o
    0x0801e880   0x000000e4   Code   RO         3799    i.PrintPbTrailer    general.o
    0x0801e964   0x00000048   Code   RO         5925    i.PrintPbtReport    report.o
    0x0801e9ac   0x000000b0   Code   RO         5926    i.PrintPlu          report.o
    0x0801ea5c   0x00000054   Code   RO         5927    i.PrintPluReport    report.o
    0x0801eab0   0x00000090   Code   RO         5928    i.PrintPoRa         report.o
    0x0801eb40   0x00000040   Code   RO         5929    i.PrintPoRaReport   report.o
    0x0801eb80   0x00000130   Code   RO         5930    i.PrintPointReport  report.o
    0x0801ecb0   0x00000128   Code   RO         5838    i.PrintPointType    report2.o
    0x0801edd8   0x00000014   Code   RO         5264    i.PrintQty          print.o
    0x0801edec   0x0000068c   Code   RO         5265    i.PrintQtyAmt       print.o
    0x0801f478   0x000000cc   Code   RO         5266    i.PrintRJ           print.o
    0x0801f544   0x00000044   Code   RO         5931    i.PrintRange        report.o
    0x0801f588   0x000003dc   Code   RO         5267    i.PrintRegiInfo     print.o
    0x0801f964   0x000007d8   Code   RO         5932    i.PrintReport       report.o
    0x0802013c   0x00000114   Code   RO         5839    i.PrintReportHeader  report2.o
    0x08020250   0x0000009c   Code   RO         5933    i.PrintReportType   report.o
    0x080202ec   0x0000006c   Code   RO         3800    i.PrintSaleQty      general.o
    0x08020358   0x0000015c   Code   RO         3299    i.PrintSetupMenu    firmkey.o
    0x080204b4   0x00000174   Code   RO         5268    i.PrintSlip         print.o
    0x08020628   0x00000128   Code   RO         5269    i.PrintSlipPage     print.o
    0x08020750   0x00000012   Code   RO         5270    i.PrintStr          print.o
    0x08020762   0x00000002   PAD
    0x08020764   0x000000a8   Code   RO         2701    i.PrintStr_Center   extmodules.o
    0x0802080c   0x00000138   Code   RO         5934    i.PrintTax          report.o
    0x08020944   0x00000040   Code   RO         5935    i.PrintTaxReport    report.o
    0x08020984   0x00000040   Code   RO         5936    i.PrintTendReport   report.o
    0x080209c4   0x0000004c   Code   RO         5937    i.PrintTender       report.o
    0x08020a10   0x00000918   Code   RO         3801    i.PrintTotal        general.o
    0x08021328   0x0000010c   Code   RO         3978    i.PrintVersion      hardtest.o
    0x08021434   0x00000290   Code   RO         4765    i.PrintXZMenu       menu.o
    0x080216c4   0x00000d98   Code   RO         1898    i.ProBuf            buffer.o
    0x0802245c   0x00000154   Code   RO         1899    i.ProBuf2           buffer.o
    0x080225b0   0x00000560   Code   RO         1900    i.ProcessBuffer     buffer.o
    0x08022b10   0x00001058   Code   RO         2482    i.ProcessDept       depart.o
    0x08023b68   0x000002dc   Code   RO         1901    i.ProcessDeptRecord  buffer.o
    0x08023e44   0x000000cc   Code   RO         3403    i.ProcessFuncLook   fixed.o
    0x08023f10   0x000001b0   Code   RO         4659    i.ProcessFunctions  main.o
    0x080240c0   0x00000434   Code   RO         4660    i.ProcessKey        main.o
    0x080244f4   0x0000012c   Code   RO         3404    i.ProcessKeyMacro   fixed.o
    0x08024620   0x00000280   Code   RO         5084    i.ProcessOnePlu     plu.o
    0x080248a0   0x00000568   Code   RO         5040    i.ProcessPbBuffer   pbbuffer.o
    0x08024e08   0x000001ec   Code   RO         5085    i.ProcessPlu        plu.o
    0x08024ff4   0x000018cc   Code   RO         2256    i.ProcessRecord     computer.o
    0x080268c0   0x000000a0   Code   RO         5840    i.ProcessXFunc      report2.o
    0x08026960   0x000000d4   Code   RO         5841    i.ProcessZFunc      report2.o
    0x08026a34   0x00000100   Code   RO         5468    i.ProgBalance       program.o
    0x08026b34   0x0000007c   Code   RO         5469    i.ProgBarcodeReader  program.o
    0x08026bb0   0x00000328   Code   RO         4112    i.ProgChargeChip    iccard.o
    0x08026ed8   0x00000190   Code   RO         4113    i.ProgClearChip     iccard.o
    0x08027068   0x0000013c   Code   RO         5470    i.ProgClerk         program.o
    0x080271a4   0x000000c8   Code   RO         5471    i.ProgCorrec        program.o
    0x0802726c   0x00000158   Code   RO         5472    i.ProgCurr          program.o
    0x080273c4   0x000002c0   Code   RO         5473    i.ProgDEPTFields    program.o
    0x08027684   0x00000234   Code   RO         5474    i.ProgDate          program.o
    0x080278b8   0x0000020c   Code   RO         5475    i.ProgDept          program.o
    0x08027ac4   0x0000011c   Code   RO         5476    i.ProgDevice        program.o
    0x08027be0   0x0000022c   Code   RO         5477    i.ProgDisc          program.o
    0x08027e0c   0x000000c8   Code   RO         5478    i.ProgDraw          program.o
    0x08027ed4   0x00000280   Code   RO         4114    i.ProgECRVIPPoints  iccard.o
    0x08028154   0x000000f4   Code   RO         5479    i.ProgExtPrinter    program.o
    0x08028248   0x000000f0   Code   RO         5480    i.ProgGroup         program.o
    0x08028338   0x00000200   Code   RO         5481    i.ProgHeader        program.o
    0x08028538   0x00000048   Code   RO         5482    i.ProgHost          program.o
    0x08028580   0x0000027c   Code   RO         5483    i.ProgIC            program.o
    0x080287fc   0x00000144   Code   RO         5484    i.ProgICBlock       program.o
    0x08028940   0x00000124   Code   RO         5485    i.ProgIP            program.o
    0x08028a64   0x00000568   Code   RO         4115    i.ProgInitialChip   iccard.o
    0x08028fcc   0x000001a0   Code   RO         5486    i.ProgKPrn          program.o
    0x0802916c   0x0000015c   Code   RO         5487    i.ProgKeyMacro      program.o
    0x080292c8   0x000000d0   Code   RO         5488    i.ProgModi          program.o
    0x08029398   0x0000010c   Code   RO         5490    i.ProgNewVIP        program.o
    0x080294a4   0x00000210   Code   RO         5491    i.ProgOFF           program.o
    0x080296b4   0x0000035c   Code   RO         5492    i.ProgPLUFields     program.o
    0x08029a10   0x0000012c   Code   RO         5493    i.ProgPbF           program.o
    0x08029b3c   0x0000013c   Code   RO         5494    i.ProgPbInfo        program.o
    0x08029c78   0x000001f8   Code   RO         5495    i.ProgPlu           program.o
    0x08029e70   0x00000110   Code   RO         5496    i.ProgPoRa          program.o
    0x08029f80   0x00000148   Code   RO         5497    i.ProgPointType     program.o
    0x0802a0c8   0x00000234   Code   RO         4116    i.ProgPoints        iccard.o
    0x0802a2fc   0x00000160   Code   RO         5498    i.ProgPrnGraph      program.o
    0x0802a45c   0x000001c4   Code   RO         5499    i.ProgPromotion     program.o
    0x0802a620   0x0000013c   Code   RO         5500    i.ProgReport        program.o
    0x0802a75c   0x00000002   Code   RO         5501    i.ProgSalPer        program.o
    0x0802a75e   0x00000002   PAD
    0x0802a760   0x000001cc   Code   RO         5502    i.ProgSlip          program.o
    0x0802a92c   0x000000c8   Code   RO         5503    i.ProgSlipHead      program.o
    0x0802a9f4   0x000002fc   Code   RO         5504    i.ProgSysFlag       program.o
    0x0802acf0   0x000000a0   Code   RO         5505    i.ProgSysMes        program.o
    0x0802ad90   0x00000114   Code   RO         5506    i.ProgTax           program.o
    0x0802aea4   0x0000012c   Code   RO         5507    i.ProgTend          program.o
    0x0802afd0   0x00000110   Code   RO         5508    i.ProgTime          program.o
    0x0802b0e0   0x00000204   Code   RO         5509    i.ProgTrailer       program.o
    0x0802b2e4   0x000000c8   Code   RO         5510    i.ProgZone          program.o
    0x0802b3ac   0x000001cc   Code   RO         5383    i.ProgramDump       progdump.o
    0x0802b578   0x0000005c   Code   RO         3802    i.PromotionBeep     general.o
    0x0802b5d4   0x00000134   Code   RO         3803    i.PromtionCheck     general.o
    0x0802b708   0x000000d8   Code   RO         1458    i.PutsO             led_customer.o
    0x0802b7e0   0x0000001c   Code   RO         1459    i.PutsO_Saved       led_customer.o
    0x0802b7fc   0x00000050   Code   RO         4339    i.QueryICBlock      iccardblock.o
    0x0802b84c   0x00000018   Code   RO         8181    i.RCC_ADCCLKConfig  stm32f10x_rcc.o
    0x0802b864   0x00000020   Code   RO         8182    i.RCC_AHBPeriphClockCmd  stm32f10x_rcc.o
    0x0802b884   0x00000020   Code   RO         8183    i.RCC_APB1PeriphClockCmd  stm32f10x_rcc.o
    0x0802b8a4   0x00000020   Code   RO         8185    i.RCC_APB2PeriphClockCmd  stm32f10x_rcc.o
    0x0802b8c4   0x00000014   Code   RO         8189    i.RCC_ClearFlag     stm32f10x_rcc.o
    0x0802b8d8   0x000000d4   Code   RO         8193    i.RCC_GetClocksFreq  stm32f10x_rcc.o
    0x0802b9ac   0x0000003c   Code   RO         8194    i.RCC_GetFlagStatus  stm32f10x_rcc.o
    0x0802b9e8   0x00000034   Code   RO         8201    i.RCC_LSEConfig     stm32f10x_rcc.o
    0x0802ba1c   0x0000000c   Code   RO         8208    i.RCC_RTCCLKCmd     stm32f10x_rcc.o
    0x0802ba28   0x00000010   Code   RO         8209    i.RCC_RTCCLKConfig  stm32f10x_rcc.o
    0x0802ba38   0x000001c0   Code   RO         4117    i.RD_ChipCard       iccard.o
    0x0802bbf8   0x000001f8   Code   RO         2257    i.RFH               computer.o
    0x0802bdf0   0x0000001e   Code   RO         2703    i.RFeed             extmodules.o
    0x0802be0e   0x00000002   PAD
    0x0802be10   0x00000014   Code   RO         8383    i.RTC_EnterConfigMode  stm32f10x_rtc.o
    0x0802be24   0x00000014   Code   RO         8384    i.RTC_ExitConfigMode  stm32f10x_rtc.o
    0x0802be38   0x0000002c   Code   RO         8385    i.RTC_GetCounter    stm32f10x_rtc.o
    0x0802be64   0x00000020   Code   RO         8389    i.RTC_ITConfig      stm32f10x_rtc.o
    0x0802be84   0x0000001c   Code   RO         8391    i.RTC_SetCounter    stm32f10x_rtc.o
    0x0802bea0   0x00000020   Code   RO         8392    i.RTC_SetPrescaler  stm32f10x_rtc.o
    0x0802bec0   0x00000014   Code   RO         8393    i.RTC_WaitForLastTask  stm32f10x_rtc.o
    0x0802bed4   0x00000024   Code   RO         8394    i.RTC_WaitForSynchro  stm32f10x_rtc.o
    0x0802bef8   0x00000058   Code   RO         3979    i.RWRand            hardtest.o
    0x0802bf50   0x00000090   Code   RO         2223    i.ReadClerk         clerk.o
    0x0802bfe0   0x00000034   Code   RO         2704    i.ReadComm          extmodules.o
    0x0802c014   0x00000028   Code   RO         2397    i.ReadCorrec        correc.o
    0x0802c03c   0x0000001c   Code   RO         2440    i.ReadCurr          currency.o
    0x0802c058   0x00000084   Code   RO         2483    i.ReadDept          depart.o
    0x0802c0dc   0x00000028   Code   RO         2534    i.ReadDisc          discount.o
    0x0802c104   0x0000001c   Code   RO         2587    i.ReadDrawer        drawer.o
    0x0802c120   0x00000074   Code   RO         4118    i.ReadECRVIPVar     iccard.o
    0x0802c194   0x000001f4   Code   RO         4119    i.ReadFactory       iccard.o
    0x0802c388   0x00000140   Code   RO         2705    i.ReadFlagsList     extmodules.o
    0x0802c4c8   0x00000044   Code   RO         3486    i.ReadFrLogRam      flowbill.o
    0x0802c50c   0x0000003c   Code   RO         4766    i.ReadFromMsg       menu.o
    0x0802c548   0x00000030   Code   RO         2706    i.ReadFuncLook      extmodules.o
    0x0802c578   0x00000050   Code   RO         2707    i.ReadGraphic       extmodules.o
    0x0802c5c8   0x00000028   Code   RO         3945    i.ReadGroup         group.o
    0x0802c5f0   0x0000004c   Code   RO         2708    i.ReadHeader        extmodules.o
    0x0802c63c   0x00000014   Code   RO         4340    i.ReadICBlock       iccardblock.o
    0x0802c650   0x0000012c   Code   RO         4767    i.ReadItemCaption   menu.o
    0x0802c77c   0x00000030   Code   RO         4579    i.ReadKP            kp.o
    0x0802c7ac   0x00000024   Code   RO         2709    i.ReadKeyDesList    extmodules.o
    0x0802c7d0   0x00000024   Code   RO         2710    i.ReadKeyMacro      extmodules.o
    0x0802c7f4   0x0000002c   Code   RO         4884    i.ReadModi          modifier.o
    0x0802c820   0x00000028   Code   RO         2711    i.ReadNumric        extmodules.o
    0x0802c848   0x000000ac   Code   RO         4915    i.ReadOFFPrice      offprice.o
    0x0802c8f4   0x00000014   Code   RO         4958    i.ReadPBTable       pb.o
    0x0802c908   0x0000001c   Code   RO         4959    i.ReadPbF           pb.o
    0x0802c924   0x00000300   Code   RO         5086    i.ReadPlu           plu.o
    0x0802cc24   0x000000a0   Code   RO         5087    i.ReadPluDept       plu.o
    0x0802ccc4   0x00000028   Code   RO         5088    i.ReadPluStock      plu.o
    0x0802ccec   0x0000001c   Code   RO         5191    i.ReadPoRa          pora.o
    0x0802cd08   0x00000034   Code   RO         5226    i.ReadPort          port.o
    0x0802cd3c   0x00000024   Code   RO          283    i.ReadRam           interface.o
    0x0802cd60   0x0000000c   Code   RO         4768    i.ReadRecIndex      menu.o
    0x0802cd6c   0x00000020   Code   RO         2712    i.ReadRepUnit       extmodules.o
    0x0802cd8c   0x00000002   Code   RO         6131    i.ReadSalPer        salper.o
    0x0802cd8e   0x00000002   PAD
    0x0802cd90   0x00000020   Code   RO         2713    i.ReadSlipHeader    extmodules.o
    0x0802cdb0   0x00000040   Code   RO         6178    i.ReadTax           tax.o
    0x0802cdf0   0x00000028   Code   RO         6234    i.ReadTender        tender.o
    0x0802ce18   0x0000013c   Code   RO         3804    i.ReadTotal         general.o
    0x0802cf54   0x0000004c   Code   RO         2714    i.ReadTrail         extmodules.o
    0x0802cfa0   0x00000020   Code   RO         2715    i.ReadXZReport      extmodules.o
    0x0802cfc0   0x00000058   Code   RO         2716    i.ReadZone          extmodules.o
    0x0802d018   0x000000bc   Code   RO         3487    i.Read_Flow         flowbill.o
    0x0802d0d4   0x00000040   Code   RO         4120    i.RecallECRVIP      iccard.o
    0x0802d114   0x00000110   Code   RO         3488    i.RecallFlowHead    flowbill.o
    0x0802d224   0x00000088   Code   RO         1986    i.RecallScreen      chndisp.o
    0x0802d2ac   0x00000094   Code   RO         4400    i.Recall_ApplRam    initappl.o
    0x0802d340   0x00000098   Code   RO         4401    i.Recall_Config     initappl.o
    0x0802d3d8   0x00000450   Code   RO         5271    i.ReceiptIssue      print.o
    0x0802d828   0x000000d8   Code   RO         3805    i.RegiEnd           general.o
    0x0802d900   0x00000200   Code   RO         3806    i.RegiInit          general.o
    0x0802db00   0x000001e8   Code   RO         3807    i.RegiStart         general.o
    0x0802dce8   0x00000030   Code   RO         5272    i.ReleaseSlip       print.o
    0x0802dd18   0x00000278   Code   RO         5842    i.ReportEnd         report2.o
    0x0802df90   0x00000044   Code   RO         5938    i.ResetReport       report.o
    0x0802dfd4   0x000000a8   Code   RO         4402    i.ResetStartAddress  initappl.o
    0x0802e07c   0x000003fc   Code   RO         4403    i.Restore_Sales_Data  initappl.o
    0x0802e478   0x00000130   Code   RO         2717    i.RoundBcd          extmodules.o
    0x0802e5a8   0x00000016   Code   RO         6179    i.RoundTaxable      tax.o
    0x0802e5be   0x00000020   Code   RO         4121    i.SCC_Ccrc          iccard.o
    0x0802e5de   0x00000002   PAD
    0x0802e5e0   0x00000044   Code   RO         4122    i.SCC_Cript         iccard.o
    0x0802e624   0x00000078   Code   RO         4123    i.SCC_SetPswd       iccard.o
    0x0802e69c   0x00000160   Code   RO         1151    i.SDEnWideBus       sdio_sd.o
    0x0802e7fc   0x0000000c   Code   RO         8472    i.SDIO_ClearFlag    stm32f10x_sdio.o
    0x0802e808   0x0000000c   Code   RO         8473    i.SDIO_ClearITPendingBit  stm32f10x_sdio.o
    0x0802e814   0x0000000c   Code   RO         8474    i.SDIO_ClockCmd     stm32f10x_sdio.o
    0x0802e820   0x00000030   Code   RO         8478    i.SDIO_DataConfig   stm32f10x_sdio.o
    0x0802e850   0x00000024   Code   RO         8480    i.SDIO_DeInit       stm32f10x_sdio.o
    0x0802e874   0x0000000c   Code   RO         8481    i.SDIO_GetCommandResponse  stm32f10x_sdio.o
    0x0802e880   0x00000018   Code   RO         8484    i.SDIO_GetFlagStatus  stm32f10x_sdio.o
    0x0802e898   0x00000010   Code   RO         8486    i.SDIO_GetPowerState  stm32f10x_sdio.o
    0x0802e8a8   0x00000018   Code   RO         8487    i.SDIO_GetResponse  stm32f10x_sdio.o
    0x0802e8c0   0x00000008   Code   RO          939    i.SDIO_IRQHandler   stm32f10x_it.o
    0x0802e8c8   0x00000020   Code   RO         8488    i.SDIO_ITConfig     stm32f10x_sdio.o
    0x0802e8e8   0x00000030   Code   RO         8489    i.SDIO_Init         stm32f10x_sdio.o
    0x0802e918   0x0000000c   Code   RO         8490    i.SDIO_ReadData     stm32f10x_sdio.o
    0x0802e924   0x0000002c   Code   RO         8492    i.SDIO_SendCommand  stm32f10x_sdio.o
    0x0802e950   0x0000000c   Code   RO         8494    i.SDIO_SetPowerState  stm32f10x_sdio.o
    0x0802e95c   0x000000b4   Code   RO         1154    i.SD_EnableWideBusOperation  sdio_sd.o
    0x0802ea10   0x00000324   Code   RO         1156    i.SD_GetCardInfo    sdio_sd.o
    0x0802ed34   0x00000090   Code   RO         1162    i.SD_Init           sdio_sd.o
    0x0802edc4   0x00000168   Code   RO         1163    i.SD_InitializeCards  sdio_sd.o
    0x0802ef2c   0x00000074   Code   RO         1167    i.SD_LowLevel_Init  sdio_sd.o
    0x0802efa0   0x000001b8   Code   RO         1169    i.SD_PowerON        sdio_sd.o
    0x0802f158   0x00000058   Code   RO         1170    i.SD_ProcessIRQSrc  sdio_sd.o
    0x0802f1b0   0x00000040   Code   RO         1173    i.SD_SelectDeselect  sdio_sd.o
    0x0802f1f0   0x00000018   Code   RO         8662    i.SPI_Cmd           stm32f10x_spi.o
    0x0802f208   0x0000003c   Code   RO         8675    i.SPI_Init          stm32f10x_spi.o
    0x0802f244   0x0000005a   Code   RO          221    i.SRAM_Move         fsmc_sram.o
    0x0802f29e   0x00000026   Code   RO          222    i.SRAM_ReadBuffer   fsmc_sram.o
    0x0802f2c4   0x00000026   Code   RO          223    i.SRAM_WriteBuffer  fsmc_sram.o
    0x0802f2ea   0x00000002   PAD
    0x0802f2ec   0x00000054   Code   RO         1526    i.ST7565R_IO_Init   lcd_st7565r.o
    0x0802f340   0x00000012   Code   RO         1527    i.ST7565R_NOP       lcd_st7565r.o
    0x0802f352   0x00000002   PAD
    0x0802f354   0x00000058   Code   RO         1528    i.ST7565R_SendData  lcd_st7565r.o
    0x0802f3ac   0x00000024   Code   RO         1529    i.ST7565R_WR_CMD    lcd_st7565r.o
    0x0802f3d0   0x00000024   Code   RO         1530    i.ST7565R_WR_DATA   lcd_st7565r.o
    0x0802f3f4   0x0000001a   Code   RO         2260    i.STH               computer.o
    0x0802f40e   0x00000002   PAD
    0x0802f410   0x000000d0   Code   RO          284    i.STM32_Initial     interface.o
    0x0802f4e0   0x00000020   Code   RO         3490    i.SUB_SCANFP        flowbill.o
    0x0802f500   0x00000002   Code   RO          940    i.SVC_Handler       stm32f10x_it.o
    0x0802f502   0x00000002   PAD
    0x0802f504   0x00000090   Code   RO         4404    i.Save_ApplRam      initappl.o
    0x0802f594   0x0000009c   Code   RO         4405    i.Save_Config       initappl.o
    0x0802f630   0x000000b4   Code   RO         4406    i.Save_ConfigApplVar  initappl.o
    0x0802f6e4   0x0000001c   Code   RO         1987    i.ScreenFeed        chndisp.o
    0x0802f700   0x00000048   Code   RO         1988    i.ScrollScreen      chndisp.o
    0x0802f748   0x000001cc   Code   RO         2224    i.SelectClerk       clerk.o
    0x0802f914   0x00000070   Code   RO         5511    i.SelectGraphic     program.o
    0x0802f984   0x000000bc   Code   RO         2718    i.SelectKeyCode     extmodules.o
    0x0802fa40   0x00000002   Code   RO         6132    i.SelectSalPer      salper.o
    0x0802fa42   0x00000014   Code   RO         2719    i.SendComm          extmodules.o
    0x0802fa56   0x00000002   PAD
    0x0802fa58   0x00000038   Code   RO         2261    i.SendComp          computer.o
    0x0802fa90   0x00000108   Code   RO         4580    i.SendExtPrinter    kp.o
    0x0802fb98   0x000000dc   Code   RO         2262    i.SendRecord        computer.o
    0x0802fc74   0x00000028   Code   RO         2263    i.SendString        computer.o
    0x0802fc9c   0x00000052   Code   RO         2720    i.SetBCDPoint       extmodules.o
    0x0802fcee   0x00000002   PAD
    0x0802fcf0   0x00000048   Code   RO         2721    i.SetComm           extmodules.o
    0x0802fd38   0x0000007c   Code   RO         2136    i.SetEditPosition   chninput.o
    0x0802fdb4   0x00000278   Code   RO         2722    i.SetKeyboard       extmodules.o
    0x0803002c   0x0000020c   Code   RO         2723    i.SetPassword       extmodules.o
    0x08030238   0x00000074   Code   RO         1902    i.SetPrintLayOut    buffer.o
    0x080302ac   0x00000030   Code   RO          285    i.SetRTS            interface.o
    0x080302dc   0x0000000a   Code   RO         4769    i.SetRecIndex       menu.o
    0x080302e6   0x00000008   Code   RO         6564    i.SetSysClock       system_stm32f10x.o
    0x080302ee   0x00000002   PAD
    0x080302f0   0x000000e0   Code   RO         6565    i.SetSysClockTo72   system_stm32f10x.o
    0x080303d0   0x00000084   Code   RO         2724    i.SetTimeDate       extmodules.o
    0x08030454   0x000000fc   Code   RO         5843    i.SetUpReport       report2.o
    0x08030550   0x00000028   Code   RO         5273    i.SlipMargin        print.o
    0x08030578   0x00000030   Code   RO        10561    i.Spi395Exchange    ch395.o
    0x080305a8   0x00000610   Code   RO         1903    i.StoreInBuffer     buffer.o
    0x08030bb8   0x000007cc   Code   RO         1904    i.StoreInBuffer2    buffer.o
    0x08031384   0x000000fc   Code   RO         5041    i.StorePbBuffer     pbbuffer.o
    0x08031480   0x00000270   Code   RO         4960    i.StorePbInvoice    pb.o
    0x080316f0   0x0000008a   Code   RO         2725    i.StrToBCDValue     extmodules.o
    0x0803177a   0x00000002   PAD
    0x0803177c   0x00000080   Code   RO         2726    i.SubBCDValue12     extmodules.o
    0x080317fc   0x00000184   Code   RO         2727    i.Subtract          extmodules.o
    0x08031980   0x000000c4   Code   RO         3300    i.SuspendECR        firmkey.o
    0x08031a44   0x000002c4   Code   RO         3405    i.SuspendReceipt    fixed.o
    0x08031d08   0x00000098   Code   RO         1989    i.SuspendScreen     chndisp.o
    0x08031da0   0x00000060   Code   RO          941    i.SysTick_Handler   stm32f10x_it.o
    0x08031e00   0x00000060   Code   RO         6567    i.SystemInit        system_stm32f10x.o
    0x08031e60   0x000000dc   Code   RO         2265    i.TCP_DecodeRecord  computer.o
    0x08031f3c   0x0000007c   Code   RO          286    i.TIM5_Init         interface.o
    0x08031fb8   0x000000b0   Code   RO         1461    i.TIM6_IRQHandler   led_customer.o
    0x08032068   0x00000080   Code   RO          287    i.TIM6_Init         interface.o
    0x080320e8   0x00000080   Code   RO          602    i.TIM7_IRQHandler   keyboard.o
    0x08032168   0x00000078   Code   RO          288    i.TIM7_Init         interface.o
    0x080321e0   0x00000018   Code   RO         8805    i.TIM_ARRPreloadConfig  stm32f10x_tim.o
    0x080321f8   0x00000006   Code   RO         8811    i.TIM_ClearFlag     stm32f10x_tim.o
    0x080321fe   0x00000006   Code   RO         8812    i.TIM_ClearITPendingBit  stm32f10x_tim.o
    0x08032204   0x00000018   Code   RO         8817    i.TIM_Cmd           stm32f10x_tim.o
    0x0803221c   0x00000022   Code   RO         8838    i.TIM_GetITStatus   stm32f10x_tim.o
    0x0803223e   0x00000012   Code   RO         8842    i.TIM_ITConfig      stm32f10x_tim.o
    0x08032250   0x00000098   Code   RO         8846    i.TIM_OC1Init       stm32f10x_tim.o
    0x080322e8   0x00000014   Code   RO         8864    i.TIM_OCStructInit  stm32f10x_tim.o
    0x080322fc   0x00000006   Code   RO         8866    i.TIM_PrescalerConfig  stm32f10x_tim.o
    0x08032302   0x00000012   Code   RO         8873    i.TIM_SelectOnePulseMode  stm32f10x_tim.o
    0x08032314   0x000000a4   Code   RO         8888    i.TIM_TimeBaseInit  stm32f10x_tim.o
    0x080323b8   0x00000020   Code   RO         2266    i.TcpAnswerToHost   computer.o
    0x080323d8   0x000004b0   Code   RO         2267    i.TcpPluReadZport   computer.o
    0x08032888   0x00002768   Code   RO         2268    i.TcpProcessRecord  computer.o
    0x08034ff0   0x00000524   Code   RO         2269    i.TcpReadZport      computer.o
    0x08035514   0x00000038   Code   RO         2270    i.TcpRecordToHost   computer.o
    0x0803554c   0x00000002   Code   RO         2271    i.TcpSaveGraphic    computer.o
    0x0803554e   0x00000002   PAD
    0x08035550   0x00001190   Code   RO         6235    i.Tender            tender.o
    0x080366e0   0x00000058   Code   RO         3980    i.TestBEEP          hardtest.o
    0x08036738   0x000000dc   Code   RO         4661    i.TestChangePointMust  main.o
    0x08036814   0x00000034   Code   RO         2728    i.TestCom123        extmodules.o
    0x08036848   0x00000044   Code   RO         3981    i.TestCustomer      hardtest.o
    0x0803688c   0x00000090   Code   RO         3982    i.TestDateTime      hardtest.o
    0x0803691c   0x0000003c   Code   RO         3983    i.TestDisplay       hardtest.o
    0x08036958   0x00000006   Code   RO         1990    i.TestHZRight       chndisp.o
    0x0803695e   0x00000002   PAD
    0x08036960   0x0000005c   Code   RO         3985    i.TestKeyboard      hardtest.o
    0x080369bc   0x00000050   Code   RO          289    i.TestLMM           interface.o
    0x08036a0c   0x00000008   Code   RO         3986    i.TestOpenDrawer    hardtest.o
    0x08036a14   0x0000013c   Code   RO         3987    i.TestPrinter       hardtest.o
    0x08036b50   0x00000002   Code   RO         3988    i.TestPrnPower      hardtest.o
    0x08036b52   0x00000006   Code   RO          290    i.TestRam           interface.o
    0x08036b58   0x000002e0   Code   RO         3989    i.TestRomRam        hardtest.o
    0x08036e38   0x0000009c   Code   RO         2730    i.TestRtc           extmodules.o
    0x08036ed4   0x000000f0   Code   RO         3990    i.TestSerial123     hardtest.o
    0x08036fc4   0x0000034c   Code   RO         2398    i.TransactionVoid   correc.o
    0x08037310   0x000000bc   Code   RO         1060    i.UARTGet           usart.o
    0x080373cc   0x0000027c   Code   RO         1061    i.UARTInit          usart.o
    0x08037648   0x00000078   Code   RO         1062    i.UARTSend          usart.o
    0x080376c0   0x00000190   Code   RO         2272    i.UART_Computer     computer.o
    0x08037850   0x00000018   Code   RO         1064    i.UART_GetChar      usart.o
    0x08037868   0x0000000e   Code   RO         1066    i.UART_PutChar      usart.o
    0x08037876   0x00000016   Code   RO         1067    i.UART_PutString    usart.o
    0x0803788c   0x00000062   Code   RO         2731    i.ULong64toASC      extmodules.o
    0x080378ee   0x00000044   Code   RO         2732    i.ULongToBCDValue   extmodules.o
    0x08037932   0x00000050   Code   RO         2734    i.ULongtoASCL       extmodules.o
    0x08037982   0x00000002   PAD
    0x08037984   0x000000d0   Code   RO          942    i.USART1_IRQHandler  stm32f10x_it.o
    0x08037a54   0x000000f0   Code   RO          943    i.USART2_IRQHandler  stm32f10x_it.o
    0x08037b44   0x000000f0   Code   RO          944    i.USART3_IRQHandler  stm32f10x_it.o
    0x08037c34   0x00000018   Code   RO         9353    i.USART_Cmd         stm32f10x_usart.o
    0x08037c4c   0x0000001a   Code   RO         9356    i.USART_GetFlagStatus  stm32f10x_usart.o
    0x08037c66   0x00000054   Code   RO         9357    i.USART_GetITStatus  stm32f10x_usart.o
    0x08037cba   0x0000004a   Code   RO         9359    i.USART_ITConfig    stm32f10x_usart.o
    0x08037d04   0x000000d8   Code   RO         9360    i.USART_Init        stm32f10x_usart.o
    0x08037ddc   0x00000016   Code   RO         9366    i.USART_OverSampling8Cmd  stm32f10x_usart.o
    0x08037df2   0x0000000a   Code   RO         9367    i.USART_ReceiveData  stm32f10x_usart.o
    0x08037dfc   0x00000008   Code   RO         9370    i.USART_SendData    stm32f10x_usart.o
    0x08037e04   0x00000028   Code   RO         1068    i.USART_printf      usart.o
    0x08037e2c   0x0000000c   Code   RO          945    i.USBWakeUp_IRQHandler  stm32f10x_it.o
    0x08037e38   0x00000002   Code   RO          946    i.USB_LP_CAN1_RX0_IRQHandler  stm32f10x_it.o
    0x08037e3a   0x00000002   PAD
    0x08037e3c   0x000006f4   Code   RO         1721    i.UpdateBIOS        ecr_iap.o
    0x08038530   0x00000304   Code   RO         5042    i.UpdatePbRecord    pbbuffer.o
    0x08038834   0x00000004   Code   RO          947    i.UsageFault_Handler  stm32f10x_it.o
    0x08038838   0x00000038   Code   RO         4771    i.VirtualInputStr   menu.o
    0x08038870   0x00000034   Code   RO         4772    i.VirtualInputWord  menu.o
    0x080388a4   0x00000036   Code   RO         2735    i.WORDtoASC         extmodules.o
    0x080388da   0x00000068   Code   RO         2736    i.WORDtoASCL        extmodules.o
    0x08038942   0x0000002c   Code   RO         2737    i.WORDtoASCZero     extmodules.o
    0x0803896e   0x0000006a   Code   RO         2738    i.WORDtoBCD         extmodules.o
    0x080389d8   0x00000158   Code   RO         2739    i.WaitForYesNo      extmodules.o
    0x08038b30   0x00000018   Code   RO         2740    i.WaitOnLine        extmodules.o
    0x08038b48   0x0000002c   Code   RO         2741    i.WidthofWORD       extmodules.o
    0x08038b74   0x00000044   Code   RO         2225    i.WriteClerk        clerk.o
    0x08038bb8   0x0000002c   Code   RO         2399    i.WriteCorrec       correc.o
    0x08038be4   0x0000002c   Code   RO         2441    i.WriteCurr         currency.o
    0x08038c10   0x00000090   Code   RO         2484    i.WriteDept         depart.o
    0x08038ca0   0x0000002c   Code   RO         2535    i.WriteDisc         discount.o
    0x08038ccc   0x0000002c   Code   RO         2588    i.WriteDrawer       drawer.o
    0x08038cf8   0x0000005c   Code   RO         4124    i.WriteECRVIPVar    iccard.o
    0x08038d54   0x00000048   Code   RO         4407    i.WriteGrandTotal   initappl.o
    0x08038d9c   0x0000002c   Code   RO         3946    i.WriteGroup        group.o
    0x08038dc8   0x00000028   Code   RO         4341    i.WriteICBlock      iccardblock.o
    0x08038df0   0x0000002c   Code   RO         4885    i.WriteModi         modifier.o
    0x08038e1c   0x000000ac   Code   RO         4916    i.WriteOFFPrice     offprice.o
    0x08038ec8   0x0000002c   Code   RO         4961    i.WritePbF          pb.o
    0x08038ef4   0x000000e8   Code   RO         5089    i.WritePlu          plu.o
    0x08038fdc   0x00000040   Code   RO         5090    i.WritePluInventory  plu.o
    0x0803901c   0x000000f8   Code   RO         5091    i.WritePlu_At       plu.o
    0x08039114   0x0000002c   Code   RO         5192    i.WritePoRa         pora.o
    0x08039140   0x0000003c   Code   RO         5227    i.WritePort         port.o
    0x0803917c   0x00000024   Code   RO          291    i.WriteRam          interface.o
    0x080391a0   0x00000070   Code   RO         4408    i.WriteReport       initappl.o
    0x08039210   0x00000002   Code   RO         6133    i.WriteSalPer       salper.o
    0x08039212   0x00000002   PAD
    0x08039214   0x00000044   Code   RO         6180    i.WriteTax          tax.o
    0x08039258   0x0000002c   Code   RO         6236    i.WriteTender       tender.o
    0x08039284   0x000000d0   Code   RO         3492    i.WriteToLogRam     flowbill.o
    0x08039354   0x0000012c   Code   RO         3808    i.WriteTotal        general.o
    0x08039480   0x00000028   Code   RO        11211    i.__0sprintf$8      mc_w.l(printf8.o)
    0x080394a8   0x00000024   Code   RO        11241    i.__0vsprintf       mc_w.l(printfa.o)
    0x080394cc   0x00000008   Code   RO        11288    i.__aeabi_errno_addr  mc_w.l(errno.o)
    0x080394d4   0x0000000e   Code   RO        11350    i.__scatterload_copy  mc_w.l(handlers.o)
    0x080394e2   0x00000002   Code   RO        11351    i.__scatterload_null  mc_w.l(handlers.o)
    0x080394e4   0x0000000e   Code   RO        11352    i.__scatterload_zeroinit  mc_w.l(handlers.o)
    0x080394f2   0x00000002   PAD
    0x080394f4   0x00000164   Code   RO        11242    i._fp_digits        mc_w.l(printfa.o)
    0x08039658   0x00000410   Code   RO        11216    i._printf_core      mc_w.l(printf8.o)
    0x08039a68   0x000006dc   Code   RO        11243    i._printf_core      mc_w.l(printfa.o)
    0x0803a144   0x00000024   Code   RO        11217    i._printf_post_padding  mc_w.l(printf8.o)
    0x0803a168   0x00000024   Code   RO        11244    i._printf_post_padding  mc_w.l(printfa.o)
    0x0803a18c   0x0000002e   Code   RO        11218    i._printf_pre_padding  mc_w.l(printf8.o)
    0x0803a1ba   0x0000002e   Code   RO        11245    i._printf_pre_padding  mc_w.l(printfa.o)
    0x0803a1e8   0x0000000a   Code   RO        11220    i._sputc            mc_w.l(printf8.o)
    0x0803a1f2   0x0000000a   Code   RO        11247    i._sputc            mc_w.l(printfa.o)
    0x0803a1fc   0x00000078   Code   RO           15    i.bFlashAutoSelect  flashb.o
    0x0803a274   0x00000050   Code   RO           20    i.bFlashDataToggle  flashb.o
    0x0803a2c4   0x000000c4   Code   RO           21    i.bFlashMBlockErase  flashb.o
    0x0803a388   0x00000018   Code   RO           22    i.bFlashPause       flashb.o
    0x0803a3a0   0x00000100   Code   RO           23    i.bFlashProgram     flashb.o
    0x0803a4a0   0x0000000a   Code   RO           24    i.bFlashRead        flashb.o
    0x0803a4aa   0x0000003c   Code   RO           25    i.bFlashReadBuffer  flashb.o
    0x0803a4e6   0x00000012   Code   RO           26    i.bFlashReadReset   flashb.o
    0x0803a4f8   0x00000008   Code   RO           27    i.bFlashWrite       flashb.o
    0x0803a500   0x00000026   Code   RO         4125    i.icBCD2EcrBCD      iccard.o
    0x0803a526   0x0000001a   Code   RO        10562    i.keeplive_set      ch395.o
    0x0803a540   0x00000268   Code   RO          603    i.keydown           keyboard.o
    0x0803a7a8   0x00000098   Code   RO          604    i.keyscan           keyboard.o
    0x0803a840   0x000000c8   Code   RO          605    i.lockscan          keyboard.o
    0x0803a908   0x00000098   Code   RO         1532    i.mClearScreen      lcd_st7565r.o
    0x0803a9a0   0x00000020   Code   RO        10563    i.mDelaymS          ch395.o
    0x0803a9c0   0x0000001c   Code   RO        10564    i.mDelayuS          ch395.o
    0x0803a9dc   0x000000f0   Code   RO         1533    i.mDispCharXY       lcd_st7565r.o
    0x0803aacc   0x000000c0   Code   RO         1534    i.mDispCursor       lcd_st7565r.o
    0x0803ab8c   0x00000002   Code   RO         1535    i.mDispLogo         lcd_st7565r.o
    0x0803ab8e   0x00000030   Code   RO         1536    i.mDispStringXY     lcd_st7565r.o
    0x0803abbe   0x00000002   PAD
    0x0803abc0   0x000001b8   Code   RO         1538    i.mDrawABox         lcd_st7565r.o
    0x0803ad78   0x000000a8   Code   RO         1539    i.mDrawChar         lcd_st7565r.o
    0x0803ae20   0x00000040   Code   RO         1543    i.mEnCursor         lcd_st7565r.o
    0x0803ae60   0x0000006c   Code   RO         1544    i.mInitialLCD       lcd_st7565r.o
    0x0803aecc   0x00000020   Code   RO         1545    i.mLightLCDOff      lcd_st7565r.o
    0x0803aeec   0x00000020   Code   RO         1546    i.mLightLCDOn       lcd_st7565r.o
    0x0803af0c   0x0000004c   Code   RO         1548    i.mRefreshLine      lcd_st7565r.o
    0x0803af58   0x0000001a   Code   RO         1549    i.mSetContrast      lcd_st7565r.o
    0x0803af72   0x00000002   PAD
    0x0803af74   0x0000003c   Code   RO         1550    i.mSetState         lcd_st7565r.o
    0x0803afb0   0x00000030   Code   RO        10565    i.mStopIfError      ch395.o
    0x0803afe0   0x00000094   Code   RO         4662    i.main              main.o
    0x0803b074   0x0000007c   Code   RO         1390    i.mktimev           rtc.o
    0x0803b0f0   0x00000018   Code   RO          292    i.msDelay           interface.o
    0x0803b108   0x00000030   Code   RO          764    i.pwrADCCtrl        pwr_ctrl.o
    0x0803b138   0x00000050   Code   RO          766    i.pwrGetStatus      pwr_ctrl.o
    0x0803b188   0x00000074   Code   RO          767    i.pwrIO_Init        pwr_ctrl.o
    0x0803b1fc   0x00000012   Code   RO          768    i.pwr_Init          pwr_ctrl.o
    0x0803b20e   0x00000054   Code   RO         1391    i.rtc_Config        rtc.o
    0x0803b262   0x00000014   Code   RO         1392    i.rtc_gettime       rtc.o
    0x0803b276   0x00000044   Code   RO         1393    i.rtc_init          rtc.o
    0x0803b2ba   0x00000020   Code   RO         1394    i.rtc_settime       rtc.o
    0x0803b2da   0x00000028   Code   RO         1554    i.st7565SetXY       lcd_st7565r.o
    0x0803b302   0x00000002   PAD
    0x0803b304   0x0000005c   Code   RO         5402    i.strToBin          progopt.o
    0x0803b360   0x000000c8   Code   RO         1395    i.to_tm             rtc.o
    0x0803b428   0x00000048   Code   RO          293    i.usDelay           interface.o
    0x0803b470   0x00000060   Code   RO           28    i.wFlashProgramAWord  flashb.o
    0x0803b4d0   0x00000008   Code   RO           31    i.wFlashWrite       flashb.o
    0x0803b4d8   0x0000000e   Code   RO        10566    i.xReadCH395Data    ch395.o
    0x0803b4e6   0x00000002   PAD
    0x0803b4e8   0x00000028   Code   RO        10567    i.xWriteCH395Cmd    ch395.o
    0x0803b510   0x0000000c   Code   RO        10568    i.xWriteCH395Data   ch395.o
    0x0803b51c   0x0000001a   Code   RO          691    i.xprintf           monitor.o
    0x0803b536   0x00000002   PAD
    0x0803b538   0x00000038   Code   RO          692    i.xputc             monitor.o
    0x0803b570   0x00000016   Code   RO          693    i.xputs             monitor.o
    0x0803b586   0x00000212   Code   RO          695    i.xvprintf          monitor.o
    0x0803b798   0x00000bf0   Data   RO            1    .constdata          asciifonts.o
    0x0803c388   0x0000008c   Data   RO           32    .constdata          flashb.o
    0x0803c414   0x00000030   Data   RO         1396    .constdata          rtc.o
    0x0803c444   0x0000005b   Data   RO         1463    .constdata          led_customer.o
    0x0803c49f   0x00000408   Data   RO         1556    .constdata          lcd_st7565r.o
    0x0803c8a7   0x00000001   PAD
    0x0803c8a8   0x00000009   Data   RO         1905    .constdata          buffer.o
    0x0803c8b1   0x00000001   PAD
    0x0803c8b2   0x0000221a   Data   RO         1957    .constdata          chinaapp.o
    0x0803eacc   0x00001145   Data   RO         2207    .constdata          chnmess.o
    0x0803fc11   0x0000000a   Data   RO         2274    .constdata          computer.o
    0x0803fc1b   0x00000001   PAD
    0x0803fc1c   0x00000009   Data   RO         2485    .constdata          depart.o
    0x0803fc25   0x00000003   PAD
    0x0803fc28   0x000002d6   Data   RO         2743    .constdata          extmodules.o
    0x0803fefe   0x00000034   Data   RO         3301    .constdata          firmkey.o
    0x0803ff32   0x000000ae   Data   RO         3494    .constdata          flowbill.o
    0x0803ffe0   0x0000005f   Data   RO         4127    .constdata          iccard.o
    0x0804003f   0x000000b4   Data   RO         4581    .constdata          kp.o
    0x080400f3   0x00000001   PAD
    0x080400f4   0x00000034   Data   RO         4735    .constdata          memory.o
    0x08040128   0x000003c0   Data   RO         4774    .constdata          menu.o
    0x080404e8   0x000000f8   Data   RO         5274    .constdata          print.o
    0x080405e0   0x00000008   Data   RO         5513    .constdata          program.o
    0x080405e8   0x00000020   Data   RO         5844    .constdata          report2.o
    0x08040608   0x00000016   Data   RO        10570    .constdata          ch395.o
    0x0804061e   0x00000081   Data   RO        11314    .constdata          mc_w.l(ctype_o.o)
    0x0804069f   0x00000001   PAD
    0x080406a0   0x00000004   Data   RO        11315    .constdata          mc_w.l(ctype_o.o)
    0x080406a4   0x00000238   Data   RO         1958    .conststring        chinaapp.o
    0x080408dc   0x000019c0   Data   RO         2208    .conststring        chnmess.o
    0x0804229c   0x000001cd   Data   RO         2744    .conststring        extmodules.o
    0x08042469   0x00000003   PAD
    0x0804246c   0x00000020   Data   RO        11348    Region$$Table       anon$$obj.o


    Execution Region RW_IRAM1 (Base: 0x20000000, Size: 0x0000c0e8, Max: 0x00010000, ABSOLUTE, COMPRESSED[0x00000160])

    Base Addr    Size         Type   Attr      Idx    E Section Name        Object

    0x20000000   0x00000014   Data   RW          294    .data               interface.o
    0x20000014   0x00000066   Data   RW          607    .data               keyboard.o
    0x2000007a   0x00000002   PAD
    0x2000007c   0x0000000c   Data   RW          696    .data               monitor.o
    0x20000088   0x0000005c   Data   RW          769    .data               pwr_ctrl.o
    0x200000e4   0x00000012   Data   RW          948    .data               stm32f10x_it.o
    0x200000f6   0x00000002   PAD
    0x200000f8   0x0000000b   Data   RW         1070    .data               usart.o
    0x20000103   0x00000001   PAD
    0x20000104   0x0000001c   Data   RW         1183    .data               sdio_sd.o
    0x20000120   0x00000030   Data   RW         1397    .data               rtc.o
    0x20000150   0x00000020   Data   RW         1464    .data               led_customer.o
    0x20000170   0x00000004   Data   RW         1557    .data               lcd_st7565r.o
    0x20000174   0x00000007   Data   RW         1847    .data               balance.o
    0x2000017b   0x00000001   PAD
    0x2000017c   0x00000004   Data   RW         1873    .data               barcode.o
    0x20000180   0x00000058   Data   RW         1959    .data               chinaapp.o
    0x200001d8   0x00000003   Data   RW         1992    .data               chndisp.o
    0x200001db   0x00000001   PAD
    0x200001dc   0x00000009   Data   RW         2138    .data               chninput.o
    0x200001e5   0x00000003   PAD
    0x200001e8   0x00000010   Data   RW         2275    .data               computer.o
    0x200001f8   0x00000001   Data   RW         2486    .data               depart.o
    0x200001f9   0x00000003   PAD
    0x200001fc   0x0000006c   Data   RW         2745    .data               extmodules.o
    0x20000268   0x00000004   Data   RW         3302    .data               firmkey.o
    0x2000026c   0x00000004   Data   RW         3406    .data               fixed.o
    0x20000270   0x00000004   Data   RW         3495    .data               flowbill.o
    0x20000274   0x00000001   Data   RW         3809    .data               general.o
    0x20000275   0x00000002   Data   RW         4128    .data               iccard.o
    0x20000277   0x00000001   PAD
    0x20000278   0x00000002   Data   RW         4409    .data               initappl.o
    0x2000027a   0x00000002   PAD
    0x2000027c   0x00000005   Data   RW         4582    .data               kp.o
    0x20000281   0x00000003   PAD
    0x20000284   0x0000002c   Data   RW         4736    .data               memory.o
    0x200002b0   0x0000000c   Data   RW         4775    .data               menu.o
    0x200002bc   0x00000008   Data   RW         5514    .data               program.o
    0x200002c4   0x00000009   Data   RW         6271    .data               timer.o
    0x200002cd   0x00000003   PAD
    0x200002d0   0x00000014   Data   RW         6568    .data               system_stm32f10x.o
    0x200002e4   0x00000014   Data   RW         8213    .data               stm32f10x_rcc.o
    0x200002f8   0x0000000c   Data   RW        10571    .data               ch395.o
    0x20000304   0x00000004   Data   RW        11291    .data               mc_w.l(errno.o)
    0x20000308   0x0000000a   Zero   RW          606    .bss                keyboard.o
    0x20000312   0x00000002   PAD
    0x20000314   0x00000cf8   Zero   RW         1069    .bss                usart.o
    0x2000100c   0x00000004   PAD
    0x20001010   0x000000cc   Zero   RW         1182    .bss                sdio_sd.o
    0x200010dc   0x0000000c   Zero   RW         1462    .bss                led_customer.o
    0x200010e8   0x00000400   Zero   RW         1555    .bss                lcd_st7565r.o
    0x200014e8   0x0000001e   Zero   RW         1846    .bss                balance.o
    0x20001506   0x000000fe   Zero   RW         1872    .bss                barcode.o
    0x20001604   0x00000050   Zero   RW         1991    .bss                chndisp.o
    0x20001654   0x00000010   Zero   RW         2137    .bss                chninput.o
    0x20001664   0x00000400   Zero   RW         2273    .bss                computer.o
    0x20001a64   0x00000022   Zero   RW         2742    .bss                extmodules.o
    0x20001a86   0x00000021   Zero   RW         3493    .bss                flowbill.o
    0x20001aa7   0x00000020   Zero   RW         4126    .bss                iccard.o
    0x20001ac7   0x00000001   PAD
    0x20001ac8   0x0000711d   Zero   RW         4734    .bss                memory.o
    0x20008be5   0x0000005b   Zero   RW         4773    .bss                menu.o
    0x20008c40   0x0000003d   Zero   RW         5512    .bss                program.o
    0x20008c7d   0x00000003   PAD
    0x20008c80   0x00000464   Zero   RW        10569    .bss                ch395.o
    0x200090e4   0x00000004   PAD
    0x200090e8   0x00003000   Zero   RW         6609    STACK               startup_stm32f10x_hd.o



  Load Region LR$$.ARM.__AT_0x60004000 (Base: 0x60004000, Size: 0x00000000, Max: 0x00002000, ABSOLUTE)

    Execution Region ER$$.ARM.__AT_0x60004000 (Base: 0x60004000, Size: 0x00002000, Max: 0x00002000, ABSOLUTE, UNINIT)

    Base Addr    Size         Type   Attr      Idx    E Section Name        Object

    0x60004000   0x00002000   Zero   RW         4730    .ARM.__AT_0x60004000  memory.o



  Load Region LR$$.ARM.__AT_0x60006000 (Base: 0x60006000, Size: 0x00000000, Max: 0x00002000, ABSOLUTE)

    Execution Region ER$$.ARM.__AT_0x60006000 (Base: 0x60006000, Size: 0x00002000, Max: 0x00002000, ABSOLUTE, UNINIT)

    Base Addr    Size         Type   Attr      Idx    E Section Name        Object

    0x60006000   0x00002000   Zero   RW         4731    .ARM.__AT_0x60006000  memory.o



  Load Region LR$$.ARM.__AT_0x60008000 (Base: 0x60008000, Size: 0x00000000, Max: 0x00008000, ABSOLUTE)

    Execution Region ER$$.ARM.__AT_0x60008000 (Base: 0x60008000, Size: 0x00008000, Max: 0x00008000, ABSOLUTE, UNINIT)

    Base Addr    Size         Type   Attr      Idx    E Section Name        Object

    0x60008000   0x00008000   Zero   RW         4732    .ARM.__AT_0x60008000  memory.o



  Load Region LR$$.ARM.__AT_0x64000000 (Base: 0x64000000, Size: 0x00000000, Max: 0x0000442c, ABSOLUTE)

    Execution Region ER$$.ARM.__AT_0x64000000 (Base: 0x64000000, Size: 0x0000442c, Max: 0x0000442c, ABSOLUTE, UNINIT)

    Base Addr    Size         Type   Attr      Idx    E Section Name        Object

    0x64000000   0x0000442c   Zero   RW         4733    .ARM.__AT_0x64000000  memory.o


==============================================================================

Image component sizes


      Code (inc. data)   RO Data    RW Data    ZI Data      Debug   Object Name

         0          0       3056          0          0       5004   asciifonts.o
       844         62          0          7         30       2348   balance.o
      1076         70          0          4        254       2202   barcode.o
     10712        432          9          0          0      11839   buffer.o
      1978        176         22         12       1124      25681   ch395.o
         0          0       9298         88          0       1432   chinaapp.o
      1730        120          0          3         80      12915   chndisp.o
      3588        178          0          9         16       7144   chninput.o
         0          0      11013          0          0       5175   chnmess.o
       712         68          0          0          0       2152   clerk.o
     20584        900         10         16       1024      26024   computer.o
         0          0          0          0          0         32   core_cm3.o
      2096        110          0          0          0       3677   correc.o
       624         66          0          0          0       3175   currency.o
      4956        228          9          1          0       5659   depart.o
      7260        290          0          0          0       7249   discount.o
       756         74          0          0          0       3230   drawer.o
      1780         40          0          0          0      17116   ecr_iap.o
     13358        822       1187        108         34      59195   extmodules.o
      8878        768         52          4          0      11036   firmkey.o
       392         44          0          0          0       1218   fiscal.o
      5080        300          0          4          0       6616   fixed.o
       876         16        140          0          0     312589   flashb.o
     11398        938        174          4         33      31938   flowbill.o
       712         44          0          0          0       5169   format.o
       442         18          0          0          0       3439   fsmc_sram.o
      7588        604          0          1          0      14237   general.o
       344         28          0          0          0       1762   group.o
      5542        596          0          0          0      11360   hardtest.o
     13262        884         95          2         32      28411   iccard.o
       440         74          0          0          0       2948   iccardblock.o
      7172        736          0          2          0      18394   initappl.o
      2190        228          0         20          0      74745   interface.o
      1584        184          0        102         10       7824   keyboard.o
      3452        228        180          5          0       8741   kp.o
      1942        148       1032          4       1024      13217   lcd_st7565r.o
       866        104         91         32         12       6503   led_customer.o
      3178        212          0          0          0       7161   main.o
      1292         30         52         44      95561       3446   memory.o
      4194        244        960         12         91      13276   menu.o
       132         22          0          0          0       1651   misc.o
       540         72          0          0          0       1865   modifier.o
       702         30          0         12          0       4433   monitor.o
       380         24          0          0          0       1395   offprice.o
      7964        394          0          0          0      10239   pb.o
      3844        140          0          0          0       5488   pbbuffer.o
      5692        320          0          0          0      11076   plu.o
      1120         58          0          0          0       2626   pora.o
       200         38          0          0          0       1385   port.o
      7890        554        248          0          0      15832   print.o
       460         46          0          0          0        750   progdump.o
      2832        264          0          0          0       6241   progopt.o
     18436       1904          8          8         61      37851   program.o
       458         44          0         92          0       3315   pwr_ctrl.o
      8766        654          0          0          0      22789   report.o
      2532        246         32          0          0       6135   report2.o
       636         20         48         48          0       4419   rtc.o
         6          0          0          0          0       1170   salper.o
      3880        216          0         28        204      21121   sdio_sd.o
       156          4          0          0          0        971   search.o
        36          8        304          0      12288        808   startup_stm32f10x_hd.o
       330         10          0          0          0       5408   stm32f10x_adc.o
        56         10          0          0          0       2335   stm32f10x_bkp.o
       416          8          0          0          0       3566   stm32f10x_dma.o
       200         18          0          0          0       2260   stm32f10x_exti.o
       282          6          0          0          0       1933   stm32f10x_fsmc.o
       494         10          0          0          0       4692   stm32f10x_gpio.o
       934         74          0         18          0       8964   stm32f10x_it.o
        12          6          0          0          0        542   stm32f10x_pwr.o
       492         70          0         20          0       8564   stm32f10x_rcc.o
       232         42          0          0          0       4430   stm32f10x_rtc.o
       344         80          0          0          0       9649   stm32f10x_sdio.o
        84          0          0          0          0       2257   stm32f10x_spi.o
       472         62          0          0          0       7421   stm32f10x_tim.o
       464          6          0          0          0       7038   stm32f10x_usart.o
       328         28          0         20          0       2213   system_stm32f10x.o
      4954        308          0          0          0       6772   tax.o
      4724        250          0          0          0       4579   tender.o
      2032         80          0          9          0       2665   timer.o
      1320         72          0         11       3320       8338   usart.o

    ----------------------------------------------------------------------
    237812      16262      28062        772     115212    1040465   Object Totals
         0          0         32          0          0          0   (incl. Generated)
       102          0         10         22         14          0   (incl. Padding)

    ----------------------------------------------------------------------

      Code (inc. data)   RO Data    RW Data    ZI Data      Debug   Library Member Name

        86          0          0          0          0          0   __dczerorl2.o
        28          0          0          0          0         68   _chval.o
       158          0          0          0          0         92   _strtoul.o
        26          0          0          0          0         80   atoi.o
         8          4        133          0          0         68   ctype_o.o
         0          0          0          0          0          0   entry.o
         0          0          0          0          0          0   entry10a.o
         0          0          0          0          0          0   entry11a.o
         8          4          0          0          0          0   entry2.o
         4          0          0          0          0          0   entry5.o
         0          0          0          0          0          0   entry7b.o
         0          0          0          0          0          0   entry8b.o
         8          4          0          0          0          0   entry9a.o
         8          4          0          4          0         68   errno.o
        30          0          0          0          0          0   handlers.o
        36          8          0          0          0         68   init.o
         0          0          0          0          0          0   iusefp.o
        30          0          0          0          0         68   llshl.o
        36          0          0          0          0         68   llsshr.o
        32          0          0          0          0         68   llushr.o
        26          0          0          0          0         80   memcmp.o
        36          0          0          0          0         68   memcpya.o
        36          0          0          0          0        108   memseta.o
      1172         50          0          0          0        420   printf8.o
      2240         86          0          0          0        508   printfa.o
        24          0          0          0          0         68   strcat.o
        20          0          0          0          0         68   strchr.o
        28          0          0          0          0         76   strcmp.o
        18          0          0          0          0         68   strcpy.o
        14          0          0          0          0         68   strlen.o
        30          0          0          0          0         80   strncmp.o
        24          0          0          0          0         76   strncpy.o
       112          0          0          0          0         88   strtol.o
        44          0          0          0          0         80   uidiv.o
        98          0          0          0          0         92   uldiv.o
        48          0          0          0          0         68   cdrcmple.o
       334          0          0          0          0        148   dadd.o
       222          0          0          0          0        100   ddiv.o
       186          0          0          0          0        176   depilogue.o
        48          0          0          0          0         68   dfixul.o
       228          0          0          0          0         96   dmul.o

    ----------------------------------------------------------------------
      5492        160        134          4          0       3252   Library Totals
         6          0          1          0          0          0   (incl. Padding)

    ----------------------------------------------------------------------

      Code (inc. data)   RO Data    RW Data    ZI Data      Debug   Library Name

      4420        160        133          4          0       2596   mc_w.l
      1066          0          0          0          0        656   mf_w.l

    ----------------------------------------------------------------------
      5492        160        134          4          0       3252   Library Totals

    ----------------------------------------------------------------------

==============================================================================


      Code (inc. data)   RO Data    RW Data    ZI Data      Debug   

    243304      16422      28196        776     115212     997357   Grand Totals
    243304      16422      28196        352     115212     997357   ELF Image Totals (compressed)
    243304      16422      28196        352          0          0   ROM Totals

==============================================================================

    Total RO  Size (Code + RO Data)               271500 ( 265.14kB)
    Total RW  Size (RW Data + ZI Data)            115988 ( 113.27kB)
    Total ROM Size (Code + RO Data + RW Data)     271852 ( 265.48kB)

==============================================================================

