<html>
<body>
<pre>
<h1>礦ision Build Log</h1>
<h2>Tool Versions:</h2>
IDE-Version: μVision V5.18.0.0
Copyright (C) 2016 ARM Ltd and ARM Germany GmbH. All rights reserved.
License Information: jdb Administrator, jdb, LIC=UJWMM-X0BKA-UG07Q-NMRPK-X7RGW-GKR2M
 
Tool Versions:
Toolchain:       MDK-ARM Standard  Version: 5.18
Toolchain Path:  D:\keil5\ARM\ARMCC\Bin
C Compiler:      Armcc.exe V5.06 update 1 (build 61)
Assembler:       Armasm.exe V5.06 update 1 (build 61)
Linker/Locator:  ArmLink.exe V5.06 update 1 (build 61)
Library Manager: ArmAr.exe V5.06 update 1 (build 61)
Hex Converter:   FromElf.exe V5.06 update 1 (build 61)
CPU DLL:         SARMCM3.DLL V5.18
Dialog DLL:      DARMSTM.DLL V1.65.0.0
Target DLL:      Segger\JL2CM3.dll V2.99.18.0
Dialog DLL:      TARMSTM.DLL V1.64.0.0
 
<h2>Project:</h2>
E:\ER520D\GIADA3000U\GIADA3000U.uvprojx
Project File Date:  08/14/2018

<h2>Output:</h2>
*** Using Compiler 'V5.06 update 1 (build 61)', folder: 'D:\keil5\ARM\ARMCC\Bin'
Build target 'ER520UK_EN_DOTP'
compiling Computer.c...
..\ER260_China\EOSCLCD\bios.h(528): warning:  #47-D: incompatible redefinition of macro "LCD10_SetFlag" (declared at line 29 of "..\STM32F103Driver\USER\inc\led_customer.h")
  #define LCD10_SetFlag(a)  {}
..\ER260_China\EOSCLCD\CHNDisp.h(115): warning:  #1295-D: Deprecated declaration RecallScreen - give arg types
  extern void RecallScreen();
..\ER260_China\EOSCLCD\MessageEN_P32.h(252): warning:  #47-D: incompatible redefinition of macro "EditN25" (declared at line 595 of "..\ER260_China\EOSCLCD\MessageEN_260.h")
  #define EditN25                   "PORT           TYPE    PROTOCOL"  // "串????    通???啾?   通??协??"
..\ER260_China\EOSCLCD\Computer.c(118): warning:  #167-D: argument of type "uint8_t *" is incompatible with parameter of type "char *"
          SendString(p,length+1); // Send the data..
..\ER260_China\EOSCLCD\Computer.c(70): warning:  #177-D: variable "retry" was declared but never referenced
      BYTE bcc,retry,i,cpT;
..\ER260_China\EOSCLCD\Computer.c(73): warning:  #177-D: variable "udata" was declared but never referenced
  	unsigned char udata;//jdb2018-08-16 ???沾???
..\ER260_China\EOSCLCD\Computer.c(177): warning:  #167-D: argument of type "char *" is incompatible with parameter of type "uint8_t *"
      return SendRecord(SysBuf, 7 + sizeof(BCD));
..\ER260_China\EOSCLCD\Computer.c(251): warning:  #223-D: function "CH395SendData" declared implicitly
      CH395SendData(1,buf,len);
..\ER260_China\EOSCLCD\Computer.c(256): warning:  #223-D: function "mDelaymS" declared implicitly
      mDelaymS(10);
..\ER260_China\EOSCLCD\Computer.c(222): warning:  #177-D: variable "sock_int_socket" was declared but never referenced
      unsigned char  sock_int_socket;
..\ER260_China\EOSCLCD\Computer.c(223): warning:  #177-D: variable "i" was declared but never referenced
      unsigned char  i;
..\ER260_China\EOSCLCD\Computer.c(224): warning:  #177-D: variable "init_status" was declared but never referenced
      unsigned short  init_status;
..\ER260_China\EOSCLCD\Computer.c(329): warning:  #223-D: function "CH395CMDGetGlobIntStatus_ALL" declared implicitly
  	init_status = CH395CMDGetGlobIntStatus_ALL();
..\ER260_China\EOSCLCD\Computer.c(335): warning:  #223-D: function "CH395GetSocketInt" declared implicitly
  		sock_int_socket = CH395GetSocketInt(0);
..\ER260_China\EOSCLCD\Computer.c(339): warning:  #223-D: function "CH395GetRecvLength" declared implicitly
  len = CH395GetRecvLength(0);
..\ER260_China\EOSCLCD\Computer.c(342): warning:  #223-D: function "CH395GetRecvData" declared implicitly
  CH395GetRecvData(0,len,udpbuf);                     /* ??取?? */
..\ER260_China\EOSCLCD\Computer.c(350): warning:  #223-D: function "CH395CMDGetMACAddr" declared implicitly
  		CH395CMDGetMACAddr(macaddr);
..\ER260_China\EOSCLCD\Computer.c(360): warning:  #223-D: function "CH395SendData" declared implicitly
  		CH395SendData(0,udpbuf,strlen(udpbuf));
..\ER260_China\EOSCLCD\Computer.c(384): warning:  #223-D: function "CH395GetSocketInt" declared implicitly
      sock_int_socket = CH395GetSocketInt(1);
..\ER260_China\EOSCLCD\Computer.c(391): warning:  #223-D: function "mDelaymS" declared implicitly
          mDelaymS(2); 
..\ER260_China\EOSCLCD\Computer.c(394): warning:  #223-D: function "CH395OpenSocket" declared implicitly
          i = CH395OpenSocket(1);
..\ER260_China\EOSCLCD\Computer.c(396): warning:  #223-D: function "CH395TCPListen" declared implicitly
          i = CH395TCPListen (1);                                 
..\ER260_China\EOSCLCD\Computer.c(402): warning:  #223-D: function "mDelaymS" declared implicitly
          mDelaymS(2); 
..\ER260_China\EOSCLCD\Computer.c(405): warning:  #223-D: function "CH395OpenSocket" declared implicitly
          i = CH395OpenSocket(1);
..\ER260_China\EOSCLCD\Computer.c(407): warning:  #223-D: function "CH395TCPListen" declared implicitly
          i = CH395TCPListen (1);                                 
..\ER260_China\EOSCLCD\Computer.c(414): warning:  #223-D: function "CH395GetRecvLength" declared implicitly
      len = CH395GetRecvLength(1);                          /* ??取当前缓???????莩ざ? */
..\ER260_China\EOSCLCD\Computer.c(419): warning:  #223-D: function "CH395GetRecvData" declared implicitly
      CH395GetRecvData(1,len,buf);                     /* ??取?? */
..\ER260_China\EOSCLCD\Computer.c(420): warning:  #223-D: function "mDelaymS" declared implicitly
      mDelaymS(10);
..\ER260_China\EOSCLCD\Computer.c(325): warning:  #550-D: variable "i" was set but never used
      unsigned char  i;
..\ER260_China\EOSCLCD\Computer.c(495): warning:  #167-D: argument of type "const char *" is incompatible with parameter of type "const uint8_t *"
                                  DispStrXY(Msg[
OWNLOAD].str,
CREENWD-2,
TATELINE);//RG-DISPLAY
..\ER260_China\EOSCLCD\Computer.c(522): warning:  #167-D: argument of type "char *" is incompatible with parameter of type "const uint8_t *"
                              
ispSt2C((char*)cErrInfoN1);//RG-DISPLAY
..\ER260_China\EOSCLCD\Computer.c(540): warning:  #167-D: argument of type "char *" is incompatible with parameter of type "const uint8_t *"
                              
ispSt2C((char*)cErrInfoN3);//RG-DISPLAY
..\ER260_China\EOSCLCD\Computer.c(553): warning:  #167-D: argument of type "const char *" is incompatible with parameter of type "const uint8_t *"
                              DispStrXY(Msg[
PLOAD].str,
CREENWD-2,
TATELINE);//RG-DISPLAY
..\ER260_China\EOSCLCD\Computer.c(449): warning:  #177-D: variable "udata" was declared but never referenced
  	unsigned char udata;//jdb2018-08-16 ???沾???
..\ER260_China\EOSCLCD\Computer.c(653): warning:  #167-D: argument of type "unsigned char *" is incompatible with parameter of type "char *"
          PCCounter = RFH(tmpbuf, 512);
..\ER260_China\EOSCLCD\Computer.c(677): warning:  #1295-D: Deprecated declaration UpdateBIOS - give arg types
  extern void UpdateBIOS();
..\ER260_China\EOSCLCD\Computer.c(678): warning:  #1295-D: Deprecated declaration EnterBootLoader - give arg types
  extern void EnterBootLoader();
..\ER260_China\EOSCLCD\Computer.c(715): warning:  #167-D: argument of type "char *" is incompatible with parameter of type "uint8_t *"
                          SendRecord(SysBuf,3);
..\ER260_China\EOSCLCD\Computer.c(722): warning:  #223-D: function "Save_ConfigApplVar" declared implicitly
                      Save_ConfigApplVar();
..\ER260_China\EOSCLCD\Computer.c(730): warning:  #167-D: argument of type "const char *" is incompatible with parameter of type "const uint8_t *"
                          DispStrXY(Msg[
XBIOS].str,0,0);
..\ER260_China\EOSCLCD\Computer.c(734): warning:  #167-D: argument of type "char *" is incompatible with parameter of type "uint8_t *"
                          SendRecord(SysBuf,3);
..\ER260_China\EOSCLCD\Computer.c(760): warning:  #513-D: a value of type "void *" cannot be assigned to an entity of type "void (*)()"
                              RefreshBIOS = (void*)sAddr;
..\ER260_China\EOSCLCD\Computer.c(771): warning:  #167-D: argument of type "char *" is incompatible with parameter of type "uint8_t *"
                          SendRecord(SysBuf,3);
..\ER260_China\EOSCLCD\Computer.c(774): warning:  #111-D: statement is unreachable
                      break;
..\ER260_China\EOSCLCD\Computer.c(784): warning:  #167-D: argument of type "char *" is incompatible with parameter of type "uint8_t *"
                          SendRecord(SysBuf,3);
..\ER260_China\EOSCLCD\Computer.c(789): warning:  #167-D: argument of type "char *" is incompatible with parameter of type "uint8_t *"
                      SendRecord(SysBuf,3);
..\ER260_China\EOSCLCD\Computer.c(795): warning:  #167-D: argument of type "const char *" is incompatible with parameter of type "const uint8_t *"
                      
ispSt2C(Msg[ZZXZZKU].str);//RG-DISPLAY
..\ER260_China\EOSCLCD\Computer.c(834): warning:  #167-D: argument of type "char *" is incompatible with parameter of type "uint8_t *"
                          SendRecord(SysBuf,3);
..\ER260_China\EOSCLCD\Computer.c(839): warning:  #167-D: argument of type "char *" is incompatible with parameter of type "uint8_t *"
                      SendRecord(SysBuf,3);
..\ER260_China\EOSCLCD\Computer.c(844): warning:  #167-D: argument of type "const char *" is incompatible with parameter of type "const uint8_t *"
                      
ispSt1C(Msg[ZZXZTXING].str);//RG-DISPLAY;
..\ER260_China\EOSCLCD\Computer.c(935): warning:  #175-D: subscript out of range
                          record = (char *)&ApplVar.AP.ReportList[6];
..\ER260_China\EOSCLCD\Computer.c(949): warning:  #175-D: subscript out of range
                          record = (char *)&ApplVar.AP.ReportList[9];
..\ER260_China\EOSCLCD\Computer.c(1148): warning:  #167-D: argument of type "const char *" is incompatible with parameter of type "const uint8_t *"
                                  
ispSt1C(Msg[WJKJYJIE].str);
..\ER260_China\EOSCLCD\Computer.c(1715): warning:  #167-D: argument of type "char *" is incompatible with parameter of type "const uint8_t *"
                          
ispSt2(SysBuf);//RG-DISPLAY
..\ER260_China\EOSCLCD\Computer.c(1790): warning:  #167-D: argument of type "char *" is incompatible with parameter of type "uint8_t *"
                  SendRecord(SysBuf, 31);      /* send counter record */
..\ER260_China\EOSCLCD\Computer.c(1795): warning:  #167-D: argument of type "char *" is incompatible with parameter of type "uint8_t *"
                  SendRecord(SysBuf, 31);      /* send time-date record */
..\ER260_China\EOSCLCD\Computer.c(1833): warning:  #167-D: argument of type "uint8_t *" is incompatible with parameter of type "char *restrict"
                      strcpy(PCBuffer + 7, Msg[ApplVar.ErrorNumber - 1].str);
..\ER260_China\EOSCLCD\Computer.c(1888): warning:  #111-D: statement is unreachable
              return;
..\ER260_China\EOSCLCD\Computer.c(2045): warning:  #167-D: argument of type "uint8_t *" is incompatible with parameter of type "char *"
      return  STH(PCBuffer,size+4);/* send end record */
..\ER260_China\EOSCLCD\Computer.c(2077): warning:  #117-D: non-void function "TcpReadZport" should return a value
                  return;
..\ER260_China\EOSCLCD\Computer.c(2084): warning:  #117-D: non-void function "TcpReadZport" should return a value
                  return;
..\ER260_China\EOSCLCD\Computer.c(2595): warning:  #167-D: argument of type "const char *" is incompatible with parameter of type "const uint8_t *"
                  
ispSt1C(Msg[ZZXZTXING].str);
..\ER260_China\EOSCLCD\Computer.c(2596): warning:  #167-D: argument of type "unsigned char *" is incompatible with parameter of type "char *"
                  TcpSaveGraphic(type,hostString+3,psize-3);//ccr2014-03-25
..\ER260_China\EOSCLCD\Computer.c(2676): warning:  #175-D: subscript out of range
                          record = (char *)&ApplVar.AP.ReportList[6];
..\ER260_China\EOSCLCD\Computer.c(2680): warning:  #175-D: subscript out of range
                          record = (char *)&ApplVar.AP.ReportList[9];
..\ER260_China\EOSCLCD\Computer.c(2684): warning:  #175-D: subscript out of range
                          record = (char *)&ApplVar.AP.ReportList[12];
..\ER260_China\EOSCLCD\Computer.c(3022): warning:  #167-D: argument of type "char *" is incompatible with parameter of type "unsigned char *"
                      err_state = TcpRecordToHost(
mdUPDATE,type,record,size);/* send record */
..\ER260_China\EOSCLCD\Computer.c(3497): warning:  #167-D: argument of type "char *" is incompatible with parameter of type "const uint8_t *"
                          
ispSt2(sBuffer);
..\ER260_China\EOSCLCD\Computer.c(3499): warning:  #167-D: argument of type "char *" is incompatible with parameter of type "unsigned char *"
                          err_state = TcpRecordToHost(
mdUPDATE,type,record, size);//发?图?录??
..\ER260_China\EOSCLCD\Computer.c(3547): warning:  #167-D: argument of type "char *" is incompatible with parameter of type "unsigned char *"
                      return TcpRecordToHost(
mdFLOWDATA,type,sBuffer, 3);//发?图?录??
..\ER260_China\EOSCLCD\Computer.c(3550): warning:  #167-D: argument of type "char *" is incompatible with parameter of type "uint8_t *"
                  size = Read_Flow(sBuffer);
..\ER260_China\EOSCLCD\Computer.c(3598): warning:  #167-D: argument of type "char *" is incompatible with parameter of type "unsigned char *"
                      err_state = TcpRecordToHost(
mdFLOWDATA,type,sBuffer, size);//发?图?录??
..\ER260_China\EOSCLCD\Computer.c(3656): warning:  #167-D: argument of type "char *" is incompatible with parameter of type "unsigned char *"
  			TcpRecordToHost('P',type,sBuffer, size);
..\ER260_China\EOSCLCD\Computer.c(3669): warning:  #167-D: argument of type "char *" is incompatible with parameter of type "unsigned char *"
  				TcpRecordToHost('R',type,sBuffer, size); //jdb2018-06-20 ??印前发??????
..\ER260_China\EOSCLCD\Computer.c(3681): warning:  #167-D: argument of type "char *" is incompatible with parameter of type "unsigned char *"
  				TcpRecordToHost('R',type,sBuffer, size);
..\ER260_China\EOSCLCD\Computer.c(3773): warning:  #167-D: argument of type "char *" is incompatible with parameter of type "uint8_t *"
                          count = TcpPluReadZport(sBuffer + size);
..\ER260_China\EOSCLCD\Computer.c(3830): warning:  #167-D: argument of type "char *" is incompatible with parameter of type "uint8_t *"
                                  size += TcpReadZport(sBuffer + size);
..\ER260_China\EOSCLCD\Computer.c(3839): warning:  #167-D: argument of type "char *" is incompatible with parameter of type "uint8_t *"
                                  size += TcpReadZport(sBuffer + size);
..\ER260_China\EOSCLCD\Computer.c(3846): warning:  #167-D: argument of type "char *" is incompatible with parameter of type "uint8_t *"
                              size += TcpReadZport(sBuffer + size);
..\ER260_China\EOSCLCD\Computer.c(3888): warning:  #167-D: argument of type "char *" is incompatible with parameter of type "uint8_t *"
                              size += TcpReadZport(sBuffer + size);
..\ER260_China\EOSCLCD\Computer.c(3932): warning:  #167-D: argument of type "char *" is incompatible with parameter of type "uint8_t *"
                                  size += TcpReadZport(sBuffer + size);
..\ER260_China\EOSCLCD\Computer.c(3938): warning:  #167-D: argument of type "char *" is incompatible with parameter of type "uint8_t *"
                              size += TcpReadZport(sBuffer + size);
..\ER260_China\EOSCLCD\Computer.c(3983): warning:  #167-D: argument of type "char *" is incompatible with parameter of type "uint8_t *"
                                  size += TcpReadZport(sBuffer + size);
..\ER260_China\EOSCLCD\Computer.c(3989): warning:  #167-D: argument of type "char *" is incompatible with parameter of type "uint8_t *"
                              size += TcpReadZport(sBuffer + size);
..\ER260_China\EOSCLCD\Computer.c(4034): warning:  #167-D: argument of type "char *" is incompatible with parameter of type "uint8_t *"
                                  size += TcpReadZport(sBuffer + size);
..\ER260_China\EOSCLCD\Computer.c(4040): warning:  #167-D: argument of type "char *" is incompatible with parameter of type "uint8_t *"
                              size += TcpReadZport(sBuffer + size);
..\ER260_China\EOSCLCD\Computer.c(4085): warning:  #167-D: argument of type "char *" is incompatible with parameter of type "uint8_t *"
                                  size += TcpReadZport(sBuffer + size);
..\ER260_China\EOSCLCD\Computer.c(4091): warning:  #167-D: argument of type "char *" is incompatible with parameter of type "uint8_t *"
                              size += TcpReadZport(sBuffer + size);
..\ER260_China\EOSCLCD\Computer.c(4130): warning:  #167-D: argument of type "char *" is incompatible with parameter of type "uint8_t *"
                              size += TcpReadZport(sBuffer + size);
..\ER260_China\EOSCLCD\Computer.c(4143): warning:  #167-D: argument of type "char *" is incompatible with parameter of type "unsigned char *"
                  TcpRecordToHost('Z',type,sBuffer, size);
..\ER260_China\EOSCLCD\Computer.c(4569): warning:  #223-D: function "CheckUSB" declared implicitly
          if (CheckUSB() || USB_COMM_Ready())
..\ER260_China\EOSCLCD\Computer.c(4569): warning:  #223-D: function "USB_COMM_Ready" declared implicitly
          if (CheckUSB() || USB_COMM_Ready())
..\ER260_China\EOSCLCD\Computer.c(4570): warning:  #223-D: function "ReadUSB" declared implicitly
              if (ReadUSB(&bcc) && bcc==SOH)
..\ER260_China\EOSCLCD\Computer.c(4575): warning:  #223-D: function "SendUSB" declared implicitly
          SendUSB(NAK);//Error from host
..\ER260_China\EOSCLCD\Computer.c(4579): warning:  #223-D: function "SendUSB" declared implicitly
      SendUSB(ACK);//Send ACK to the host
..\ER260_China\EOSCLCD\Computer.c(4583): warning:  #223-D: function "CheckUSB" declared implicitly
          if (CheckUSB() || USB_COMM_Ready())
..\ER260_China\EOSCLCD\Computer.c(4583): warning:  #223-D: function "USB_COMM_Ready" declared implicitly
          if (CheckUSB() || USB_COMM_Ready())
..\ER260_China\EOSCLCD\Computer.c(4584): warning:  #223-D: function "ReadUSB" declared implicitly
              if (ReadUSB(&length))
..\ER260_China\EOSCLCD\Computer.c(4605): warning:  #223-D: function "CheckUSB" declared implicitly
          while (!CheckUSB())
..\ER260_China\EOSCLCD\Computer.c(4607): warning:  #223-D: function "USB_COMM_Ready" declared implicitly
              USB_COMM_Ready();
..\ER260_China\EOSCLCD\Computer.c(4609): warning:  #223-D: function "ReadUSB" declared implicitly
          ReadUSB(PCBuffer+i);
..\ER260_China\EOSCLCD\Computer.c(4565): warning:  #177-D: variable "j" was declared but never referenced
      ULONG i,j;
..\ER260_China\EOSCLCD\Computer.c(4639): warning:  #223-D: function "EmptyUSB" declared implicitly
      EmptyUSB();	/* empty port */
..\ER260_China\EOSCLCD\Computer.c(4642): warning:  #223-D: function "SendUSB" declared implicitly
          SendUSB(SOH); // "发??SOH 建立通?牛?"
..\ER260_China\EOSCLCD\Computer.c(4649): warning:  #223-D: function "CheckUSB" declared implicitly
                  if (CheckUSB() || USB_COMM_Ready())
..\ER260_China\EOSCLCD\Computer.c(4649): warning:  #223-D: function "USB_COMM_Ready" declared implicitly
                  if (CheckUSB() || USB_COMM_Ready())
..\ER260_China\EOSCLCD\Computer.c(4650): warning:  #223-D: function "ReadUSB" declared implicitly
                      if (ReadUSB(&sACK) && (sACK==ACK || sACK==NAK))
..\ER260_China\EOSCLCD\Computer.c(4667): warning:  #223-D: function "SendUSBString" declared implicitly
          SendUSBString(p,length+1); // Send the data..
..\ER260_China\EOSCLCD\Computer.c(4674): warning:  #223-D: function "CheckUSB" declared implicitly
              if (CheckUSB() || USB_COMM_Ready())
..\ER260_China\EOSCLCD\Computer.c(4674): warning:  #223-D: function "USB_COMM_Ready" declared implicitly
              if (CheckUSB() || USB_COMM_Ready())
..\ER260_China\EOSCLCD\Computer.c(4675): warning:  #223-D: function "ReadUSB" declared implicitly
                  if (ReadUSB(&sACK) && (sACK==ACK || sACK==NAK))
..\ER260_China\EOSCLCD\Computer.c: 112 warnings, 0 errors
linking...
Program Size: Code=243304 RO-data=28196 RW-data=776 ZI-data=115212  
FromELF: creating hex file...
After Build - User command #1: D:\keil4\ARM\ARMCC\bin\fromelf.exe --bin --output .\obj_STMF103\aER520UK_EN_DOTP.bin .\obj_STMF103\aER520UK_EN_DOTP.axf
".\obj_STMF103\aER520UK_EN_DOTP.axf" - 0 Error(s), 111 Warning(s).

<h2>Software Packages used:</h2>

Package Vendor: ARM
                http://www.keil.com/pack/ARM.CMSIS.4.5.0.pack
                ARM::CMSIS:CORE:4.3.0
                CMSIS (Cortex Microcontroller Software Interface Standard)
   * Component: CORE Version: 4.3.0

<h2>Collection of Component include folders:</h2>
  E:\ER520D\GIADA3000U\RTE
  D:\keil5\ARM\PACK\ARM\CMSIS\4.5.0\CMSIS\Include
  D:\keil5\ARM\PACK\Keil\STM32F1xx_DFP\2.0.0\Device\Include

<h2>Collection of Component Files used:</h2>

   * Component: ARM::CMSIS:CORE:4.3.0
Build Time Elapsed:  00:00:07
</pre>
</body>
</html>
